ggml_vulkan: Found 1 Vulkan devices:
ggml_vulkan: 0 = Intel(R) Iris(R) Xe Graphics (RPL-P) (Intel open-source Mesa driver) | uma: 1 | fp16: 1 | bf16: 0 | fp4: 0 | warp size: 32 | shared memory: 49152 | int dot: 1 | matrix cores: none | tier: 1 (fp16-integer-dot)
Testing 2 devices

Backend 1/2: Vulkan0
  Device description: Intel(R) Iris(R) Xe Graphics (RPL-P)
  Device memory: 23860 MB (21474 MB free)

ATTN_OVERRIDE mode=f32 m=512 n=64 k=32768 tile=64,64
  MUL_MAT(name=attention-32768-512-0,type=f32,ne=[512,64,1,1],op_params=[],sources=f16[32768,512,1,1],f32[32768,64,1,1]): [1;32mOK[0m
ATTN_OVERRIDE mode=f32 m=512 n=64 k=32768 tile=64,64
  MUL_MAT(name=attention-32768-512-10,type=f32,ne=[512,64,1,1],op_params=[0:10],sources=f16[32768,512,1,1],f32[32768,64,1,1]): [1;32mOK[0m
ATTN_OVERRIDE mode=f32 m=512 n=256 k=65536 tile=64,64
  MUL_MAT(name=attention-65536-512-0,type=f32,ne=[512,256,1,1],op_params=[],sources=f16[65536,512,1,1],f32[65536,256,1,1]): [1;32mOK[0m
ATTN_OVERRIDE mode=f32 m=512 n=256 k=65536 tile=64,64
  MUL_MAT(name=attention-65536-512-10,type=f32,ne=[512,256,1,1],op_params=[0:10],sources=f16[65536,512,1,1],f32[65536,256,1,1]): [1;32mOK[0m
ATTN_OVERRIDE mode=f32 m=65536 n=256 k=512 tile=64,64
  MUL_MAT(name=attention-512-65536-0,type=f32,ne=[65536,256,1,1],op_params=[],sources=f16[512,65536,1,1],f32[512,256,1,1]): [1;32mOK[0m
ATTN_OVERRIDE mode=f32 m=65536 n=256 k=512 tile=64,64
  MUL_MAT(name=attention-512-65536-10,type=f32,ne=[65536,256,1,1],op_params=[0:10],sources=f16[512,65536,1,1],f32[512,256,1,1]): [1;32mOK[0m
  6/6 tests passed
  Backend Vulkan0: [1;32mOK[0m
Backend 2/2: CPU
  Skipping
2/2 backends passed
[1;32mOK[0m
