true
true
FINISHED attention-native-controls true
{"label":"restore-0","device":"vulkan","wall_ms":515.0793670000003,"package_j":7.779949,"timings":{"restore_ms":507.344},"n_read":1091923940,"token_hash":null}
{"label":"tail-0","device":"vulkan","wall_ms":35923.786137999996,"package_j":933.122489,"timings":{"cache_n":64658,"prompt_n":1022,"prompt_ms":29365.263,"prompt_per_token_ms":28.733134050880626,"prompt_per_second":34.80302560205234,"predicted_n":21,"predicted_ms":6523.142,"predicted_per_token_ms":326.1571,"predicted_per_second":3.066007148089065},"token_hash":"4f53cda18c2baa0c0354bb5f9a3ecbe5ed12ab4d8e11ba873c2f11161202b945"}
FINISHED confirm64-0-base true
{"label":"restore-0","device":"vulkan","wall_ms":501.0975610000005,"package_j":7.642131,"timings":{"restore_ms":499.967},"n_read":1091923940,"token_hash":null}
{"label":"tail-0","device":"vulkan","wall_ms":34848.366681,"package_j":871.880947,"timings":{"cache_n":64658,"prompt_n":1022,"prompt_ms":28259.41,"prompt_per_token_ms":27.651086105675148,"prompt_per_second":36.164944703374914,"predicted_n":21,"predicted_ms":6552.455,"predicted_per_token_ms":327.62275,"predicted_per_second":3.0522910878441745},"token_hash":"4f53cda18c2baa0c0354bb5f9a3ecbe5ed12ab4d8e11ba873c2f11161202b945"}
FINISHED confirm64-1-f32 true
{"label":"restore-0","device":"vulkan","wall_ms":508.858518,"package_j":7.969156,"timings":{"restore_ms":507.635},"n_read":1091923940,"token_hash":null}
{"label":"tail-0","device":"vulkan","wall_ms":33634.609279,"package_j":864.681381,"timings":{"cache_n":64658,"prompt_n":1022,"prompt_ms":27159.212,"prompt_per_token_ms":26.574571428571428,"prompt_per_second":37.62995774693316,"predicted_n":21,"predicted_ms":6453.277,"predicted_per_token_ms":322.66385,"predicted_per_second":3.0992006076912553},"token_hash":"4f53cda18c2baa0c0354bb5f9a3ecbe5ed12ab4d8e11ba873c2f11161202b945"}
FINISHED confirm64-2-f32 true
{"label":"restore-0","device":"vulkan","wall_ms":535.0061740000001,"package_j":8.276163,"timings":{"restore_ms":510.062},"n_read":1091923940,"token_hash":null}
{"label":"tail-0","device":"vulkan","wall_ms":36315.945886,"package_j":928.902713,"timings":{"cache_n":64658,"prompt_n":1022,"prompt_ms":29727.894,"prompt_per_token_ms":29.087958904109588,"prompt_per_second":34.3784864141402,"predicted_n":21,"predicted_ms":6556.637,"predicted_per_token_ms":327.83185,"predicted_per_second":3.0503442542266717},"token_hash":"4f53cda18c2baa0c0354bb5f9a3ecbe5ed12ab4d8e11ba873c2f11161202b945"}
FINISHED confirm64-3-base true
{"label":"restore-0","device":"vulkan","wall_ms":507.208568,"package_j":8.149271,"timings":{"restore_ms":505.709},"n_read":1091923940,"token_hash":null}
{"label":"tail-0","device":"vulkan","wall_ms":34019.624765,"package_j":866.351115,"timings":{"cache_n":64658,"prompt_n":1022,"prompt_ms":27484.284,"prompt_per_token_ms":26.892645792563602,"prompt_per_second":37.18488718862023,"predicted_n":21,"predicted_ms":6508.982,"predicted_per_token_ms":325.4491,"predicted_per_second":3.0726771098767824},"token_hash":"4f53cda18c2baa0c0354bb5f9a3ecbe5ed12ab4d8e11ba873c2f11161202b945"}
FINISHED confirm64-4-f32 true
{"label":"restore-0","device":"vulkan","wall_ms":530.1237469999996,"package_j":8.010539,"timings":{"restore_ms":528.53},"n_read":1091923940,"token_hash":null}
{"label":"tail-0","device":"vulkan","wall_ms":36975.82419,"package_j":931.278438,"timings":{"cache_n":64658,"prompt_n":1022,"prompt_ms":30396.036,"prompt_per_token_ms":29.74171819960861,"prompt_per_second":33.622805289479196,"predicted_n":21,"predicted_ms":6551.599,"predicted_per_token_ms":327.57995,"predicted_per_second":3.052689885324178},"token_hash":"4f53cda18c2baa0c0354bb5f9a3ecbe5ed12ab4d8e11ba873c2f11161202b945"}
FINISHED confirm64-5-base true
{"label":"restore-0","device":"vulkan","wall_ms":539.2101699999994,"package_j":8.044596,"timings":{"restore_ms":537.497},"n_read":1091923940,"token_hash":null}
{"label":"tail-0","device":"vulkan","wall_ms":36460.737177,"package_j":936.772809,"timings":{"cache_n":64658,"prompt_n":1022,"prompt_ms":29897.264,"prompt_per_token_ms":29.253682974559688,"prompt_per_second":34.183729989473285,"predicted_n":21,"predicted_ms":6533.991,"predicted_per_token_ms":326.69955,"predicted_per_second":3.060916367959491},"token_hash":"4f53cda18c2baa0c0354bb5f9a3ecbe5ed12ab4d8e11ba873c2f11161202b945"}
FINISHED confirm64-6-base true
{"label":"restore-0","device":"vulkan","wall_ms":543.5499829999999,"package_j":7.980204,"timings":{"restore_ms":542.163},"n_read":1091923940,"token_hash":null}
{"label":"tail-0","device":"vulkan","wall_ms":33926.907877000005,"package_j":868.655064,"timings":{"cache_n":64658,"prompt_n":1022,"prompt_ms":27309.834,"prompt_per_token_ms":26.721951076320938,"prompt_per_second":37.42241714101961,"predicted_n":21,"predicted_ms":6584.883,"predicted_per_token_ms":329.24415,"predicted_per_second":3.0372597356703226},"token_hash":"4f53cda18c2baa0c0354bb5f9a3ecbe5ed12ab4d8e11ba873c2f11161202b945"}
FINISHED confirm64-7-f32 true
