PASS speech state
true
{"label":"restore","device":"cpu","wall_ms":516.798863,"package_j":8.754922,"timings":{"restore_ms":515.276},"n_read":1091923924,"token_hash":null}
{"label":"decode","device":"cpu","wall_ms":15457.930031999998,"package_j":536.294769,"timings":{"cache_n":64658,"prompt_n":25,"prompt_ms":1504.458,"prompt_per_token_ms":60.17832000000001,"prompt_per_second":16.617280110179212,"predicted_n":128,"predicted_ms":13924.482,"predicted_per_token_ms":108.785015625,"predicted_per_second":9.192442490858905,"draft_n":110,"draft_n_accepted":90},"token_hash":"f1d732cd11275a7e3f7983977021320bb5ccda11b553e3d15e274fc5c42abce0"}
FINISHED confirm-0-mode0 true
{"label":"restore","device":"cpu","wall_ms":503.7716139999993,"package_j":7.96281,"timings":{"restore_ms":502.544},"n_read":1091923924,"token_hash":null}
{"label":"decode","device":"cpu","wall_ms":15212.493981,"package_j":526.996698,"timings":{"cache_n":64658,"prompt_n":25,"prompt_ms":1547.162,"prompt_per_token_ms":61.88648,"prompt_per_second":16.15861816668196,"predicted_n":128,"predicted_ms":13640.601,"predicted_per_token_ms":106.5671953125,"predicted_per_second":9.383750759955518,"draft_n":110,"draft_n_accepted":90},"token_hash":"f1d732cd11275a7e3f7983977021320bb5ccda11b553e3d15e274fc5c42abce0"}
FINISHED confirm-1-mode1 true
{"label":"restore","device":"cpu","wall_ms":517.5351849999997,"package_j":7.813701,"timings":{"restore_ms":515.858},"n_read":1091923924,"token_hash":null}
{"label":"decode","device":"cpu","wall_ms":15485.942769000001,"package_j":534.675633,"timings":{"cache_n":64658,"prompt_n":25,"prompt_ms":1608.498,"prompt_per_token_ms":64.33992,"prompt_per_second":15.54245016157931,"predicted_n":128,"predicted_ms":13846.47,"predicted_per_token_ms":108.175546875,"predicted_per_second":9.244233367782547,"draft_n":110,"draft_n_accepted":90},"token_hash":"f1d732cd11275a7e3f7983977021320bb5ccda11b553e3d15e274fc5c42abce0"}
FINISHED confirm-2-mode1 true
{"label":"restore","device":"cpu","wall_ms":540.9482149999994,"package_j":8.38627,"timings":{"restore_ms":539.769},"n_read":1091923924,"token_hash":null}
{"label":"decode","device":"cpu","wall_ms":15669.932437999998,"package_j":544.795786,"timings":{"cache_n":64658,"prompt_n":25,"prompt_ms":1624.391,"prompt_per_token_ms":64.97564,"prompt_per_second":15.390383226698498,"predicted_n":128,"predicted_ms":13875.411,"predicted_per_token_ms":108.4016484375,"predicted_per_second":9.224951967188575,"draft_n":110,"draft_n_accepted":90},"token_hash":"f1d732cd11275a7e3f7983977021320bb5ccda11b553e3d15e274fc5c42abce0"}
FINISHED confirm-3-mode0 true
{"label":"restore","device":"cpu","wall_ms":555.4048740000007,"package_j":8.312174,"timings":{"restore_ms":553.493},"n_read":1091923924,"token_hash":null}
{"label":"decode","device":"cpu","wall_ms":15475.019446,"package_j":533.295571,"timings":{"cache_n":64658,"prompt_n":25,"prompt_ms":1521.212,"prompt_per_token_ms":60.84848,"prompt_per_second":16.4342642577103,"predicted_n":128,"predicted_ms":13920.584,"predicted_per_token_ms":108.7545625,"predicted_per_second":9.195016530915657,"draft_n":110,"draft_n_accepted":90},"token_hash":"f1d732cd11275a7e3f7983977021320bb5ccda11b553e3d15e274fc5c42abce0"}
FINISHED confirm-4-mode1 true
{"label":"restore","device":"cpu","wall_ms":520.1359979999997,"package_j":7.775859,"timings":{"restore_ms":518.892},"n_read":1091923924,"token_hash":null}
{"label":"decode","device":"cpu","wall_ms":15298.852973999998,"package_j":537.886868,"timings":{"cache_n":64658,"prompt_n":25,"prompt_ms":1458.27,"prompt_per_token_ms":58.330799999999996,"prompt_per_second":17.143601664986594,"predicted_n":128,"predicted_ms":13817.407,"predicted_per_token_ms":107.9484921875,"predicted_per_second":9.263677331065084,"draft_n":110,"draft_n_accepted":90},"token_hash":"f1d732cd11275a7e3f7983977021320bb5ccda11b553e3d15e274fc5c42abce0"}
FINISHED confirm-5-mode0 true
{"label":"restore","device":"cpu","wall_ms":517.1129840000003,"package_j":7.918071,"timings":{"restore_ms":515.509},"n_read":1091923924,"token_hash":null}
{"label":"decode","device":"cpu","wall_ms":15763.701258999998,"package_j":548.815916,"timings":{"cache_n":64658,"prompt_n":25,"prompt_ms":1551.278,"prompt_per_token_ms":62.05112,"prompt_per_second":16.115744566737877,"predicted_n":128,"predicted_ms":14094.474,"predicted_per_token_ms":110.113078125,"predicted_per_second":9.0815733882655,"draft_n":110,"draft_n_accepted":90},"token_hash":"f1d732cd11275a7e3f7983977021320bb5ccda11b553e3d15e274fc5c42abce0"}
FINISHED confirm-6-mode0 true
{"label":"restore","device":"cpu","wall_ms":518.0230110000002,"package_j":7.932353,"timings":{"restore_ms":516.133},"n_read":1091923924,"token_hash":null}
{"label":"decode","device":"cpu","wall_ms":15333.162921,"package_j":534.319677,"timings":{"cache_n":64658,"prompt_n":25,"prompt_ms":1552.689,"prompt_per_token_ms":62.10756000000001,"prompt_per_second":16.10109944747467,"predicted_n":128,"predicted_ms":13759.626,"predicted_per_token_ms":107.497078125,"predicted_per_second":9.302578427640402,"draft_n":110,"draft_n_accepted":90},"token_hash":"f1d732cd11275a7e3f7983977021320bb5ccda11b553e3d15e274fc5c42abce0"}
FINISHED confirm-7-mode1 true
