true
true
{"label":"restore","device":"vulkan","wall_ms":501.30159100000037,"package_j":7.425823,"timings":{"restore_ms":474.206},"n_read":1091923940,"token_hash":null}
{"label":"tail","device":"vulkan","wall_ms":34174.29266,"package_j":859.617429,"timings":{"cache_n":64658,"prompt_n":1022,"prompt_ms":27649.652,"prompt_per_token_ms":27.054454011741683,"prompt_per_second":36.9624905224847,"predicted_n":21,"predicted_ms":6493.72,"predicted_per_token_ms":324.68600000000004,"predicted_per_second":3.079898732929661},"token_hash":"4f53cda18c2baa0c0354bb5f9a3ecbe5ed12ab4d8e11ba873c2f11161202b945"}
FINISHED measure-0-256 true
{"label":"restore","device":"vulkan","wall_ms":524.3321999999998,"package_j":7.48222,"timings":{"restore_ms":522.541},"n_read":1091923940,"token_hash":null}
{"label":"tail","device":"vulkan","wall_ms":31905.595448999997,"package_j":838.356557,"timings":{"cache_n":64658,"prompt_n":1022,"prompt_ms":25423.358,"prompt_per_token_ms":24.876084148727983,"prompt_per_second":40.19925298617122,"predicted_n":21,"predicted_ms":6449.819,"predicted_per_token_ms":322.49095,"predicted_per_second":3.1008622102418686},"token_hash":"4f53cda18c2baa0c0354bb5f9a3ecbe5ed12ab4d8e11ba873c2f11161202b945"}
FINISHED measure-1-1024 true
{"label":"restore","device":"vulkan","wall_ms":533.3420420000002,"package_j":7.534527,"timings":{"restore_ms":531.829},"n_read":1091923940,"token_hash":null}
{"label":"tail","device":"vulkan","wall_ms":31609.162408,"package_j":840.480758,"timings":{"cache_n":64658,"prompt_n":1022,"prompt_ms":25221.719,"prompt_per_token_ms":24.678785714285716,"prompt_per_second":40.52063223763614,"predicted_n":21,"predicted_ms":6356.54,"predicted_per_token_ms":317.827,"predicted_per_second":3.1463657901940363},"token_hash":"4f53cda18c2baa0c0354bb5f9a3ecbe5ed12ab4d8e11ba873c2f11161202b945"}
FINISHED measure-2-1024 true
{"label":"restore","device":"vulkan","wall_ms":532.9227810000002,"package_j":7.440838,"timings":{"restore_ms":509.82},"n_read":1091923940,"token_hash":null}
{"label":"tail","device":"vulkan","wall_ms":33691.864514,"package_j":861.557914,"timings":{"cache_n":64658,"prompt_n":1022,"prompt_ms":27142.045,"prompt_per_token_ms":26.55777397260274,"prompt_per_second":37.65375821902882,"predicted_n":21,"predicted_ms":6522.802,"predicted_per_token_ms":326.14009999999996,"predicted_per_second":3.066166963216115},"token_hash":"4f53cda18c2baa0c0354bb5f9a3ecbe5ed12ab4d8e11ba873c2f11161202b945"}
FINISHED measure-3-256 true
{"label":"restore","device":"vulkan","wall_ms":477.4874,"package_j":7.434185,"timings":{"restore_ms":476.281},"n_read":1091923940,"token_hash":null}
{"label":"tail","device":"vulkan","wall_ms":32750.995784000002,"package_j":846.421295,"timings":{"cache_n":64658,"prompt_n":1022,"prompt_ms":26300.656,"prompt_per_token_ms":25.734497064579255,"prompt_per_second":38.858346346950434,"predicted_n":21,"predicted_ms":6419.561,"predicted_per_token_ms":320.97805,"predicted_per_second":3.115477834076193},"token_hash":"4f53cda18c2baa0c0354bb5f9a3ecbe5ed12ab4d8e11ba873c2f11161202b945"}
FINISHED measure-4-1024 true
{"label":"restore","device":"vulkan","wall_ms":539.9743579999995,"package_j":7.478375,"timings":{"restore_ms":538.377},"n_read":1091923940,"token_hash":null}
{"label":"tail","device":"vulkan","wall_ms":33942.206939,"package_j":862.343679,"timings":{"cache_n":64658,"prompt_n":1022,"prompt_ms":27277.625,"prompt_per_token_ms":26.69043542074364,"prompt_per_second":37.46660495552674,"predicted_n":21,"predicted_ms":6635.009,"predicted_per_token_ms":331.75045,"predicted_per_second":3.0143139218047783},"token_hash":"4f53cda18c2baa0c0354bb5f9a3ecbe5ed12ab4d8e11ba873c2f11161202b945"}
FINISHED measure-5-256 true
{"label":"restore","device":"vulkan","wall_ms":528.7484420000001,"package_j":7.492718,"timings":{"restore_ms":527.436},"n_read":1091923940,"token_hash":null}
{"label":"tail","device":"vulkan","wall_ms":33842.80598999999,"package_j":866.052837,"timings":{"cache_n":64658,"prompt_n":1022,"prompt_ms":27242.502,"prompt_per_token_ms":26.656068493150684,"prompt_per_second":37.51490960705444,"predicted_n":21,"predicted_ms":6561.965,"predicted_per_token_ms":328.09825,"predicted_per_second":3.047867521390315},"token_hash":"4f53cda18c2baa0c0354bb5f9a3ecbe5ed12ab4d8e11ba873c2f11161202b945"}
FINISHED measure-6-256 true
{"label":"restore","device":"vulkan","wall_ms":493.53118600000016,"package_j":7.768474,"timings":{"restore_ms":492.026},"n_read":1091923940,"token_hash":null}
{"label":"tail","device":"vulkan","wall_ms":30742.510604,"package_j":837.231866,"timings":{"cache_n":64658,"prompt_n":1022,"prompt_ms":24212.227,"prompt_per_token_ms":23.69102446183953,"prompt_per_second":42.210078403775086,"predicted_n":21,"predicted_ms":6499.837,"predicted_per_token_ms":324.99185,"predicted_per_second":3.0770002386213684},"token_hash":"4f53cda18c2baa0c0354bb5f9a3ecbe5ed12ab4d8e11ba873c2f11161202b945"}
{"label":"final-save","device":"vulkan","wall_ms":7710.8052339999995,"package_j":68.090219,"timings":{"save_ms":7686.961},"n_written":1108947140,"token_hash":null}
FINISHED measure-7-1024 true
