true
true
{"label":"restore-0","device":"cpu","wall_ms":536.0933029999997,"package_j":9.252662,"timings":{"restore_ms":535.348},"n_read":1091923924,"token_hash":null}
{"label":"decode-0","device":"cpu","wall_ms":33188.384025,"package_j":1232.682696,"timings":{"cache_n":64658,"prompt_n":25,"prompt_ms":4018.579,"prompt_per_token_ms":160.74316000000002,"prompt_per_second":6.221104524758627,"predicted_n":128,"predicted_ms":29091.847,"predicted_per_token_ms":227.2800546875,"predicted_per_second":4.399858145823467,"draft_n":110,"draft_n_accepted":90},"token_hash":"f1d732cd11275a7e3f7983977021320bb5ccda11b553e3d15e274fc5c42abce0"}
FINISHED confirm64-on-patched-default-0 true
{"label":"restore-0","device":"cpu","wall_ms":521.0882320000001,"package_j":8.729287,"timings":{"restore_ms":519.932},"n_read":1091923924,"token_hash":null}
{"label":"decode-0","device":"cpu","wall_ms":30499.046876,"package_j":1140.82435,"timings":{"cache_n":64658,"prompt_n":25,"prompt_ms":3528.055,"prompt_per_token_ms":141.1222,"prompt_per_second":7.086057331872661,"predicted_n":128,"predicted_ms":26942.648,"predicted_per_token_ms":210.4894375,"predicted_per_second":4.750832212186419,"draft_n":110,"draft_n_accepted":90},"token_hash":"f1d732cd11275a7e3f7983977021320bb5ccda11b553e3d15e274fc5c42abce0"}
FINISHED confirm64-on-fused-1 true
{"label":"restore-0","device":"cpu","wall_ms":515.146474000001,"package_j":8.715676,"timings":{"restore_ms":514.239},"n_read":1091923924,"token_hash":null}
{"label":"decode-0","device":"cpu","wall_ms":30281.659408,"package_j":1142.473211,"timings":{"cache_n":64658,"prompt_n":25,"prompt_ms":3375.47,"prompt_per_token_ms":135.0188,"prompt_per_second":7.406376000971717,"predicted_n":128,"predicted_ms":26887.378,"predicted_per_token_ms":210.057640625,"predicted_per_second":4.760598076911776,"draft_n":110,"draft_n_accepted":90},"token_hash":"f1d732cd11275a7e3f7983977021320bb5ccda11b553e3d15e274fc5c42abce0"}
FINISHED confirm64-on-fused-2 true
{"label":"restore-0","device":"cpu","wall_ms":530.169256000001,"package_j":8.540078,"timings":{"restore_ms":527.693},"n_read":1091923924,"token_hash":null}
{"label":"decode-0","device":"cpu","wall_ms":33848.144511000006,"package_j":1264.182677,"timings":{"cache_n":64658,"prompt_n":25,"prompt_ms":4031.709,"prompt_per_token_ms":161.26836,"prompt_per_second":6.200844356574346,"predicted_n":128,"predicted_ms":29746.312,"predicted_per_token_ms":232.3930625,"predicted_per_second":4.303054442513747,"draft_n":110,"draft_n_accepted":90},"token_hash":"f1d732cd11275a7e3f7983977021320bb5ccda11b553e3d15e274fc5c42abce0"}
FINISHED confirm64-on-patched-default-3 true
{"label":"restore-0","device":"cpu","wall_ms":537.54918,"package_j":9.252052,"timings":{"restore_ms":536.557},"n_read":1091923924,"token_hash":null}
{"label":"decode-0","device":"cpu","wall_ms":30687.998531000005,"package_j":1157.940822,"timings":{"cache_n":64658,"prompt_n":25,"prompt_ms":3574.935,"prompt_per_token_ms":142.9974,"prompt_per_second":6.993134140900464,"predicted_n":128,"predicted_ms":27091.027,"predicted_per_token_ms":211.6486484375,"predicted_per_second":4.7248116507358695,"draft_n":110,"draft_n_accepted":90},"token_hash":"f1d732cd11275a7e3f7983977021320bb5ccda11b553e3d15e274fc5c42abce0"}
FINISHED confirm64-on-fused-4 true
{"label":"restore-0","device":"cpu","wall_ms":535.2474149999998,"package_j":9.576147,"timings":{"restore_ms":534.307},"n_read":1091923924,"token_hash":null}
{"label":"decode-0","device":"cpu","wall_ms":34532.813657,"package_j":1279.059653,"timings":{"cache_n":64658,"prompt_n":25,"prompt_ms":4073.295,"prompt_per_token_ms":162.9318,"prompt_per_second":6.137537300882946,"predicted_n":128,"predicted_ms":30440.098,"predicted_per_token_ms":237.813265625,"predicted_per_second":4.204979891983265,"draft_n":110,"draft_n_accepted":90},"token_hash":"f1d732cd11275a7e3f7983977021320bb5ccda11b553e3d15e274fc5c42abce0"}
FINISHED confirm64-on-patched-default-5 true
{"label":"restore-0","device":"cpu","wall_ms":520.6358309999996,"package_j":8.748085,"timings":{"restore_ms":519.672},"n_read":1091923924,"token_hash":null}
{"label":"decode-0","device":"cpu","wall_ms":33832.777027,"package_j":1266.213433,"timings":{"cache_n":64658,"prompt_n":25,"prompt_ms":3974.104,"prompt_per_token_ms":158.96416,"prompt_per_second":6.290726161167398,"predicted_n":128,"predicted_ms":29779.241,"predicted_per_token_ms":232.6503203125,"predicted_per_second":4.298296252748685,"draft_n":110,"draft_n_accepted":90},"token_hash":"f1d732cd11275a7e3f7983977021320bb5ccda11b553e3d15e274fc5c42abce0"}
FINISHED confirm64-on-patched-default-6 true
{"label":"restore-0","device":"cpu","wall_ms":531.5429029999996,"package_j":8.595132,"timings":{"restore_ms":529.257},"n_read":1091923924,"token_hash":null}
{"label":"decode-0","device":"cpu","wall_ms":31298.501422,"package_j":1170.513666,"timings":{"cache_n":64658,"prompt_n":25,"prompt_ms":3446.503,"prompt_per_token_ms":137.86012,"prompt_per_second":7.253729359875792,"predicted_n":128,"predicted_ms":27774.005,"predicted_per_token_ms":216.9844140625,"predicted_per_second":4.608625943575657,"draft_n":110,"draft_n_accepted":90},"token_hash":"f1d732cd11275a7e3f7983977021320bb5ccda11b553e3d15e274fc5c42abce0"}
FINISHED confirm64-on-fused-7 true
