GGML_CPU_WHOLE_TOKEN_PROFILE kind=op name=ADD family=other calls=432 wall_us=4805 active_thread_us=33878 capacity_us=38440 logical_read_bytes=1763868672 logical_write_bytes=217202688
GGML_CPU_WHOLE_TOKEN_PROFILE kind=op name=MUL family=other calls=48 wall_us=19415 active_thread_us=154711 capacity_us=155320 logical_read_bytes=193163328 logical_write_bytes=193069056
GGML_CPU_WHOLE_TOKEN_PROFILE kind=op name=DIV family=other calls=48 wall_us=88 active_thread_us=361 capacity_us=704 logical_read_bytes=106056 logical_write_bytes=94272
GGML_CPU_WHOLE_TOKEN_PROFILE kind=op name=SUM_ROWS family=other calls=48 wall_us=77 active_thread_us=102 capacity_us=616 logical_read_bytes=94272 logical_write_bytes=11784
GGML_CPU_WHOLE_TOKEN_PROFILE kind=op name=RMS_NORM family=other calls=194 wall_us=4513 active_thread_us=30949 capacity_us=36104 logical_read_bytes=80773120 logical_write_bytes=80773120
GGML_CPU_WHOLE_TOKEN_PROFILE kind=op name=MUL_MAT family=matrix calls=242 wall_us=392743 active_thread_us=3136338 capacity_us=3141944 logical_read_bytes=2844557312 logical_write_bytes=67146752
GGML_CPU_WHOLE_TOKEN_PROFILE kind=op name=MUL_MAT_ID family=matrix calls=144 wall_us=1251240 active_thread_us=10005618 capacity_us=10009920 logical_read_bytes=10071108096 logical_write_bytes=289603584
GGML_CPU_WHOLE_TOKEN_PROFILE kind=op name=GET_ROWS family=other calls=54 wall_us=390 active_thread_us=1434 capacity_us=3120 logical_read_bytes=2497402896 logical_write_bytes=1175616
GGML_CPU_WHOLE_TOKEN_PROFILE kind=op name=SET_ROWS family=copy calls=96 wall_us=291 active_thread_us=1494 capacity_us=2328 logical_read_bytes=37797888 logical_write_bytes=25165824
GGML_CPU_WHOLE_TOKEN_PROFILE kind=op name=SOFT_MAX family=attention calls=48 wall_us=332 active_thread_us=2194 capacity_us=2656 logical_read_bytes=3016704 logical_write_bytes=3016704
GGML_CPU_WHOLE_TOKEN_PROFILE kind=op name=ROPE family=attention calls=72 wall_us=1161 active_thread_us=7989 capacity_us=9288 logical_read_bytes=23611392 logical_write_bytes=23592960
GGML_CPU_WHOLE_TOKEN_PROFILE kind=op name=CLAMP family=other calls=144 wall_us=2147 active_thread_us=15060 capacity_us=17176 logical_read_bytes=96546312 logical_write_bytes=96546312
GGML_CPU_WHOLE_TOKEN_PROFILE kind=op name=ARGSORT family=other calls=48 wall_us=4069 active_thread_us=31435 capacity_us=32552 logical_read_bytes=3016704 logical_write_bytes=3016704
GGML_CPU_WHOLE_TOKEN_PROFILE kind=op name=FLASH_ATTN_EXT family=attention calls=48 wall_us=17013 active_thread_us=132779 capacity_us=136104 logical_read_bytes=51904512 logical_write_bytes=25165824
GGML_CPU_WHOLE_TOKEN_PROFILE kind=op name=GLU family=other calls=48 wall_us=1602 active_thread_us=12208 capacity_us=12816 logical_read_bytes=96534528 logical_write_bytes=48267264
GGML_CPU_WHOLE_TOKEN_PROFILE kind=family name=matrix calls=386 wall_us=1643983 active_thread_us=13141956 capacity_us=13151864 idle_or_sync_us=9908 logical_read_bytes=12915665408 logical_write_bytes=356750336
GGML_CPU_WHOLE_TOKEN_PROFILE kind=family name=attention calls=168 wall_us=18506 active_thread_us=142962 capacity_us=148048 idle_or_sync_us=5086 logical_read_bytes=78532608 logical_write_bytes=51775488
GGML_CPU_WHOLE_TOKEN_PROFILE kind=family name=copy calls=96 wall_us=291 active_thread_us=1494 capacity_us=2328 idle_or_sync_us=834 logical_read_bytes=37797888 logical_write_bytes=25165824
GGML_CPU_WHOLE_TOKEN_PROFILE kind=family name=other calls=1064 wall_us=37106 active_thread_us=280138 capacity_us=296848 idle_or_sync_us=16710 logical_read_bytes=4731505888 logical_write_bytes=640156816
GGML_CPU_WHOLE_TOKEN_PROFILE kind=total graphs=2 graph_us=1700174 node_wall_us=1699886 active_thread_us=13566550 capacity_us=13599088 idle_or_sync_us=32538 logical_read_bytes=17763501792 logical_write_bytes=1073848464
