Testing 1 devices

Backend 1/1: CPU
  Device description: 13th Gen Intel(R) Core(TM) i5-1340P
  Device memory: 31814 MB (31814 MB free)

  MUL_MAT(name=pair-512-32768-1,type=f32,ne=[32768,1,8,1],op_params=[],sources=f16[512,32768,2,1],f32[512,1,8,1]): ATTN4_TILE m=32768 n=4 k=512 tile=2x4 threads=8
ATTN4_TILE m=32768 n=4 k=512 tile=2x4 threads=8
ATTN4_TILE m=32768 n=4 k=512 tile=2x4 threads=8
ATTN4_TILE m=32768 n=4 k=512 tile=2x4 threads=8
ATTN4_TILE m=32768 n=4 k=512 tile=2x4 threads=8
ATTN4_TILE m=32768 n=4 k=512 tile=2x4 threads=8
ATTN4_TILE m=32768 n=4 k=512 tile=2x4 threads=8
ATTN4_TILE m=32768 n=4 k=512 tile=2x4 threads=8
[1;32mOK[0m
  MUL_MAT(name=pair-512-32768-4,type=f32,ne=[32768,4,8,1],op_params=[],sources=f16[512,32768,2,1],f32[512,4,8,1]): [1;32mOK[0m
  MUL_MAT(name=pair-512-65536-1,type=f32,ne=[65536,1,8,1],op_params=[],sources=f16[512,65536,2,1],f32[512,1,8,1]): ATTN4_TILE m=65536 n=4 k=512 tile=2x4 threads=8
ATTN4_TILE m=65536 n=4 k=512 tile=2x4 threads=8
ATTN4_TILE m=65536 n=4 k=512 tile=2x4 threads=8
ATTN4_TILE m=65536 n=4 k=512 tile=2x4 threads=8
ATTN4_TILE m=65536 n=4 k=512 tile=2x4 threads=8
ATTN4_TILE m=65536 n=4 k=512 tile=2x4 threads=8
ATTN4_TILE m=65536 n=4 k=512 tile=2x4 threads=8
ATTN4_TILE m=65536 n=4 k=512 tile=2x4 threads=8
[1;32mOK[0m
  MUL_MAT(name=pair-512-65536-4,type=f32,ne=[65536,4,8,1],op_params=[],sources=f16[512,65536,2,1],f32[512,4,8,1]): [1;32mOK[0m
  MUL_MAT(name=pair-32768-512-1,type=f32,ne=[512,1,8,1],op_params=[],sources=f16[32768,512,2,1],f32[32768,1,8,1]): ATTN4_TILE m=512 n=4 k=32768 tile=2x4 threads=8
ATTN4_TILE m=512 n=4 k=32768 tile=2x4 threads=8
ATTN4_TILE m=512 n=4 k=32768 tile=2x4 threads=8
ATTN4_TILE m=512 n=4 k=32768 tile=2x4 threads=8
ATTN4_TILE m=512 n=4 k=32768 tile=2x4 threads=8
ATTN4_TILE m=512 n=4 k=32768 tile=2x4 threads=8
ATTN4_TILE m=512 n=4 k=32768 tile=2x4 threads=8
ATTN4_TILE m=512 n=4 k=32768 tile=2x4 threads=8
[1;32mOK[0m
  MUL_MAT(name=pair-32768-512-4,type=f32,ne=[512,4,8,1],op_params=[],sources=f16[32768,512,2,1],f32[32768,4,8,1]): [1;32mOK[0m
  MUL_MAT(name=pair-65536-512-1,type=f32,ne=[512,1,8,1],op_params=[],sources=f16[65536,512,2,1],f32[65536,1,8,1]): ATTN4_TILE m=512 n=4 k=65536 tile=2x4 threads=8
ATTN4_TILE m=512 n=4 k=65536 tile=2x4 threads=8
ATTN4_TILE m=512 n=4 k=65536 tile=2x4 threads=8
ATTN4_TILE m=512 n=4 k=65536 tile=2x4 threads=8
ATTN4_TILE m=512 n=4 k=65536 tile=2x4 threads=8
ATTN4_TILE m=512 n=4 k=65536 tile=2x4 threads=8
ATTN4_TILE m=512 n=4 k=65536 tile=2x4 threads=8
ATTN4_TILE m=512 n=4 k=65536 tile=2x4 threads=8
[1;32mOK[0m
  MUL_MAT(name=pair-65536-512-4,type=f32,ne=[512,4,8,1],op_params=[],sources=f16[65536,512,2,1],f32[65536,4,8,1]): [1;32mOK[0m
  8/8 tests passed
  Backend CPU: [1;32mOK[0m
1/1 backends passed
[1;32mOK[0m
