Testing 1 devices

Backend 1/1: CPU
  Device description: 13th Gen Intel(R) Core(TM) i5-1340P
  Device memory: 31814 MB (31814 MB free)

  MUL_MAT(name=q4-256-2560-4-0,type=f32,ne=[2560,4,1,1],op_params=[],sources=q4_0[256,2560,1,1],f32[256,4,1,1]): [1;32mOK[0m
  MUL_MAT(name=q4-2560-256-4-0,type=f32,ne=[256,4,1,1],op_params=[],sources=q4_0[2560,256,1,1],f32[2560,4,1,1]): [1;32mOK[0m
  MUL_MAT(name=q4-10240-2560-4-0,type=f32,ne=[2560,4,1,1],op_params=[],sources=q4_0[10240,2560,1,1],f32[10240,4,1,1]): [1;32mOK[0m
  MUL_MAT(name=q4-2560-10240-4-0,type=f32,ne=[10240,4,1,1],op_params=[],sources=q4_0[2560,10240,1,1],f32[2560,4,1,1]): [1;32mOK[0m
  MUL_MAT(name=q4-4096-2560-4-0,type=f32,ne=[2560,4,1,1],op_params=[],sources=q4_0[4096,2560,1,1],f32[4096,4,1,1]): [1;32mOK[0m
  MUL_MAT(name=q4-2560-4096-4-0,type=f32,ne=[4096,4,1,1],op_params=[],sources=q4_0[2560,4096,1,1],f32[2560,4,1,1]): [1;32mOK[0m
  MUL_MAT(name=q4-2048-2560-4-0,type=f32,ne=[2560,4,1,1],op_params=[],sources=q4_0[2048,2560,1,1],f32[2048,4,1,1]): [1;32mOK[0m
  MUL_MAT(name=q4-2560-2048-4-0,type=f32,ne=[2048,4,1,1],op_params=[],sources=q4_0[2560,2048,1,1],f32[2560,4,1,1]): [1;32mOK[0m
  MUL_MAT(name=q4-2560-512-4-0,type=f32,ne=[512,4,1,1],op_params=[],sources=q4_0[2560,512,1,1],f32[2560,4,1,1]): [1;32mOK[0m
  MUL_MAT(name=q4-2560-1024-4-0,type=f32,ne=[1024,4,1,1],op_params=[],sources=q4_0[2560,1024,1,1],f32[2560,4,1,1]): [1;32mOK[0m
  MUL_MAT(name=q4-2560-2560-1-0,type=f32,ne=[2560,1,1,1],op_params=[],sources=q4_0[2560,2560,1,1],f32[2560,1,1,1]): [1;32mOK[0m
  MUL_MAT(name=q4-2560-2560-3-0,type=f32,ne=[2560,3,1,1],op_params=[],sources=q4_0[2560,2560,1,1],f32[2560,3,1,1]): [1;32mOK[0m
  MUL_MAT(name=q4-2560-2560-5-0,type=f32,ne=[2560,5,1,1],op_params=[],sources=q4_0[2560,2560,1,1],f32[2560,5,1,1]): [1;32mOK[0m
  MUL_MAT(name=q4-2560-2-4-0,type=f32,ne=[2,4,1,1],op_params=[],sources=q4_0[2560,2,1,1],f32[2560,4,1,1]): [1;32mOK[0m
  MUL_MAT(name=q4-2560-5-4-0,type=f32,ne=[5,4,1,1],op_params=[],sources=q4_0[2560,5,1,1],f32[2560,4,1,1]): [1;32mOK[0m
  MUL_MAT(name=q4-2560-6-4-0,type=f32,ne=[6,4,1,1],op_params=[],sources=q4_0[2560,6,1,1],f32[2560,4,1,1]): [1;32mOK[0m
  MUL_MAT(name=q4-2560-17-4-0,type=f32,ne=[17,4,1,1],op_params=[],sources=q4_0[2560,17,1,1],f32[2560,4,1,1]): [1;32mOK[0m
  MUL_MAT(name=q4-2560-2560-4-2592,type=f32,ne=[2560,4,1,1],op_params=[],sources=q4_0[2560,2560,1,1]nb[18,1458,3732480,3732480],f32[2560,4,1,1]): [1;32mOK[0m
  MUL_MAT(name=q8control-2560-2560-4-0,type=f32,ne=[2560,4,1,1],op_params=[],sources=q8_0[2560,2560,1,1],f32[2560,4,1,1]): [1;32mOK[0m
  19/19 tests passed
  Backend CPU: [1;32mOK[0m
1/1 backends passed
[1;32mOK[0m

Q4_N4_2X4 m=2560 n=4 kblocks=8
Q4_N4_2X4 m=2560 n=4 kblocks=8
Q4_N4_2X4 m=256 n=4 kblocks=80
Q4_N4_2X4 m=256 n=4 kblocks=80
Q4_N4_2X4 m=2560 n=4 kblocks=320
Q4_N4_2X4 m=2560 n=4 kblocks=320
Q4_N4_2X4 m=10240 n=4 kblocks=80
Q4_N4_2X4 m=10240 n=4 kblocks=80
Q4_N4_2X4 m=2560 n=4 kblocks=128
Q4_N4_2X4 m=2560 n=4 kblocks=128
Q4_N4_2X4 m=4096 n=4 kblocks=80
Q4_N4_2X4 m=4096 n=4 kblocks=80
Q4_N4_2X4 m=2560 n=4 kblocks=64
Q4_N4_2X4 m=2560 n=4 kblocks=64
Q4_N4_2X4 m=2048 n=4 kblocks=80
Q4_N4_2X4 m=2048 n=4 kblocks=80
Q4_N4_2X4 m=512 n=4 kblocks=80
Q4_N4_2X4 m=512 n=4 kblocks=80
Q4_N4_2X4 m=1024 n=4 kblocks=80
Q4_N4_2X4 m=1024 n=4 kblocks=80
Q4_N4_2X4 m=6 n=4 kblocks=80
Q4_N4_2X4 m=6 n=4 kblocks=80
Q4_N4_2X4 m=2560 n=4 kblocks=80
Q4_N4_2X4 m=2560 n=4 kblocks=80
