Testing 1 devices

Backend 1/1: CPU
  Device description: 13th Gen Intel(R) Core(TM) i5-1340P
  Device memory: 31814 MB (31814 MB free)

  MUL_MAT(name=value-32768-1-pad0,type=f32,ne=[512,1,8,1],op_params=[],sources=f16[32768,512,2,1],f32[32768,1,8,1]): [1;32mOK[0m
  MUL_MAT(name=value-32768-3-pad0,type=f32,ne=[512,3,8,1],op_params=[],sources=f16[32768,512,2,1],f32[32768,3,8,1]): VALUE4_3ROW m=512 n=4 k=32768 tail=2 threads=8
VALUE4_3ROW m=512 n=4 k=32768 tail=2 threads=8
VALUE4_3ROW m=512 n=4 k=32768 tail=2 threads=8
VALUE4_3ROW m=512 n=4 k=32768 tail=2 threads=8
VALUE4_3ROW m=512 n=4 k=32768 tail=2 threads=8
VALUE4_3ROW m=512 n=4 k=32768 tail=2 threads=8
VALUE4_3ROW m=512 n=4 k=32768 tail=2 threads=8
VALUE4_3ROW m=512 n=4 k=32768 tail=2 threads=8
[1;32mOK[0m
  MUL_MAT(name=value-32768-4-pad0,type=f32,ne=[512,4,8,1],op_params=[],sources=f16[32768,512,2,1],f32[32768,4,8,1]): VALUE4_3ROW m=512 n=4 k=32768 tail=2 threads=8
VALUE4_3ROW m=512 n=4 k=32768 tail=2 threads=8
VALUE4_3ROW m=512 n=4 k=32768 tail=2 threads=8
VALUE4_3ROW m=512 n=4 k=32768 tail=2 threads=8
VALUE4_3ROW m=512 n=4 k=32768 tail=2 threads=8
VALUE4_3ROW m=512 n=4 k=32768 tail=2 threads=8
VALUE4_3ROW m=512 n=4 k=32768 tail=2 threads=8
VALUE4_3ROW m=512 n=4 k=32768 tail=2 threads=8
[1;32mOK[0m
  MUL_MAT(name=value-32768-4-pad16,type=f32,ne=[512,4,8,1],op_params=[],sources=f16[32768,512,2,1]nb[2,65568,33570816,67141632],f32[32768,4,8,1]): [1;32mOK[0m
  MUL_MAT(name=value-32776-1-pad0,type=f32,ne=[512,1,8,1],op_params=[],sources=f16[32776,512,2,1],f32[32776,1,8,1]): [1;32mOK[0m
  MUL_MAT(name=value-32776-3-pad0,type=f32,ne=[512,3,8,1],op_params=[],sources=f16[32776,512,2,1],f32[32776,3,8,1]): VALUE4_3ROW m=512 n=4 k=32776 tail=2 threads=8
VALUE4_3ROW m=512 n=4 k=32776 tail=2 threads=8
VALUE4_3ROW m=512 n=4 k=32776 tail=2 threads=8
VALUE4_3ROW m=512 n=4 k=32776 tail=2 threads=8
VALUE4_3ROW m=512 n=4 k=32776 tail=2 threads=8
VALUE4_3ROW m=512 n=4 k=32776 tail=2 threads=8
VALUE4_3ROW m=512 n=4 k=32776 tail=2 threads=8
VALUE4_3ROW m=512 n=4 k=32776 tail=2 threads=8
[1;32mOK[0m
  MUL_MAT(name=value-32776-4-pad0,type=f32,ne=[512,4,8,1],op_params=[],sources=f16[32776,512,2,1],f32[32776,4,8,1]): [1;32mOK[0m
  MUL_MAT(name=value-64768-1-pad0,type=f32,ne=[512,1,8,1],op_params=[],sources=f16[64768,512,2,1],f32[64768,1,8,1]): [1;32mOK[0m
  MUL_MAT(name=value-64768-3-pad0,type=f32,ne=[512,3,8,1],op_params=[],sources=f16[64768,512,2,1],f32[64768,3,8,1]): VALUE4_3ROW m=512 n=4 k=64768 tail=2 threads=8
VALUE4_3ROW m=512 n=4 k=64768 tail=2 threads=8
VALUE4_3ROW m=512 n=4 k=64768 tail=2 threads=8
VALUE4_3ROW m=512 n=4 k=64768 tail=2 threads=8
VALUE4_3ROW m=512 n=4 k=64768 tail=2 threads=8
VALUE4_3ROW m=512 n=4 k=64768 tail=2 threads=8
VALUE4_3ROW m=512 n=4 k=64768 tail=2 threads=8
VALUE4_3ROW m=512 n=4 k=64768 tail=2 threads=8
[1;32mOK[0m
  MUL_MAT(name=value-64768-4-pad0,type=f32,ne=[512,4,8,1],op_params=[],sources=f16[64768,512,2,1],f32[64768,4,8,1]): [1;32mOK[0m
  MUL_MAT(name=value-65024-1-pad0,type=f32,ne=[512,1,8,1],op_params=[],sources=f16[65024,512,2,1],f32[65024,1,8,1]): [1;32mOK[0m
  MUL_MAT(name=value-65024-3-pad0,type=f32,ne=[512,3,8,1],op_params=[],sources=f16[65024,512,2,1],f32[65024,3,8,1]): VALUE4_3ROW m=512 n=4 k=65024 tail=2 threads=8
VALUE4_3ROW m=512 n=4 k=65024 tail=2 threads=8
VALUE4_3ROW m=512 n=4 k=65024 tail=2 threads=8
VALUE4_3ROW m=512 n=4 k=65024 tail=2 threads=8
VALUE4_3ROW m=512 n=4 k=65024 tail=2 threads=8
VALUE4_3ROW m=512 n=4 k=65024 tail=2 threads=8
VALUE4_3ROW m=512 n=4 k=65024 tail=2 threads=8
VALUE4_3ROW m=512 n=4 k=65024 tail=2 threads=8
[1;32mOK[0m
  MUL_MAT(name=value-65024-4-pad0,type=f32,ne=[512,4,8,1],op_params=[],sources=f16[65024,512,2,1],f32[65024,4,8,1]): [1;32mOK[0m
  MUL_MAT(name=value-65536-1-pad0,type=f32,ne=[512,1,8,1],op_params=[],sources=f16[65536,512,2,1],f32[65536,1,8,1]): [1;32mOK[0m
  MUL_MAT(name=value-65536-3-pad0,type=f32,ne=[512,3,8,1],op_params=[],sources=f16[65536,512,2,1],f32[65536,3,8,1]): VALUE4_3ROW m=512 n=4 k=65536 tail=2 threads=8
VALUE4_3ROW m=512 n=4 k=65536 tail=2 threads=8
VALUE4_3ROW m=512 n=4 k=65536 tail=2 threads=8
VALUE4_3ROW m=512 n=4 k=65536 tail=2 threads=8
VALUE4_3ROW m=512 n=4 k=65536 tail=2 threads=8
VALUE4_3ROW m=512 n=4 k=65536 tail=2 threads=8
VALUE4_3ROW m=512 n=4 k=65536 tail=2 threads=8
VALUE4_3ROW m=512 n=4 k=65536 tail=2 threads=8
[1;32mOK[0m
  MUL_MAT(name=value-65536-4-pad0,type=f32,ne=[512,4,8,1],op_params=[],sources=f16[65536,512,2,1],f32[65536,4,8,1]): [1;32mOK[0m
  MUL_MAT(name=excluded-32760-512-4,type=f32,ne=[512,4,8,1],op_params=[],sources=f16[32760,512,2,1],f32[32760,4,8,1]): [1;32mOK[0m
  MUL_MAT(name=excluded-32769-512-4,type=f32,ne=[512,4,8,1],op_params=[],sources=f16[32769,512,2,1],f32[32769,4,8,1]): [1;32mOK[0m
  MUL_MAT(name=excluded-768-256-4,type=f32,ne=[256,4,8,1],op_params=[],sources=f16[768,256,2,1],f32[768,4,8,1]): [1;32mOK[0m
  MUL_MAT(name=excluded-512-32768-4,type=f32,ne=[32768,4,8,1],op_params=[],sources=f16[512,32768,2,1],f32[512,4,8,1]): [1;32mOK[0m
  MUL_MAT(name=excluded-512-65024-4,type=f32,ne=[65024,4,8,1],op_params=[],sources=f16[512,65024,2,1],f32[512,4,8,1]): [1;32mOK[0m
  21/21 tests passed
  Backend CPU: [1;32mOK[0m
1/1 backends passed
[1;32mOK[0m
