GGML_CPU_WHOLE_TOKEN_PROFILE kind=op name=ADD family=other calls=5527 wall_us=163579 active_thread_us=940935 capacity_us=1308632 logical_read_bytes=8666779648 logical_write_bytes=4333389824
GGML_CPU_WHOLE_TOKEN_PROFILE kind=op name=MUL family=other calls=3604 wall_us=154236 active_thread_us=920189 capacity_us=1233888 logical_read_bytes=1677486440 logical_write_bytes=1537702912
GGML_CPU_WHOLE_TOKEN_PROFILE kind=op name=CONCAT family=other calls=40 wall_us=332 active_thread_us=369 capacity_us=2656 logical_read_bytes=839680 logical_write_bytes=839680
GGML_CPU_WHOLE_TOKEN_PROFILE kind=op name=RMS_NORM family=other calls=13222 wall_us=524323 active_thread_us=2931555 capacity_us=4194584 logical_read_bytes=8840717312 logical_write_bytes=8840717312
GGML_CPU_WHOLE_TOKEN_PROFILE kind=op name=MUL_MAT family=matrix calls=20756 wall_us=45008624 active_thread_us=345555600 capacity_us=360068992 logical_read_bytes=137559136256 logical_write_bytes=20418654208
GGML_CPU_WHOLE_TOKEN_PROFILE kind=op name=SCALE family=other calls=286 wall_us=11499 active_thread_us=59948 capacity_us=91992 logical_read_bytes=566274048 logical_write_bytes=566274048
GGML_CPU_WHOLE_TOKEN_PROFILE kind=op name=CONT family=copy calls=41 wall_us=2718 active_thread_us=15388 capacity_us=21744 logical_read_bytes=139776000 logical_write_bytes=139776000
GGML_CPU_WHOLE_TOKEN_PROFILE kind=op name=GET_ROWS family=other calls=283 wall_us=5787 active_thread_us=32358 capacity_us=46296 logical_read_bytes=139462542988 logical_write_bytes=174112320
GGML_CPU_WHOLE_TOKEN_PROFILE kind=op name=SET_ROWS family=copy calls=1968 wall_us=13906 active_thread_us=62045 capacity_us=111248 logical_read_bytes=3982592768 logical_write_bytes=3608608768
GGML_CPU_WHOLE_TOKEN_PROFILE kind=op name=ROPE family=attention calls=2866 wall_us=111004 active_thread_us=671641 capacity_us=888032 logical_read_bytes=1493145120 logical_write_bytes=1491783680
GGML_CPU_WHOLE_TOKEN_PROFILE kind=op name=PAD family=other calls=40 wall_us=98042 active_thread_us=113444 capacity_us=784336 logical_read_bytes=41943040 logical_write_bytes=83886080
GGML_CPU_WHOLE_TOKEN_PROFILE kind=op name=TOP_K family=other calls=40 wall_us=13046 active_thread_us=13041 capacity_us=104368 logical_read_bytes=41943040 logical_write_bytes=1600
GGML_CPU_WHOLE_TOKEN_PROFILE kind=op name=FLASH_ATTN_EXT family=attention calls=1882 wall_us=14134945 active_thread_us=103713554 capacity_us=113079560 logical_read_bytes=4470239232 logical_write_bytes=1305415680
GGML_CPU_WHOLE_TOKEN_PROFILE kind=op name=UNARY family=other calls=1763 wall_us=74589 active_thread_us=329848 capacity_us=596712 logical_read_bytes=196399104 logical_write_bytes=196399104
GGML_CPU_WHOLE_TOKEN_PROFILE kind=op name=GLU family=other calls=1882 wall_us=942078 active_thread_us=5434184 capacity_us=7536624 logical_read_bytes=11184750592 logical_write_bytes=5592375296
GGML_CPU_WHOLE_TOKEN_PROFILE kind=family name=matrix calls=20756 wall_us=45008624 active_thread_us=345555600 capacity_us=360068992 idle_or_sync_us=14513392 logical_read_bytes=137559136256 logical_write_bytes=20418654208
GGML_CPU_WHOLE_TOKEN_PROFILE kind=family name=attention calls=4748 wall_us=14245949 active_thread_us=104385195 capacity_us=113967592 idle_or_sync_us=9582397 logical_read_bytes=5963384352 logical_write_bytes=2797199360
GGML_CPU_WHOLE_TOKEN_PROFILE kind=family name=copy calls=2009 wall_us=16624 active_thread_us=77433 capacity_us=132992 idle_or_sync_us=55559 logical_read_bytes=4122368768 logical_write_bytes=3748384768
GGML_CPU_WHOLE_TOKEN_PROFILE kind=family name=other calls=26687 wall_us=1987511 active_thread_us=10775871 capacity_us=15900088 idle_or_sync_us=5124217 logical_read_bytes=170679675892 logical_write_bytes=21325698176
GGML_CPU_WHOLE_TOKEN_PROFILE kind=total graphs=81 graph_us=61271079 node_wall_us=61258708 active_thread_us=460794099 capacity_us=490069664 idle_or_sync_us=29275565 logical_read_bytes=318324565268 logical_write_bytes=48289936512
