Testing 1 devices

Backend 1/1: CPU
  Device description: 13th Gen Intel(R) Core(TM) i5-1340P
  Device memory: 31814 MB (31814 MB free)

  MUL_MAT(name=pair-512-32768-1,type=f32,ne=[32768,1,8,1],op_params=[],sources=f16[512,32768,2,1],f32[512,1,8,1]): [1;32mOK[0m
  MUL_MAT(name=pair-512-32768-4,type=f32,ne=[32768,4,8,1],op_params=[],sources=f16[512,32768,2,1],f32[512,4,8,1]): [1;32mOK[0m
  MUL_MAT(name=pair-512-65536-1,type=f32,ne=[65536,1,8,1],op_params=[],sources=f16[512,65536,2,1],f32[512,1,8,1]): [1;32mOK[0m
  MUL_MAT(name=pair-512-65536-4,type=f32,ne=[65536,4,8,1],op_params=[],sources=f16[512,65536,2,1],f32[512,4,8,1]): [1;32mOK[0m
  MUL_MAT(name=pair-32768-512-1,type=f32,ne=[512,1,8,1],op_params=[],sources=f16[32768,512,2,1],f32[32768,1,8,1]): [1;32mOK[0m
  MUL_MAT(name=pair-32768-512-4,type=f32,ne=[512,4,8,1],op_params=[],sources=f16[32768,512,2,1],f32[32768,4,8,1]): [1;32mOK[0m
  MUL_MAT(name=pair-65536-512-1,type=f32,ne=[512,1,8,1],op_params=[],sources=f16[65536,512,2,1],f32[65536,1,8,1]): [1;32mOK[0m
  MUL_MAT(name=pair-65536-512-4,type=f32,ne=[512,4,8,1],op_params=[],sources=f16[65536,512,2,1],f32[65536,4,8,1]): [1;32mOK[0m
  MUL_MAT(name=score3-512-32784-4,type=f32,ne=[32784,4,8,1],op_params=[],sources=f16[512,32784,2,1],f32[512,4,8,1]): [1;32mOK[0m
  MUL_MAT(name=score3-512-64768-4,type=f32,ne=[64768,4,8,1],op_params=[],sources=f16[512,64768,2,1],f32[512,4,8,1]): [1;32mOK[0m
  MUL_MAT(name=score3-512-65024-4,type=f32,ne=[65024,4,8,1],op_params=[],sources=f16[512,65024,2,1],f32[512,4,8,1]): [1;32mOK[0m
  MUL_MAT(name=score-registers-32768-4-512-16,type=f32,ne=[32768,4,8,1],op_params=[],sources=f16[512,32768,2,1]nb[2,1056,34603008,69206016],f32[512,4,8,1]): [1;32mOK[0m
  MUL_MAT(name=score-registers-32784-4-512-0,type=f32,ne=[32784,4,8,1],op_params=[],sources=f16[512,32784,2,1],f32[512,4,8,1]): [1;32mOK[0m
  MUL_MAT(name=score-registers-32800-4-512-0,type=f32,ne=[32800,4,8,1],op_params=[],sources=f16[512,32800,2,1],f32[512,4,8,1]): [1;32mOK[0m
  MUL_MAT(name=score-registers-32752-4-512-0,type=f32,ne=[32752,4,8,1],op_params=[],sources=f16[512,32752,2,1],f32[512,4,8,1]): [1;32mOK[0m
  MUL_MAT(name=score-registers-32769-4-512-0,type=f32,ne=[32769,4,8,1],op_params=[],sources=f16[512,32769,2,1],f32[512,4,8,1]): [1;32mOK[0m
  MUL_MAT(name=score-registers-32768-3-512-0,type=f32,ne=[32768,3,8,1],op_params=[],sources=f16[512,32768,2,1],f32[512,3,8,1]): [1;32mOK[0m
  MUL_MAT(name=score-registers-32768-5-512-0,type=f32,ne=[32768,5,8,1],op_params=[],sources=f16[512,32768,2,1],f32[512,5,8,1]): [1;32mOK[0m
  MUL_MAT(name=score-registers-32768-4-504-0,type=f32,ne=[32768,4,8,1],op_params=[],sources=f16[504,32768,2,1],f32[504,4,8,1]): [1;32mOK[0m
  19/19 tests passed
  Backend CPU: [1;32mOK[0m
1/1 backends passed
[1;32mOK[0m

SCORE3_INLINE m=32768 k=512
SCORE3_INLINE m=32768 k=512
SCORE3_INLINE m=32768 k=512
SCORE3_INLINE m=32768 k=512
SCORE3_INLINE m=32768 k=512
SCORE3_INLINE m=32768 k=512
SCORE3_INLINE m=32768 k=512
SCORE3_INLINE m=32768 k=512
SCORE3_INLINE m=65536 k=512
SCORE3_INLINE m=65536 k=512
SCORE3_INLINE m=65536 k=512
SCORE3_INLINE m=65536 k=512
SCORE3_INLINE m=65536 k=512
SCORE3_INLINE m=65536 k=512
SCORE3_INLINE m=65536 k=512
SCORE3_INLINE m=65536 k=512
SCORE3_INLINE m=32784 k=512
SCORE3_INLINE m=32784 k=512
SCORE3_INLINE m=32784 k=512
SCORE3_INLINE m=32784 k=512
SCORE3_INLINE m=32784 k=512
SCORE3_INLINE m=32784 k=512
SCORE3_INLINE m=32784 k=512
SCORE3_INLINE m=32784 k=512
SCORE3_INLINE m=64768 k=512
SCORE3_INLINE m=64768 k=512
SCORE3_INLINE m=64768 k=512
SCORE3_INLINE m=64768 k=512
SCORE3_INLINE m=64768 k=512
SCORE3_INLINE m=64768 k=512
SCORE3_INLINE m=64768 k=512
SCORE3_INLINE m=64768 k=512
SCORE3_INLINE m=65024 k=512
SCORE3_INLINE m=65024 k=512
SCORE3_INLINE m=65024 k=512
SCORE3_INLINE m=65024 k=512
SCORE3_INLINE m=65024 k=512
SCORE3_INLINE m=65024 k=512
SCORE3_INLINE m=65024 k=512
SCORE3_INLINE m=65024 k=512
SCORE3_INLINE m=32768 k=512
SCORE3_INLINE m=32768 k=512
SCORE3_INLINE m=32768 k=512
SCORE3_INLINE m=32768 k=512
SCORE3_INLINE m=32768 k=512
SCORE3_INLINE m=32768 k=512
SCORE3_INLINE m=32768 k=512
SCORE3_INLINE m=32768 k=512
SCORE3_INLINE m=32784 k=512
SCORE3_INLINE m=32784 k=512
SCORE3_INLINE m=32784 k=512
SCORE3_INLINE m=32784 k=512
SCORE3_INLINE m=32784 k=512
SCORE3_INLINE m=32784 k=512
SCORE3_INLINE m=32784 k=512
SCORE3_INLINE m=32784 k=512
SCORE3_INLINE m=32800 k=512
SCORE3_INLINE m=32800 k=512
SCORE3_INLINE m=32800 k=512
SCORE3_INLINE m=32800 k=512
SCORE3_INLINE m=32800 k=512
SCORE3_INLINE m=32800 k=512
SCORE3_INLINE m=32800 k=512
SCORE3_INLINE m=32800 k=512
