ggml_vulkan: Found 1 Vulkan devices:
ggml_vulkan: 0 = Intel(R) Iris(R) Xe Graphics (RPL-P) (Intel open-source Mesa driver) | uma: 1 | fp16: 1 | bf16: 0 | fp4: 0 | warp size: 32 | shared memory: 49152 | int dot: 1 | matrix cores: none | tier: 1 (fp16-integer-dot)
Testing 2 devices

Backend 1/2: Vulkan0
  Skipping
Backend 2/2: CPU
  Device description: 13th Gen Intel(R) Core(TM) i5-1340P
  Device memory: 31813 MB (31813 MB free)

  GET_ROWS(type=ptq1_0,n=256,m=5,r=4,be1=1,be2=1,v=0,vs0=0): [1;32mOK[0m
  GET_ROWS(type=ptq1_0,n=256,m=5,r=4,be1=1,be2=1,v=0,vs0=1): [1;32mOK[0m
  GET_ROWS(type=ptq1_0,n=256,m=5,r=4,be1=1,be2=1,v=1,vs0=0): [1;32mOK[0m
  GET_ROWS(type=ptq1_0,n=256,m=5,r=4,be1=1,be2=1,v=1,vs0=1): [1;32mOK[0m
  GET_ROWS(type=ptq1_0,n=256,m=5,r=4,be1=7,be2=1,v=0,vs0=0): [1;32mOK[0m
  GET_ROWS(type=ptq1_0,n=256,m=5,r=4,be1=7,be2=1,v=0,vs0=1): [1;32mOK[0m
  GET_ROWS(type=ptq1_0,n=256,m=5,r=4,be1=7,be2=1,v=1,vs0=0): [1;32mOK[0m
  GET_ROWS(type=ptq1_0,n=256,m=5,r=4,be1=7,be2=1,v=1,vs0=1): [1;32mOK[0m
  8/8 tests passed
  Backend CPU: [1;32mOK[0m
2/2 backends passed
[1;32mOK[0m
