ggml_vulkan: Found 1 Vulkan devices:
ggml_vulkan: 0 = Intel(R) Iris(R) Xe Graphics (RPL-P) (Intel open-source Mesa driver) | uma: 1 | fp16: 1 | bf16: 0 | fp4: 0 | warp size: 32 | shared memory: 49152 | int dot: 1 | matrix cores: none | tier: 1 (fp16-integer-dot)
Testing 2 devices

Backend 1/2: Vulkan0
  Device description: Intel(R) Iris(R) Xe Graphics (RPL-P)
  Device memory: 23860 MB (14081 MB free)

  MUL_MAT_HADAMARD(type_a=f32,type_b=f32,m=128,n=1,k=128,bs=[1,1],nr=[1,1],per=[0,1,2,3],k_v=0,o=1,src_overlap=0): [1;32mOK[0m
  MUL_MAT_HADAMARD(type_a=f32,type_b=f32,m=64,n=1,k=64,bs=[1,1],nr=[1,1],per=[0,1,2,3],k_v=0,o=1,src_overlap=0): [1;32mOK[0m
  MUL_MAT_HADAMARD(type_a=f32,type_b=f32,m=256,n=1,k=256,bs=[1,1],nr=[1,1],per=[0,1,2,3],k_v=0,o=1,src_overlap=0): [1;32mOK[0m
  MUL_MAT_HADAMARD(type_a=f32,type_b=f32,m=512,n=1,k=512,bs=[1,1],nr=[1,1],per=[0,1,2,3],k_v=0,o=1,src_overlap=0): [1;32mOK[0m
  MUL_MAT_HADAMARD(type_a=f32,type_b=f32,m=128,n=32,k=128,bs=[1,1],nr=[1,1],per=[0,1,2,3],k_v=0,o=1,src_overlap=0): [1;32mOK[0m
  MUL_MAT_HADAMARD(type_a=f32,type_b=f32,m=128,n=4,k=128,bs=[2,3],nr=[1,1],per=[0,1,2,3],k_v=0,o=1,src_overlap=0): [1;32mOK[0m
  MUL_MAT_HADAMARD(type_a=f32,type_b=f32,m=256,n=512,k=256,bs=[1,1],nr=[1,1],per=[0,1,2,3],k_v=0,o=1,src_overlap=0): [1;32mOK[0m
  MUL_MAT_HADAMARD(type_a=f32,type_b=f32,m=1024,n=1,k=1024,bs=[1,1],nr=[1,1],per=[0,1,2,3],k_v=0,o=1,src_overlap=0): [1;32mOK[0m
  MUL_MAT_HADAMARD(type_a=f32,type_b=f32,m=2048,n=1,k=2048,bs=[1,1],nr=[1,1],per=[0,1,2,3],k_v=0,o=1,src_overlap=0): [1;32mOK[0m
  MUL_MAT_HADAMARD(type_a=f32,type_b=f32,m=2048,n=32,k=2048,bs=[1,1],nr=[1,1],per=[0,1,2,3],k_v=0,o=1,src_overlap=0): [1;32mOK[0m
  MUL_MAT_HADAMARD(type_a=f32,type_b=f16,m=64,n=1,k=64,bs=[1,1],nr=[1,1],per=[0,1,2,3],k_v=0,o=1,src_overlap=0): [1;32mOK[0m
  MUL_MAT_HADAMARD(type_a=f32,type_b=f16,m=128,n=32,k=128,bs=[1,1],nr=[1,1],per=[0,1,2,3],k_v=0,o=1,src_overlap=0): [1;32mOK[0m
  MUL_MAT_HADAMARD(type_a=f32,type_b=f16,m=2048,n=1,k=2048,bs=[1,1],nr=[1,1],per=[0,1,2,3],k_v=0,o=1,src_overlap=0): [1;32mOK[0m
  MUL_MAT_HADAMARD(blk=1024,width=5120,n_tokens=1,type_x=f32): [1;32mOK[0m
  MUL_MAT_HADAMARD(blk=1024,width=5120,n_tokens=32,type_x=f32): [1;32mOK[0m
  MUL_MAT_HADAMARD(blk=1024,width=6144,n_tokens=7,type_x=f16): [1;32mOK[0m
  MUL_MAT_HADAMARD(blk=1024,width=17408,n_tokens=3,type_x=f32): [1;32mOK[0m
  MUL_MAT_HADAMARD(blk=512,width=4096,n_tokens=7,type_x=f32): [1;32mOK[0m
  MUL_MAT_HADAMARD(blk=512,width=8192,n_tokens=3,type_x=f32): [1;32mOK[0m
  MUL_MAT_HADAMARD(blk=2048,width=4096,n_tokens=7,type_x=f32): [1;32mOK[0m
  MUL_MAT_HADAMARD(blk=2048,width=8192,n_tokens=3,type_x=f32): [1;32mOK[0m
  MUL_MAT_HADAMARD(blk=4096,width=4096,n_tokens=7,type_x=f32): [1;32mOK[0m
  MUL_MAT_HADAMARD(blk=4096,width=8192,n_tokens=3,type_x=f32): [1;32mOK[0m
  MUL_MAT_HADAMARD(blk=4096,width=8192,n_tokens=1,type_x=f16): [1;32mOK[0m
  MUL_MAT_HADAMARD(blk=8192,width=8192,n_tokens=2,type_x=f32): [1;32mOK[0m
  MUL_MAT_HADAMARD(blk=8192,width=8192,n_tokens=1,type_x=f16): [1;32mOK[0m
  MUL_MAT_HADAMARD(type_a=f32,type_b=f32,m=32,n=1,k=32,bs=[1,1],nr=[1,1],per=[0,1,2,3],k_v=0,o=1,src_overlap=0): [1;32mOK[0m
  MUL_MAT_HADAMARD(type_a=f32,type_b=f32,m=1024,n=1,k=1024,bs=[1,1],nr=[1,1],per=[0,1,2,3],k_v=0,o=1,src_overlap=0): [1;32mOK[0m
  28/28 tests passed
  Backend Vulkan0: [1;32mOK[0m
Backend 2/2: CPU
  Skipping
2/2 backends passed
[1;32mOK[0m
