ggml_vulkan: Found 1 Vulkan devices:
ggml_vulkan: 0 = Intel(R) Iris(R) Xe Graphics (RPL-P) (Intel open-source Mesa driver) | uma: 1 | fp16: 1 | bf16: 0 | fp4: 0 | warp size: 32 | shared memory: 49152 | int dot: 1 | matrix cores: none | tier: 1 (fp16-integer-dot)
Testing 2 devices

Backend 1/2: Vulkan0
  Device description: Intel(R) Iris(R) Xe Graphics (RPL-P)
  Device memory: 23860 MB (15011 MB free)

  MUL_MAT(type_a=ptq1_0,type_b=f32,m=16,n=1,k=256,bs=[1,1],nr=[1,1],per=[0,1,2,3],k_v=0,o=1,src_overlap=0): [1;32mOK[0m
  MUL_MAT(type_a=ptq1_0,type_b=f32,m=16,n=2,k=256,bs=[1,1],nr=[1,1],per=[0,1,2,3],k_v=0,o=1,src_overlap=0): [1;32mOK[0m
  MUL_MAT(type_a=ptq1_0,type_b=f32,m=16,n=3,k=256,bs=[1,1],nr=[1,1],per=[0,1,2,3],k_v=0,o=1,src_overlap=0): [1;32mOK[0m
  MUL_MAT(type_a=ptq1_0,type_b=f32,m=16,n=4,k=256,bs=[1,1],nr=[1,1],per=[0,1,2,3],k_v=0,o=1,src_overlap=0): [1;32mOK[0m
  MUL_MAT(type_a=ptq1_0,type_b=f32,m=16,n=5,k=256,bs=[1,1],nr=[1,1],per=[0,1,2,3],k_v=0,o=1,src_overlap=0): [1;32mOK[0m
  MUL_MAT(type_a=ptq1_0,type_b=f32,m=16,n=6,k=256,bs=[1,1],nr=[1,1],per=[0,1,2,3],k_v=0,o=1,src_overlap=0): [1;32mOK[0m
  MUL_MAT(type_a=ptq1_0,type_b=f32,m=16,n=7,k=256,bs=[1,1],nr=[1,1],per=[0,1,2,3],k_v=0,o=1,src_overlap=0): [1;32mOK[0m
  MUL_MAT(type_a=ptq1_0,type_b=f32,m=16,n=8,k=256,bs=[1,1],nr=[1,1],per=[0,1,2,3],k_v=0,o=1,src_overlap=0): [1;32mOK[0m
  MUL_MAT(type_a=ptq1_0,type_b=f32,m=16,n=9,k=256,bs=[1,1],nr=[1,1],per=[0,1,2,3],k_v=0,o=1,src_overlap=0): [1;32mOK[0m
  MUL_MAT(type_a=ptq1_0,type_b=f32,m=16,n=1,k=4096,bs=[1,1],nr=[1,1],per=[0,1,2,3],k_v=0,o=1,src_overlap=0): [1;32mOK[0m
  MUL_MAT(type_a=ptq1_0,type_b=f32,m=16,n=8,k=4096,bs=[1,1],nr=[1,1],per=[0,1,2,3],k_v=0,o=1,src_overlap=0): [1;32mOK[0m
  MUL_MAT(type_a=ptq1_0,type_b=f32,m=16,n=1,k=256,bs=[1,1],nr=[1,1],per=[0,1,2,3],k_v=0,o=1,src_overlap=0): [1;32mOK[0m
  MUL_MAT(type_a=ptq1_0,type_b=f32,m=16,n=1,k=256,bs=[1,1],nr=[2,1],per=[0,1,2,3],k_v=0,o=1,src_overlap=0): [1;32mOK[0m
  MUL_MAT(type_a=ptq1_0,type_b=f32,m=16,n=1,k=256,bs=[1,1],nr=[1,2],per=[0,1,2,3],k_v=0,o=1,src_overlap=0): not supported [Vulkan0]
  MUL_MAT(type_a=ptq1_0,type_b=f32,m=16,n=1,k=256,bs=[3,1],nr=[1,1],per=[0,1,2,3],k_v=0,o=1,src_overlap=0): [1;32mOK[0m
  MUL_MAT(type_a=ptq1_0,type_b=f32,m=16,n=1,k=256,bs=[3,1],nr=[2,1],per=[0,1,2,3],k_v=0,o=1,src_overlap=0): [1;32mOK[0m
  MUL_MAT(type_a=ptq1_0,type_b=f32,m=16,n=1,k=256,bs=[3,2],nr=[1,1],per=[0,1,2,3],k_v=0,o=1,src_overlap=0): [1;32mOK[0m
  MUL_MAT(type_a=ptq1_0,type_b=f32,m=16,n=1,k=256,bs=[3,2],nr=[2,1],per=[0,1,2,3],k_v=0,o=1,src_overlap=0): [1;32mOK[0m
  MUL_MAT(type_a=ptq1_0,type_b=f32,m=16,n=1,k=256,bs=[3,2],nr=[1,2],per=[0,1,2,3],k_v=0,o=1,src_overlap=0): not supported [Vulkan0]
  MUL_MAT(type_a=ptq1_0,type_b=f32,m=16,n=1,k=256,bs=[3,2],nr=[2,2],per=[0,1,2,3],k_v=0,o=1,src_overlap=0): not supported [Vulkan0]
  MUL_MAT(type_a=ptq1_0,type_b=f32,m=16,n=4,k=256,bs=[3,2],nr=[2,2],per=[0,1,2,3],k_v=0,o=1,src_overlap=0): not supported [Vulkan0]
  MUL_MAT(type_a=ptq1_0,type_b=f32,m=16,n=16,k=256,bs=[1,1],nr=[1,1],per=[0,1,2,3],k_v=0,o=1,src_overlap=0): [1;32mOK[0m
  MUL_MAT(type_a=ptq1_0,type_b=f32,m=16,n=16,k=256,bs=[1,1],nr=[2,1],per=[0,1,2,3],k_v=0,o=1,src_overlap=0): [1;32mOK[0m
  MUL_MAT(type_a=ptq1_0,type_b=f32,m=16,n=16,k=256,bs=[1,1],nr=[1,2],per=[0,1,2,3],k_v=0,o=1,src_overlap=0): not supported [Vulkan0]
  MUL_MAT(type_a=ptq1_0,type_b=f32,m=16,n=16,k=256,bs=[3,1],nr=[1,1],per=[0,1,2,3],k_v=0,o=1,src_overlap=0): [1;32mOK[0m
  MUL_MAT(type_a=ptq1_0,type_b=f32,m=16,n=16,k=256,bs=[3,1],nr=[2,1],per=[0,1,2,3],k_v=0,o=1,src_overlap=0): [1;32mOK[0m
  MUL_MAT(type_a=ptq1_0,type_b=f32,m=16,n=16,k=256,bs=[3,2],nr=[1,1],per=[0,1,2,3],k_v=0,o=1,src_overlap=0): [1;32mOK[0m
  MUL_MAT(type_a=ptq1_0,type_b=f32,m=16,n=16,k=256,bs=[3,2],nr=[2,1],per=[0,1,2,3],k_v=0,o=1,src_overlap=0): [1;32mOK[0m
  MUL_MAT(type_a=ptq1_0,type_b=f32,m=16,n=16,k=256,bs=[3,2],nr=[1,2],per=[0,1,2,3],k_v=0,o=1,src_overlap=0): not supported [Vulkan0]
  MUL_MAT(type_a=ptq1_0,type_b=f32,m=16,n=16,k=256,bs=[3,2],nr=[2,2],per=[0,1,2,3],k_v=0,o=1,src_overlap=0): not supported [Vulkan0]
  MUL_MAT(type_a=ptq1_0,type_b=f32,m=16,n=1,k=256,bs=[2,3],nr=[1,1],per=[0,2,1,3],k_v=0,o=1,src_overlap=0): not supported [Vulkan0]
  MUL_MAT(type_a=ptq1_0,type_b=f32,m=16,n=1,k=256,bs=[2,3],nr=[1,1],per=[0,1,3,2],k_v=0,o=1,src_overlap=0): not supported [Vulkan0]
  MUL_MAT(type_a=ptq1_0,type_b=f32,m=16,n=1,k=256,bs=[2,3],nr=[1,1],per=[0,3,2,1],k_v=0,o=1,src_overlap=0): not supported [Vulkan0]
  MUL_MAT(type_a=ptq1_0,type_b=f32,m=16,n=4,k=256,bs=[2,3],nr=[1,1],per=[0,3,2,1],k_v=0,o=1,src_overlap=0): not supported [Vulkan0]
  MUL_MAT(type_a=ptq1_0,type_b=f32,m=16,n=8,k=256,bs=[2,3],nr=[1,1],per=[0,2,1,3],k_v=0,o=1,src_overlap=0): not supported [Vulkan0]
  MUL_MAT(type_a=ptq1_0,type_b=f32,m=16,n=8,k=256,bs=[2,3],nr=[1,1],per=[0,1,3,2],k_v=0,o=1,src_overlap=0): not supported [Vulkan0]
  MUL_MAT(type_a=ptq1_0,type_b=f32,m=16,n=8,k=256,bs=[2,3],nr=[1,1],per=[0,3,2,1],k_v=0,o=1,src_overlap=0): not supported [Vulkan0]
  MUL_MAT(type_a=ptq1_0,type_b=f32,m=16,n=16,k=256,bs=[2,3],nr=[1,1],per=[0,2,1,3],k_v=0,o=1,src_overlap=0): not supported [Vulkan0]
  MUL_MAT(type_a=ptq1_0,type_b=f32,m=16,n=16,k=256,bs=[2,3],nr=[1,1],per=[0,1,3,2],k_v=0,o=1,src_overlap=0): not supported [Vulkan0]
  MUL_MAT(type_a=ptq1_0,type_b=f32,m=16,n=16,k=256,bs=[2,3],nr=[1,1],per=[0,3,2,1],k_v=0,o=1,src_overlap=0): not supported [Vulkan0]
  MUL_MAT(type_a=ptq1_0,type_b=f32,m=16,n=1,k=1024,bs=[3,2],nr=[1,1],per=[0,1,2,3],k_v=0,o=1,src_overlap=0): [1;32mOK[0m
  MUL_MAT(type_a=ptq1_0,type_b=f32,m=16,n=8,k=1024,bs=[3,2],nr=[1,1],per=[0,1,2,3],k_v=0,o=1,src_overlap=0): [1;32mOK[0m
  MUL_MAT(type_a=ptq1_0,type_b=f32,m=16,n=16,k=1024,bs=[3,2],nr=[1,1],per=[0,1,2,3],k_v=0,o=1,src_overlap=0): [1;32mOK[0m
  MUL_MAT(type_a=ptq1_0,type_b=f32,m=16,n=8,k=256,bs=[1536,1],nr=[1,1],per=[0,1,2,3],k_v=0,o=1,src_overlap=0): [1;32mOK[0m
  MUL_MAT(type_a=ptq1_0,type_b=f16,m=16,n=1,k=256,bs=[1,1],nr=[1,1],per=[0,1,2,3],k_v=0,o=1,src_overlap=0): not supported [CPU]
  MUL_MAT(type_a=ptq1_0,type_b=f16,m=16,n=1,k=256,bs=[1,1],nr=[2,1],per=[0,1,2,3],k_v=0,o=1,src_overlap=0): not supported [CPU]
  MUL_MAT(type_a=ptq1_0,type_b=f16,m=16,n=1,k=256,bs=[1,1],nr=[1,2],per=[0,1,2,3],k_v=0,o=1,src_overlap=0): not supported [Vulkan0, CPU]
  MUL_MAT(type_a=ptq1_0,type_b=f16,m=16,n=1,k=256,bs=[3,1],nr=[1,1],per=[0,1,2,3],k_v=0,o=1,src_overlap=0): not supported [CPU]
  MUL_MAT(type_a=ptq1_0,type_b=f16,m=16,n=1,k=256,bs=[3,1],nr=[2,1],per=[0,1,2,3],k_v=0,o=1,src_overlap=0): not supported [CPU]
  MUL_MAT(type_a=ptq1_0,type_b=f16,m=16,n=1,k=256,bs=[3,2],nr=[1,1],per=[0,1,2,3],k_v=0,o=1,src_overlap=0): not supported [CPU]
  MUL_MAT(type_a=ptq1_0,type_b=f16,m=16,n=1,k=256,bs=[3,2],nr=[2,1],per=[0,1,2,3],k_v=0,o=1,src_overlap=0): not supported [CPU]
  MUL_MAT(type_a=ptq1_0,type_b=f16,m=16,n=1,k=256,bs=[3,2],nr=[1,2],per=[0,1,2,3],k_v=0,o=1,src_overlap=0): not supported [Vulkan0, CPU]
  MUL_MAT(type_a=ptq1_0,type_b=f16,m=16,n=1,k=256,bs=[3,2],nr=[2,2],per=[0,1,2,3],k_v=0,o=1,src_overlap=0): not supported [Vulkan0, CPU]
  MUL_MAT(type_a=ptq1_0,type_b=f16,m=16,n=4,k=256,bs=[3,2],nr=[2,2],per=[0,1,2,3],k_v=0,o=1,src_overlap=0): not supported [Vulkan0, CPU]
  MUL_MAT(type_a=ptq1_0,type_b=f16,m=16,n=16,k=256,bs=[1,1],nr=[1,1],per=[0,1,2,3],k_v=0,o=1,src_overlap=0): not supported [CPU]
  MUL_MAT(type_a=ptq1_0,type_b=f16,m=16,n=16,k=256,bs=[1,1],nr=[2,1],per=[0,1,2,3],k_v=0,o=1,src_overlap=0): not supported [CPU]
  MUL_MAT(type_a=ptq1_0,type_b=f16,m=16,n=16,k=256,bs=[1,1],nr=[1,2],per=[0,1,2,3],k_v=0,o=1,src_overlap=0): not supported [Vulkan0, CPU]
  MUL_MAT(type_a=ptq1_0,type_b=f16,m=16,n=16,k=256,bs=[3,1],nr=[1,1],per=[0,1,2,3],k_v=0,o=1,src_overlap=0): not supported [CPU]
  MUL_MAT(type_a=ptq1_0,type_b=f16,m=16,n=16,k=256,bs=[3,1],nr=[2,1],per=[0,1,2,3],k_v=0,o=1,src_overlap=0): not supported [CPU]
  MUL_MAT(type_a=ptq1_0,type_b=f16,m=16,n=16,k=256,bs=[3,2],nr=[1,1],per=[0,1,2,3],k_v=0,o=1,src_overlap=0): not supported [CPU]
  MUL_MAT(type_a=ptq1_0,type_b=f16,m=16,n=16,k=256,bs=[3,2],nr=[2,1],per=[0,1,2,3],k_v=0,o=1,src_overlap=0): not supported [CPU]
  MUL_MAT(type_a=ptq1_0,type_b=f16,m=16,n=16,k=256,bs=[3,2],nr=[1,2],per=[0,1,2,3],k_v=0,o=1,src_overlap=0): not supported [Vulkan0, CPU]
  MUL_MAT(type_a=ptq1_0,type_b=f16,m=16,n=16,k=256,bs=[3,2],nr=[2,2],per=[0,1,2,3],k_v=0,o=1,src_overlap=0): not supported [Vulkan0, CPU]
  MUL_MAT(type_a=ptq1_0,type_b=f16,m=16,n=1,k=256,bs=[2,3],nr=[1,1],per=[0,2,1,3],k_v=0,o=1,src_overlap=0): not supported [Vulkan0, CPU]
  MUL_MAT(type_a=ptq1_0,type_b=f16,m=16,n=1,k=256,bs=[2,3],nr=[1,1],per=[0,1,3,2],k_v=0,o=1,src_overlap=0): not supported [Vulkan0, CPU]
  MUL_MAT(type_a=ptq1_0,type_b=f16,m=16,n=1,k=256,bs=[2,3],nr=[1,1],per=[0,3,2,1],k_v=0,o=1,src_overlap=0): not supported [Vulkan0, CPU]
  MUL_MAT(type_a=ptq1_0,type_b=f16,m=16,n=4,k=256,bs=[2,3],nr=[1,1],per=[0,3,2,1],k_v=0,o=1,src_overlap=0): not supported [Vulkan0, CPU]
  MUL_MAT(type_a=ptq1_0,type_b=f16,m=16,n=8,k=256,bs=[2,3],nr=[1,1],per=[0,2,1,3],k_v=0,o=1,src_overlap=0): not supported [Vulkan0, CPU]
  MUL_MAT(type_a=ptq1_0,type_b=f16,m=16,n=8,k=256,bs=[2,3],nr=[1,1],per=[0,1,3,2],k_v=0,o=1,src_overlap=0): not supported [Vulkan0, CPU]
  MUL_MAT(type_a=ptq1_0,type_b=f16,m=16,n=8,k=256,bs=[2,3],nr=[1,1],per=[0,3,2,1],k_v=0,o=1,src_overlap=0): not supported [Vulkan0, CPU]
  MUL_MAT(type_a=ptq1_0,type_b=f16,m=16,n=16,k=256,bs=[2,3],nr=[1,1],per=[0,2,1,3],k_v=0,o=1,src_overlap=0): not supported [Vulkan0, CPU]
  MUL_MAT(type_a=ptq1_0,type_b=f16,m=16,n=16,k=256,bs=[2,3],nr=[1,1],per=[0,1,3,2],k_v=0,o=1,src_overlap=0): not supported [Vulkan0, CPU]
  MUL_MAT(type_a=ptq1_0,type_b=f16,m=16,n=16,k=256,bs=[2,3],nr=[1,1],per=[0,3,2,1],k_v=0,o=1,src_overlap=0): not supported [Vulkan0, CPU]
  MUL_MAT(type_a=ptq1_0,type_b=f16,m=16,n=1,k=1024,bs=[3,2],nr=[1,1],per=[0,1,2,3],k_v=0,o=1,src_overlap=0): not supported [CPU]
  MUL_MAT(type_a=ptq1_0,type_b=f16,m=16,n=8,k=1024,bs=[3,2],nr=[1,1],per=[0,1,2,3],k_v=0,o=1,src_overlap=0): not supported [CPU]
  MUL_MAT(type_a=ptq1_0,type_b=f16,m=16,n=16,k=1024,bs=[3,2],nr=[1,1],per=[0,1,2,3],k_v=0,o=1,src_overlap=0): not supported [CPU]
  MUL_MAT(type_a=ptq1_0,type_b=f16,m=16,n=8,k=256,bs=[1536,1],nr=[1,1],per=[0,1,2,3],k_v=0,o=1,src_overlap=0): not supported [CPU]
  MUL_MAT(type_a=ptq1_0,type_b=f32,m=16,n=1,k=128,bs=[1,1],nr=[1,1],per=[0,1,2,3],k_v=0,o=1,src_overlap=0): [1;32mOK[0m
  MUL_MAT(type_a=ptq1_0,type_b=f32,m=16,n=1,k=256,bs=[1,1],nr=[1,1],per=[0,1,2,3],k_v=0,o=1,src_overlap=0): [1;32mOK[0m
  MUL_MAT(type_a=ptq1_0,type_b=f32,m=1,n=64,k=256,bs=[1,1],nr=[1,1],per=[0,1,2,3],k_v=0,o=1,src_overlap=0): [1;32mOK[0m
  30/30 tests passed
  Backend Vulkan0: [1;32mOK[0m
Backend 2/2: CPU
  Skipping
2/2 backends passed
[1;32mOK[0m
