reports/gemma-simd-async-20260906/build-vulkan/ggml/src/ggml-vulkan/CMakeFiles/ggml-vulkan.dir/abs.comp.cpp.o: OK
reports/gemma-simd-async-20260906/build-vulkan/ggml/src/ggml-vulkan/CMakeFiles/ggml-vulkan.dir/acc.comp.cpp.o: OK
reports/gemma-simd-async-20260906/build-vulkan/ggml/src/ggml-vulkan/CMakeFiles/ggml-vulkan.dir/add1.comp.cpp.o: OK
reports/gemma-simd-async-20260906/build-vulkan/ggml/src/ggml-vulkan/CMakeFiles/ggml-vulkan.dir/add.comp.cpp.o: OK
reports/gemma-simd-async-20260906/build-vulkan/ggml/src/ggml-vulkan/CMakeFiles/ggml-vulkan.dir/add_id.comp.cpp.o: OK
reports/gemma-simd-async-20260906/build-vulkan/ggml/src/ggml-vulkan/CMakeFiles/ggml-vulkan.dir/arange.comp.cpp.o: OK
reports/gemma-simd-async-20260906/build-vulkan/ggml/src/ggml-vulkan/CMakeFiles/ggml-vulkan.dir/argmax.comp.cpp.o: OK
reports/gemma-simd-async-20260906/build-vulkan/ggml/src/ggml-vulkan/CMakeFiles/ggml-vulkan.dir/argsort.comp.cpp.o: OK
reports/gemma-simd-async-20260906/build-vulkan/ggml/src/ggml-vulkan/CMakeFiles/ggml-vulkan.dir/argsort_large.comp.cpp.o: OK
reports/gemma-simd-async-20260906/build-vulkan/ggml/src/ggml-vulkan/CMakeFiles/ggml-vulkan.dir/ceil.comp.cpp.o: OK
reports/gemma-simd-async-20260906/build-vulkan/ggml/src/ggml-vulkan/CMakeFiles/ggml-vulkan.dir/clamp.comp.cpp.o: OK
reports/gemma-simd-async-20260906/build-vulkan/ggml/src/ggml-vulkan/CMakeFiles/ggml-vulkan.dir/col2im_1d.comp.cpp.o: OK
reports/gemma-simd-async-20260906/build-vulkan/ggml/src/ggml-vulkan/CMakeFiles/ggml-vulkan.dir/concat.comp.cpp.o: OK
reports/gemma-simd-async-20260906/build-vulkan/ggml/src/ggml-vulkan/CMakeFiles/ggml-vulkan.dir/contig_copy.comp.cpp.o: OK
reports/gemma-simd-async-20260906/build-vulkan/ggml/src/ggml-vulkan/CMakeFiles/ggml-vulkan.dir/conv2d_dw.comp.cpp.o: OK
reports/gemma-simd-async-20260906/build-vulkan/ggml/src/ggml-vulkan/CMakeFiles/ggml-vulkan.dir/conv2d_mm.comp.cpp.o: OK
reports/gemma-simd-async-20260906/build-vulkan/ggml/src/ggml-vulkan/CMakeFiles/ggml-vulkan.dir/conv3d_mm.comp.cpp.o: OK
reports/gemma-simd-async-20260906/build-vulkan/ggml/src/ggml-vulkan/CMakeFiles/ggml-vulkan.dir/conv_transpose_1d.comp.cpp.o: OK
reports/gemma-simd-async-20260906/build-vulkan/ggml/src/ggml-vulkan/CMakeFiles/ggml-vulkan.dir/copy.comp.cpp.o: OK
reports/gemma-simd-async-20260906/build-vulkan/ggml/src/ggml-vulkan/CMakeFiles/ggml-vulkan.dir/copy_from_quant.comp.cpp.o: OK
reports/gemma-simd-async-20260906/build-vulkan/ggml/src/ggml-vulkan/CMakeFiles/ggml-vulkan.dir/copy_to_quant.comp.cpp.o: OK
reports/gemma-simd-async-20260906/build-vulkan/ggml/src/ggml-vulkan/CMakeFiles/ggml-vulkan.dir/copy_transpose_02.comp.cpp.o: OK
reports/gemma-simd-async-20260906/build-vulkan/ggml/src/ggml-vulkan/CMakeFiles/ggml-vulkan.dir/copy_transpose.comp.cpp.o: OK
reports/gemma-simd-async-20260906/build-vulkan/ggml/src/ggml-vulkan/CMakeFiles/ggml-vulkan.dir/cos.comp.cpp.o: OK
reports/gemma-simd-async-20260906/build-vulkan/ggml/src/ggml-vulkan/CMakeFiles/ggml-vulkan.dir/count_equal.comp.cpp.o: OK
reports/gemma-simd-async-20260906/build-vulkan/ggml/src/ggml-vulkan/CMakeFiles/ggml-vulkan.dir/count_experts.comp.cpp.o: OK
reports/gemma-simd-async-20260906/build-vulkan/ggml/src/ggml-vulkan/CMakeFiles/ggml-vulkan.dir/cross_entropy_loss_back.comp.cpp.o: OK
reports/gemma-simd-async-20260906/build-vulkan/ggml/src/ggml-vulkan/CMakeFiles/ggml-vulkan.dir/cross_entropy_loss.comp.cpp.o: OK
reports/gemma-simd-async-20260906/build-vulkan/ggml/src/ggml-vulkan/CMakeFiles/ggml-vulkan.dir/cumsum.comp.cpp.o: OK
reports/gemma-simd-async-20260906/build-vulkan/ggml/src/ggml-vulkan/CMakeFiles/ggml-vulkan.dir/cumsum_multipass1.comp.cpp.o: OK
reports/gemma-simd-async-20260906/build-vulkan/ggml/src/ggml-vulkan/CMakeFiles/ggml-vulkan.dir/cumsum_multipass2.comp.cpp.o: OK
reports/gemma-simd-async-20260906/build-vulkan/ggml/src/ggml-vulkan/CMakeFiles/ggml-vulkan.dir/dequant_f32.comp.cpp.o: OK
reports/gemma-simd-async-20260906/build-vulkan/ggml/src/ggml-vulkan/CMakeFiles/ggml-vulkan.dir/dequant_iq1_m.comp.cpp.o: OK
reports/gemma-simd-async-20260906/build-vulkan/ggml/src/ggml-vulkan/CMakeFiles/ggml-vulkan.dir/dequant_iq1_s.comp.cpp.o: OK
reports/gemma-simd-async-20260906/build-vulkan/ggml/src/ggml-vulkan/CMakeFiles/ggml-vulkan.dir/dequant_iq2_s.comp.cpp.o: OK
reports/gemma-simd-async-20260906/build-vulkan/ggml/src/ggml-vulkan/CMakeFiles/ggml-vulkan.dir/dequant_iq2_xs.comp.cpp.o: OK
reports/gemma-simd-async-20260906/build-vulkan/ggml/src/ggml-vulkan/CMakeFiles/ggml-vulkan.dir/dequant_iq2_xxs.comp.cpp.o: OK
reports/gemma-simd-async-20260906/build-vulkan/ggml/src/ggml-vulkan/CMakeFiles/ggml-vulkan.dir/dequant_iq3_s.comp.cpp.o: OK
reports/gemma-simd-async-20260906/build-vulkan/ggml/src/ggml-vulkan/CMakeFiles/ggml-vulkan.dir/dequant_iq3_xxs.comp.cpp.o: OK
reports/gemma-simd-async-20260906/build-vulkan/ggml/src/ggml-vulkan/CMakeFiles/ggml-vulkan.dir/dequant_iq4_nl.comp.cpp.o: OK
reports/gemma-simd-async-20260906/build-vulkan/ggml/src/ggml-vulkan/CMakeFiles/ggml-vulkan.dir/dequant_iq4_xs.comp.cpp.o: OK
reports/gemma-simd-async-20260906/build-vulkan/ggml/src/ggml-vulkan/CMakeFiles/ggml-vulkan.dir/dequant_mxfp4.comp.cpp.o: OK
reports/gemma-simd-async-20260906/build-vulkan/ggml/src/ggml-vulkan/CMakeFiles/ggml-vulkan.dir/dequant_nvfp4.comp.cpp.o: OK
reports/gemma-simd-async-20260906/build-vulkan/ggml/src/ggml-vulkan/CMakeFiles/ggml-vulkan.dir/dequant_q1_0.comp.cpp.o: OK
reports/gemma-simd-async-20260906/build-vulkan/ggml/src/ggml-vulkan/CMakeFiles/ggml-vulkan.dir/dequant_q2_0.comp.cpp.o: OK
reports/gemma-simd-async-20260906/build-vulkan/ggml/src/ggml-vulkan/CMakeFiles/ggml-vulkan.dir/dequant_q2_k.comp.cpp.o: OK
reports/gemma-simd-async-20260906/build-vulkan/ggml/src/ggml-vulkan/CMakeFiles/ggml-vulkan.dir/dequant_q3_k.comp.cpp.o: OK
reports/gemma-simd-async-20260906/build-vulkan/ggml/src/ggml-vulkan/CMakeFiles/ggml-vulkan.dir/dequant_q4_0.comp.cpp.o: OK
reports/gemma-simd-async-20260906/build-vulkan/ggml/src/ggml-vulkan/CMakeFiles/ggml-vulkan.dir/dequant_q4_1.comp.cpp.o: OK
reports/gemma-simd-async-20260906/build-vulkan/ggml/src/ggml-vulkan/CMakeFiles/ggml-vulkan.dir/dequant_q4_k.comp.cpp.o: OK
reports/gemma-simd-async-20260906/build-vulkan/ggml/src/ggml-vulkan/CMakeFiles/ggml-vulkan.dir/dequant_q5_0.comp.cpp.o: OK
reports/gemma-simd-async-20260906/build-vulkan/ggml/src/ggml-vulkan/CMakeFiles/ggml-vulkan.dir/dequant_q5_1.comp.cpp.o: OK
reports/gemma-simd-async-20260906/build-vulkan/ggml/src/ggml-vulkan/CMakeFiles/ggml-vulkan.dir/dequant_q5_k.comp.cpp.o: OK
reports/gemma-simd-async-20260906/build-vulkan/ggml/src/ggml-vulkan/CMakeFiles/ggml-vulkan.dir/dequant_q6_k.comp.cpp.o: OK
reports/gemma-simd-async-20260906/build-vulkan/ggml/src/ggml-vulkan/CMakeFiles/ggml-vulkan.dir/dequant_q8_0.comp.cpp.o: OK
reports/gemma-simd-async-20260906/build-vulkan/ggml/src/ggml-vulkan/CMakeFiles/ggml-vulkan.dir/dequant_tq2_0.comp.cpp.o: OK
reports/gemma-simd-async-20260906/build-vulkan/ggml/src/ggml-vulkan/CMakeFiles/ggml-vulkan.dir/dequant_tq4_1s.comp.cpp.o: OK
reports/gemma-simd-async-20260906/build-vulkan/ggml/src/ggml-vulkan/CMakeFiles/ggml-vulkan.dir/dequant_turbo3_0.comp.cpp.o: OK
reports/gemma-simd-async-20260906/build-vulkan/ggml/src/ggml-vulkan/CMakeFiles/ggml-vulkan.dir/diag.comp.cpp.o: OK
reports/gemma-simd-async-20260906/build-vulkan/ggml/src/ggml-vulkan/CMakeFiles/ggml-vulkan.dir/diag_mask_inf.comp.cpp.o: OK
reports/gemma-simd-async-20260906/build-vulkan/ggml/src/ggml-vulkan/CMakeFiles/ggml-vulkan.dir/div.comp.cpp.o: OK
reports/gemma-simd-async-20260906/build-vulkan/ggml/src/ggml-vulkan/CMakeFiles/ggml-vulkan.dir/elu.comp.cpp.o: OK
reports/gemma-simd-async-20260906/build-vulkan/ggml/src/ggml-vulkan/CMakeFiles/ggml-vulkan.dir/exp.comp.cpp.o: OK
reports/gemma-simd-async-20260906/build-vulkan/ggml/src/ggml-vulkan/CMakeFiles/ggml-vulkan.dir/fill.comp.cpp.o: OK
reports/gemma-simd-async-20260906/build-vulkan/ggml/src/ggml-vulkan/CMakeFiles/ggml-vulkan.dir/flash_attn_cm1.comp.cpp.o: OK
reports/gemma-simd-async-20260906/build-vulkan/ggml/src/ggml-vulkan/CMakeFiles/ggml-vulkan.dir/flash_attn_cm2.comp.cpp.o: OK
reports/gemma-simd-async-20260906/build-vulkan/ggml/src/ggml-vulkan/CMakeFiles/ggml-vulkan.dir/flash_attn.comp.cpp.o: OK
reports/gemma-simd-async-20260906/build-vulkan/ggml/src/ggml-vulkan/CMakeFiles/ggml-vulkan.dir/flash_attn_mask_opt.comp.cpp.o: OK
reports/gemma-simd-async-20260906/build-vulkan/ggml/src/ggml-vulkan/CMakeFiles/ggml-vulkan.dir/flash_attn_split_k_reduce.comp.cpp.o: OK
reports/gemma-simd-async-20260906/build-vulkan/ggml/src/ggml-vulkan/CMakeFiles/ggml-vulkan.dir/floor.comp.cpp.o: OK
reports/gemma-simd-async-20260906/build-vulkan/ggml/src/ggml-vulkan/CMakeFiles/ggml-vulkan.dir/fwht.comp.cpp.o: OK
reports/gemma-simd-async-20260906/build-vulkan/ggml/src/ggml-vulkan/CMakeFiles/ggml-vulkan.dir/gated_delta_net.comp.cpp.o: OK
reports/gemma-simd-async-20260906/build-vulkan/ggml/src/ggml-vulkan/CMakeFiles/ggml-vulkan.dir/geglu.comp.cpp.o: OK
reports/gemma-simd-async-20260906/build-vulkan/ggml/src/ggml-vulkan/CMakeFiles/ggml-vulkan.dir/geglu_erf.comp.cpp.o: OK
reports/gemma-simd-async-20260906/build-vulkan/ggml/src/ggml-vulkan/CMakeFiles/ggml-vulkan.dir/geglu_quick.comp.cpp.o: OK
reports/gemma-simd-async-20260906/build-vulkan/ggml/src/ggml-vulkan/CMakeFiles/ggml-vulkan.dir/gelu.comp.cpp.o: OK
reports/gemma-simd-async-20260906/build-vulkan/ggml/src/ggml-vulkan/CMakeFiles/ggml-vulkan.dir/gelu_erf.comp.cpp.o: OK
reports/gemma-simd-async-20260906/build-vulkan/ggml/src/ggml-vulkan/CMakeFiles/ggml-vulkan.dir/gelu_quick.comp.cpp.o: OK
reports/gemma-simd-async-20260906/build-vulkan/ggml/src/ggml-vulkan/CMakeFiles/ggml-vulkan.dir/get_rows_back.comp.cpp.o: OK
reports/gemma-simd-async-20260906/build-vulkan/ggml/src/ggml-vulkan/CMakeFiles/ggml-vulkan.dir/get_rows.comp.cpp.o: OK
reports/gemma-simd-async-20260906/build-vulkan/ggml/src/ggml-vulkan/CMakeFiles/ggml-vulkan.dir/get_rows_quant.comp.cpp.o: OK
reports/gemma-simd-async-20260906/build-vulkan/ggml/src/ggml-vulkan/CMakeFiles/ggml-vulkan.dir/gla.comp.cpp.o: OK
reports/gemma-simd-async-20260906/build-vulkan/ggml/src/ggml-vulkan/CMakeFiles/ggml-vulkan.dir/group_norm.comp.cpp.o: OK
reports/gemma-simd-async-20260906/build-vulkan/ggml/src/ggml-vulkan/CMakeFiles/ggml-vulkan.dir/hardsigmoid.comp.cpp.o: OK
reports/gemma-simd-async-20260906/build-vulkan/ggml/src/ggml-vulkan/CMakeFiles/ggml-vulkan.dir/hardswish.comp.cpp.o: OK
reports/gemma-simd-async-20260906/build-vulkan/ggml/src/ggml-vulkan/CMakeFiles/ggml-vulkan.dir/im2col_3d.comp.cpp.o: OK
reports/gemma-simd-async-20260906/build-vulkan/ggml/src/ggml-vulkan/CMakeFiles/ggml-vulkan.dir/im2col.comp.cpp.o: OK
reports/gemma-simd-async-20260906/build-vulkan/ggml/src/ggml-vulkan/CMakeFiles/ggml-vulkan.dir/l2_norm.comp.cpp.o: OK
reports/gemma-simd-async-20260906/build-vulkan/ggml/src/ggml-vulkan/CMakeFiles/ggml-vulkan.dir/leaky_relu.comp.cpp.o: OK
reports/gemma-simd-async-20260906/build-vulkan/ggml/src/ggml-vulkan/CMakeFiles/ggml-vulkan.dir/lightning_indexer.comp.cpp.o: OK
reports/gemma-simd-async-20260906/build-vulkan/ggml/src/ggml-vulkan/CMakeFiles/ggml-vulkan.dir/log.comp.cpp.o: OK
reports/gemma-simd-async-20260906/build-vulkan/ggml/src/ggml-vulkan/CMakeFiles/ggml-vulkan.dir/mul.comp.cpp.o: OK
reports/gemma-simd-async-20260906/build-vulkan/ggml/src/ggml-vulkan/CMakeFiles/ggml-vulkan.dir/mul_mat_split_k_reduce.comp.cpp.o: OK
reports/gemma-simd-async-20260906/build-vulkan/ggml/src/ggml-vulkan/CMakeFiles/ggml-vulkan.dir/mul_mat_vec.comp.cpp.o: OK
reports/gemma-simd-async-20260906/build-vulkan/ggml/src/ggml-vulkan/CMakeFiles/ggml-vulkan.dir/mul_mat_vec_iq1_m.comp.cpp.o: OK
reports/gemma-simd-async-20260906/build-vulkan/ggml/src/ggml-vulkan/CMakeFiles/ggml-vulkan.dir/mul_mat_vec_iq1_s.comp.cpp.o: OK
reports/gemma-simd-async-20260906/build-vulkan/ggml/src/ggml-vulkan/CMakeFiles/ggml-vulkan.dir/mul_mat_vec_iq2_s.comp.cpp.o: OK
reports/gemma-simd-async-20260906/build-vulkan/ggml/src/ggml-vulkan/CMakeFiles/ggml-vulkan.dir/mul_mat_vec_iq2_xs.comp.cpp.o: OK
reports/gemma-simd-async-20260906/build-vulkan/ggml/src/ggml-vulkan/CMakeFiles/ggml-vulkan.dir/mul_mat_vec_iq2_xxs.comp.cpp.o: OK
reports/gemma-simd-async-20260906/build-vulkan/ggml/src/ggml-vulkan/CMakeFiles/ggml-vulkan.dir/mul_mat_vec_iq3_s.comp.cpp.o: OK
reports/gemma-simd-async-20260906/build-vulkan/ggml/src/ggml-vulkan/CMakeFiles/ggml-vulkan.dir/mul_mat_vec_iq3_xxs.comp.cpp.o: OK
reports/gemma-simd-async-20260906/build-vulkan/ggml/src/ggml-vulkan/CMakeFiles/ggml-vulkan.dir/mul_mat_vec_nc.comp.cpp.o: OK
reports/gemma-simd-async-20260906/build-vulkan/ggml/src/ggml-vulkan/CMakeFiles/ggml-vulkan.dir/mul_mat_vec_p021.comp.cpp.o: OK
reports/gemma-simd-async-20260906/build-vulkan/ggml/src/ggml-vulkan/CMakeFiles/ggml-vulkan.dir/mul_mat_vec_q2_k.comp.cpp.o: OK
reports/gemma-simd-async-20260906/build-vulkan/ggml/src/ggml-vulkan/CMakeFiles/ggml-vulkan.dir/mul_mat_vec_q3_k.comp.cpp.o: OK
reports/gemma-simd-async-20260906/build-vulkan/ggml/src/ggml-vulkan/CMakeFiles/ggml-vulkan.dir/mul_mat_vec_q4_k.comp.cpp.o: OK
reports/gemma-simd-async-20260906/build-vulkan/ggml/src/ggml-vulkan/CMakeFiles/ggml-vulkan.dir/mul_mat_vec_q5_k.comp.cpp.o: OK
reports/gemma-simd-async-20260906/build-vulkan/ggml/src/ggml-vulkan/CMakeFiles/ggml-vulkan.dir/mul_mat_vec_q6_k.comp.cpp.o: OK
reports/gemma-simd-async-20260906/build-vulkan/ggml/src/ggml-vulkan/CMakeFiles/ggml-vulkan.dir/mul_mat_vecq.comp.cpp.o: OK
reports/gemma-simd-async-20260906/build-vulkan/ggml/src/ggml-vulkan/CMakeFiles/ggml-vulkan.dir/mul_mat_vec_tq2_0.comp.cpp.o: OK
reports/gemma-simd-async-20260906/build-vulkan/ggml/src/ggml-vulkan/CMakeFiles/ggml-vulkan.dir/mul_mat_vec_tq4_1s.comp.cpp.o: OK
reports/gemma-simd-async-20260906/build-vulkan/ggml/src/ggml-vulkan/CMakeFiles/ggml-vulkan.dir/mul_mm_cm2.comp.cpp.o: OK
reports/gemma-simd-async-20260906/build-vulkan/ggml/src/ggml-vulkan/CMakeFiles/ggml-vulkan.dir/mul_mm.comp.cpp.o: OK
reports/gemma-simd-async-20260906/build-vulkan/ggml/src/ggml-vulkan/CMakeFiles/ggml-vulkan.dir/mul_mmq.comp.cpp.o: OK
reports/gemma-simd-async-20260906/build-vulkan/ggml/src/ggml-vulkan/CMakeFiles/ggml-vulkan.dir/multi_add.comp.cpp.o: OK
reports/gemma-simd-async-20260906/build-vulkan/ggml/src/ggml-vulkan/CMakeFiles/ggml-vulkan.dir/neg.comp.cpp.o: OK
reports/gemma-simd-async-20260906/build-vulkan/ggml/src/ggml-vulkan/CMakeFiles/ggml-vulkan.dir/norm.comp.cpp.o: OK
reports/gemma-simd-async-20260906/build-vulkan/ggml/src/ggml-vulkan/CMakeFiles/ggml-vulkan.dir/opt_step_adamw.comp.cpp.o: OK
reports/gemma-simd-async-20260906/build-vulkan/ggml/src/ggml-vulkan/CMakeFiles/ggml-vulkan.dir/opt_step_sgd.comp.cpp.o: OK
reports/gemma-simd-async-20260906/build-vulkan/ggml/src/ggml-vulkan/CMakeFiles/ggml-vulkan.dir/out_prod.comp.cpp.o: OK
reports/gemma-simd-async-20260906/build-vulkan/ggml/src/ggml-vulkan/CMakeFiles/ggml-vulkan.dir/pad.comp.cpp.o: OK
reports/gemma-simd-async-20260906/build-vulkan/ggml/src/ggml-vulkan/CMakeFiles/ggml-vulkan.dir/pad_reflect_1d.comp.cpp.o: OK
reports/gemma-simd-async-20260906/build-vulkan/ggml/src/ggml-vulkan/CMakeFiles/ggml-vulkan.dir/pool1d.comp.cpp.o: OK
reports/gemma-simd-async-20260906/build-vulkan/ggml/src/ggml-vulkan/CMakeFiles/ggml-vulkan.dir/pool2d.comp.cpp.o: OK
reports/gemma-simd-async-20260906/build-vulkan/ggml/src/ggml-vulkan/CMakeFiles/ggml-vulkan.dir/quantize_q8_1.comp.cpp.o: OK
reports/gemma-simd-async-20260906/build-vulkan/ggml/src/ggml-vulkan/CMakeFiles/ggml-vulkan.dir/reglu.comp.cpp.o: OK
reports/gemma-simd-async-20260906/build-vulkan/ggml/src/ggml-vulkan/CMakeFiles/ggml-vulkan.dir/relu.comp.cpp.o: OK
reports/gemma-simd-async-20260906/build-vulkan/ggml/src/ggml-vulkan/CMakeFiles/ggml-vulkan.dir/repeat_back.comp.cpp.o: OK
reports/gemma-simd-async-20260906/build-vulkan/ggml/src/ggml-vulkan/CMakeFiles/ggml-vulkan.dir/repeat.comp.cpp.o: OK
reports/gemma-simd-async-20260906/build-vulkan/ggml/src/ggml-vulkan/CMakeFiles/ggml-vulkan.dir/rms_norm_back.comp.cpp.o: OK
reports/gemma-simd-async-20260906/build-vulkan/ggml/src/ggml-vulkan/CMakeFiles/ggml-vulkan.dir/rms_norm.comp.cpp.o: OK
reports/gemma-simd-async-20260906/build-vulkan/ggml/src/ggml-vulkan/CMakeFiles/ggml-vulkan.dir/rms_norm_partials.comp.cpp.o: OK
reports/gemma-simd-async-20260906/build-vulkan/ggml/src/ggml-vulkan/CMakeFiles/ggml-vulkan.dir/roll.comp.cpp.o: OK
reports/gemma-simd-async-20260906/build-vulkan/ggml/src/ggml-vulkan/CMakeFiles/ggml-vulkan.dir/rope_multi.comp.cpp.o: OK
reports/gemma-simd-async-20260906/build-vulkan/ggml/src/ggml-vulkan/CMakeFiles/ggml-vulkan.dir/rope_neox.comp.cpp.o: OK
reports/gemma-simd-async-20260906/build-vulkan/ggml/src/ggml-vulkan/CMakeFiles/ggml-vulkan.dir/rope_norm.comp.cpp.o: OK
reports/gemma-simd-async-20260906/build-vulkan/ggml/src/ggml-vulkan/CMakeFiles/ggml-vulkan.dir/rope_vision.comp.cpp.o: OK
reports/gemma-simd-async-20260906/build-vulkan/ggml/src/ggml-vulkan/CMakeFiles/ggml-vulkan.dir/round.comp.cpp.o: OK
reports/gemma-simd-async-20260906/build-vulkan/ggml/src/ggml-vulkan/CMakeFiles/ggml-vulkan.dir/scale.comp.cpp.o: OK
reports/gemma-simd-async-20260906/build-vulkan/ggml/src/ggml-vulkan/CMakeFiles/ggml-vulkan.dir/sgn.comp.cpp.o: OK
reports/gemma-simd-async-20260906/build-vulkan/ggml/src/ggml-vulkan/CMakeFiles/ggml-vulkan.dir/sigmoid.comp.cpp.o: OK
reports/gemma-simd-async-20260906/build-vulkan/ggml/src/ggml-vulkan/CMakeFiles/ggml-vulkan.dir/silu_back.comp.cpp.o: OK
reports/gemma-simd-async-20260906/build-vulkan/ggml/src/ggml-vulkan/CMakeFiles/ggml-vulkan.dir/silu.comp.cpp.o: OK
reports/gemma-simd-async-20260906/build-vulkan/ggml/src/ggml-vulkan/CMakeFiles/ggml-vulkan.dir/sin.comp.cpp.o: OK
reports/gemma-simd-async-20260906/build-vulkan/ggml/src/ggml-vulkan/CMakeFiles/ggml-vulkan.dir/snake.comp.cpp.o: OK
reports/gemma-simd-async-20260906/build-vulkan/ggml/src/ggml-vulkan/CMakeFiles/ggml-vulkan.dir/soft_max_back.comp.cpp.o: OK
reports/gemma-simd-async-20260906/build-vulkan/ggml/src/ggml-vulkan/CMakeFiles/ggml-vulkan.dir/soft_max.comp.cpp.o: OK
reports/gemma-simd-async-20260906/build-vulkan/ggml/src/ggml-vulkan/CMakeFiles/ggml-vulkan.dir/soft_max_large1.comp.cpp.o: OK
reports/gemma-simd-async-20260906/build-vulkan/ggml/src/ggml-vulkan/CMakeFiles/ggml-vulkan.dir/soft_max_large2.comp.cpp.o: OK
reports/gemma-simd-async-20260906/build-vulkan/ggml/src/ggml-vulkan/CMakeFiles/ggml-vulkan.dir/soft_max_large3.comp.cpp.o: OK
reports/gemma-simd-async-20260906/build-vulkan/ggml/src/ggml-vulkan/CMakeFiles/ggml-vulkan.dir/softplus.comp.cpp.o: OK
reports/gemma-simd-async-20260906/build-vulkan/ggml/src/ggml-vulkan/CMakeFiles/ggml-vulkan.dir/solve_tri.comp.cpp.o: OK
reports/gemma-simd-async-20260906/build-vulkan/ggml/src/ggml-vulkan/CMakeFiles/ggml-vulkan.dir/sqrt.comp.cpp.o: OK
reports/gemma-simd-async-20260906/build-vulkan/ggml/src/ggml-vulkan/CMakeFiles/ggml-vulkan.dir/square.comp.cpp.o: OK
reports/gemma-simd-async-20260906/build-vulkan/ggml/src/ggml-vulkan/CMakeFiles/ggml-vulkan.dir/ssm_conv.comp.cpp.o: OK
reports/gemma-simd-async-20260906/build-vulkan/ggml/src/ggml-vulkan/CMakeFiles/ggml-vulkan.dir/ssm_scan.comp.cpp.o: OK
reports/gemma-simd-async-20260906/build-vulkan/ggml/src/ggml-vulkan/CMakeFiles/ggml-vulkan.dir/step.comp.cpp.o: OK
reports/gemma-simd-async-20260906/build-vulkan/ggml/src/ggml-vulkan/CMakeFiles/ggml-vulkan.dir/sub.comp.cpp.o: OK
reports/gemma-simd-async-20260906/build-vulkan/ggml/src/ggml-vulkan/CMakeFiles/ggml-vulkan.dir/sum_rows.comp.cpp.o: OK
reports/gemma-simd-async-20260906/build-vulkan/ggml/src/ggml-vulkan/CMakeFiles/ggml-vulkan.dir/swiglu_clamp.comp.cpp.o: OK
reports/gemma-simd-async-20260906/build-vulkan/ggml/src/ggml-vulkan/CMakeFiles/ggml-vulkan.dir/swiglu.comp.cpp.o: OK
reports/gemma-simd-async-20260906/build-vulkan/ggml/src/ggml-vulkan/CMakeFiles/ggml-vulkan.dir/swiglu_oai.comp.cpp.o: OK
reports/gemma-simd-async-20260906/build-vulkan/ggml/src/ggml-vulkan/CMakeFiles/ggml-vulkan.dir/tanh.comp.cpp.o: OK
reports/gemma-simd-async-20260906/build-vulkan/ggml/src/ggml-vulkan/CMakeFiles/ggml-vulkan.dir/timestep_embedding.comp.cpp.o: OK
reports/gemma-simd-async-20260906/build-vulkan/ggml/src/ggml-vulkan/CMakeFiles/ggml-vulkan.dir/topk_argsort.comp.cpp.o: OK
reports/gemma-simd-async-20260906/build-vulkan/ggml/src/ggml-vulkan/CMakeFiles/ggml-vulkan.dir/topk_moe.comp.cpp.o: OK
reports/gemma-simd-async-20260906/build-vulkan/ggml/src/ggml-vulkan/CMakeFiles/ggml-vulkan.dir/topk_nary_search.comp.cpp.o: OK
reports/gemma-simd-async-20260906/build-vulkan/ggml/src/ggml-vulkan/CMakeFiles/ggml-vulkan.dir/topk_radix_select.comp.cpp.o: OK
reports/gemma-simd-async-20260906/build-vulkan/ggml/src/ggml-vulkan/CMakeFiles/ggml-vulkan.dir/tri.comp.cpp.o: OK
reports/gemma-simd-async-20260906/build-vulkan/ggml/src/ggml-vulkan/CMakeFiles/ggml-vulkan.dir/trunc.comp.cpp.o: OK
reports/gemma-simd-async-20260906/build-vulkan/ggml/src/ggml-vulkan/CMakeFiles/ggml-vulkan.dir/turbo_wht.comp.cpp.o: OK
reports/gemma-simd-async-20260906/build-vulkan/ggml/src/ggml-vulkan/CMakeFiles/ggml-vulkan.dir/unary.comp.cpp.o: OK
reports/gemma-simd-async-20260906/build-vulkan/ggml/src/ggml-vulkan/CMakeFiles/ggml-vulkan.dir/upscale.comp.cpp.o: OK
reports/gemma-simd-async-20260906/build-vulkan/ggml/src/ggml-vulkan/CMakeFiles/ggml-vulkan.dir/wkv6.comp.cpp.o: OK
reports/gemma-simd-async-20260906/build-vulkan/ggml/src/ggml-vulkan/CMakeFiles/ggml-vulkan.dir/wkv7.comp.cpp.o: OK
reports/gemma-simd-async-20260906/build-vulkan/ggml/src/ggml-vulkan/CMakeFiles/ggml-vulkan.dir/xielu.comp.cpp.o: OK
