true
true
{"label":"restore-0","device":"cpu","wall_ms":598.0679689999997,"package_j":8.480691,"timings":{"restore_ms":525.986},"n_read":1091923924,"token_hash":null}
{"label":"decode-0","device":"cpu","wall_ms":19351.311796,"package_j":645.458125,"timings":{"cache_n":64658,"prompt_n":25,"prompt_ms":1644.866,"prompt_per_token_ms":65.79464,"prompt_per_second":15.198806468125673,"predicted_n":128,"predicted_ms":17600.185,"predicted_per_token_ms":137.5014453125,"predicted_per_second":7.2726508272498265,"draft_n":110,"draft_n_accepted":90},"token_hash":"f1d732cd11275a7e3f7983977021320bb5ccda11b553e3d15e274fc5c42abce0"}
{"label":"restore-1","device":"cpu","wall_ms":271.1160229999987,"package_j":3.56304,"timings":{"restore_ms":270.068},"n_read":1091923924,"token_hash":null}
{"label":"decode-1","device":"cpu","wall_ms":19442.128871999998,"package_j":655.140718,"timings":{"cache_n":64658,"prompt_n":25,"prompt_ms":1663.385,"prompt_per_token_ms":66.5354,"prompt_per_second":15.029593269146952,"predicted_n":128,"predicted_ms":17739.488,"predicted_per_token_ms":138.58975,"predicted_per_second":7.215540831843624,"draft_n":110,"draft_n_accepted":90},"token_hash":"f1d732cd11275a7e3f7983977021320bb5ccda11b553e3d15e274fc5c42abce0"}
FINISHED decode64-base true
{"label":"restore-0","device":"cpu","wall_ms":529.5492670000003,"package_j":8.293314,"timings":{"restore_ms":528.581},"n_read":1091923924,"token_hash":null}
{"label":"decode-0","device":"cpu","wall_ms":19654.609398,"package_j":664.996284,"timings":{"cache_n":64658,"prompt_n":25,"prompt_ms":1706.545,"prompt_per_token_ms":68.26180000000001,"prompt_per_second":14.649481847827042,"predicted_n":128,"predicted_ms":17920.357,"predicted_per_token_ms":140.0027890625,"predicted_per_second":7.142714846584808,"draft_n":110,"draft_n_accepted":90},"token_hash":"f1d732cd11275a7e3f7983977021320bb5ccda11b553e3d15e274fc5c42abce0"}
{"label":"restore-1","device":"cpu","wall_ms":273.40395999999964,"package_j":4.813159,"timings":{"restore_ms":272.416},"n_read":1091923924,"token_hash":null}
{"label":"decode-1","device":"cpu","wall_ms":19681.402137999998,"package_j":669.801264,"timings":{"cache_n":64658,"prompt_n":25,"prompt_ms":1574.911,"prompt_per_token_ms":62.99644,"prompt_per_second":15.873912875076751,"predicted_n":128,"predicted_ms":18078.351,"predicted_per_token_ms":141.2371171875,"predicted_per_second":7.080291781036888,"draft_n":110,"draft_n_accepted":90},"token_hash":"f1d732cd11275a7e3f7983977021320bb5ccda11b553e3d15e274fc5c42abce0"}
FINISHED decode64-p4 true
{"label":"restore-0","device":"cpu","wall_ms":560.4538630000006,"package_j":8.779946,"timings":{"restore_ms":535.699},"n_read":1091923924,"token_hash":null}
{"label":"decode-0","device":"cpu","wall_ms":20108.589228999997,"package_j":675.768778,"timings":{"cache_n":64658,"prompt_n":25,"prompt_ms":1631.852,"prompt_per_token_ms":65.27408,"prompt_per_second":15.320016766226349,"predicted_n":128,"predicted_ms":18393.149,"predicted_per_token_ms":143.6964765625,"predicted_per_second":6.959112874038045,"draft_n":110,"draft_n_accepted":90},"token_hash":"f1d732cd11275a7e3f7983977021320bb5ccda11b553e3d15e274fc5c42abce0"}
{"label":"restore-1","device":"cpu","wall_ms":346.64108000000124,"package_j":5.370348,"timings":{"restore_ms":345.821},"n_read":1091923924,"token_hash":null}
{"label":"decode-1","device":"cpu","wall_ms":19844.813043000002,"package_j":669.250606,"timings":{"cache_n":64658,"prompt_n":25,"prompt_ms":1703.016,"prompt_per_token_ms":68.12064000000001,"prompt_per_second":14.679838592238708,"predicted_n":128,"predicted_ms":18112.464,"predicted_per_token_ms":141.503625,"predicted_per_second":7.06695676524188,"draft_n":110,"draft_n_accepted":90},"token_hash":"f1d732cd11275a7e3f7983977021320bb5ccda11b553e3d15e274fc5c42abce0"}
FINISHED decode64-all16 true
{"label":"restore-0","device":"cpu","wall_ms":535.7331910000003,"package_j":8.535256,"timings":{"restore_ms":534.241},"n_read":1091923924,"token_hash":null}
{"label":"decode-0","device":"cpu","wall_ms":25502.226801999997,"package_j":807.481454,"timings":{"cache_n":64658,"prompt_n":25,"prompt_ms":1870.338,"prompt_per_token_ms":74.81352,"prompt_per_second":13.366567967928791,"predicted_n":128,"predicted_ms":23585.047,"predicted_per_token_ms":184.2581796875,"predicted_per_second":5.42716747607075,"draft_n":110,"draft_n_accepted":90},"token_hash":"f1d732cd11275a7e3f7983977021320bb5ccda11b553e3d15e274fc5c42abce0"}
{"label":"restore-1","device":"cpu","wall_ms":337.2440090000018,"package_j":4.839831,"timings":{"restore_ms":335.74},"n_read":1091923924,"token_hash":null}
{"label":"decode-1","device":"cpu","wall_ms":25593.592255999996,"package_j":807.221566,"timings":{"cache_n":64658,"prompt_n":25,"prompt_ms":1842.571,"prompt_per_token_ms":73.70284,"prompt_per_second":13.567998193828082,"predicted_n":128,"predicted_ms":23716.907,"predicted_per_token_ms":185.2883359375,"predicted_per_second":5.396993798558977,"draft_n":110,"draft_n_accepted":90},"token_hash":"f1d732cd11275a7e3f7983977021320bb5ccda11b553e3d15e274fc5c42abce0"}
FINISHED decode64-omp8 true
{"label":"restore-0","device":"cpu","wall_ms":546.2170550000001,"package_j":8.43229,"timings":{"restore_ms":545.245},"n_read":1091923924,"token_hash":null}
{"label":"decode-0","device":"cpu","wall_ms":24927.910898000002,"package_j":804.976272,"timings":{"cache_n":64658,"prompt_n":25,"prompt_ms":1684.368,"prompt_per_token_ms":67.37472,"prompt_per_second":14.84236223913064,"predicted_n":128,"predicted_ms":23216.355,"predicted_per_token_ms":181.3777734375,"predicted_per_second":5.513354701890112,"draft_n":64,"draft_n_accepted":63},"token_hash":"f1d732cd11275a7e3f7983977021320bb5ccda11b553e3d15e274fc5c42abce0"}
{"label":"restore-1","device":"cpu","wall_ms":298.5159940000012,"package_j":4.835498,"timings":{"restore_ms":297.379},"n_read":1091923924,"token_hash":null}
{"label":"decode-1","device":"cpu","wall_ms":25204.129352000004,"package_j":816.423447,"timings":{"cache_n":64658,"prompt_n":25,"prompt_ms":1612.777,"prompt_per_token_ms":64.51108,"prompt_per_second":15.501213124939156,"predicted_n":128,"predicted_ms":23564.535,"predicted_per_token_ms":184.0979296875,"predicted_per_second":5.431891611695287,"draft_n":64,"draft_n_accepted":63},"token_hash":"f1d732cd11275a7e3f7983977021320bb5ccda11b553e3d15e274fc5c42abce0"}
FINISHED decode64-mtp1 true
{"label":"restore-0","device":"cpu","wall_ms":620.183661,"package_j":9.545935,"timings":{"restore_ms":548.314},"n_read":1091923924,"token_hash":null}
{"label":"decode-0","device":"cpu","wall_ms":22541.082019,"package_j":791.182973,"timings":{"cache_n":64658,"prompt_n":25,"prompt_ms":1627.657,"prompt_per_token_ms":65.10628,"prompt_per_second":15.359501418296361,"predicted_n":128,"predicted_ms":20831.461,"predicted_per_token_ms":162.7457890625,"predicted_per_second":6.144552223197404,"draft_n":172,"draft_n_accepted":92},"token_hash":"f1d732cd11275a7e3f7983977021320bb5ccda11b553e3d15e274fc5c42abce0"}
{"label":"restore-1","device":"cpu","wall_ms":317.4697039999992,"package_j":4.798084,"timings":{"restore_ms":315.816},"n_read":1091923924,"token_hash":null}
{"label":"decode-1","device":"cpu","wall_ms":22550.140131000004,"package_j":788.904719,"timings":{"cache_n":64658,"prompt_n":25,"prompt_ms":1611.778,"prompt_per_token_ms":64.47112,"prompt_per_second":15.510820969140912,"predicted_n":128,"predicted_ms":20809.888,"predicted_per_token_ms":162.57725,"predicted_per_second":6.150922100109333,"draft_n":172,"draft_n_accepted":92},"token_hash":"f1d732cd11275a7e3f7983977021320bb5ccda11b553e3d15e274fc5c42abce0"}
FINISHED decode64-mtp5 true
{"label":"restore","device":"vulkan","wall_ms":508.39435499999945,"package_j":7.798259,"timings":{"restore_ms":507.145},"n_read":1091923940,"token_hash":null}
{"label":"profile-tail","device":"vulkan","wall_ms":30882.384265,"package_j":754.56008,"timings":{"cache_n":64658,"prompt_n":1022,"prompt_ms":30851.777,"prompt_per_token_ms":30.187648727984342,"prompt_per_second":33.126130789808315,"predicted_n":1,"predicted_ms":0.001,"predicted_per_token_ms":0,"predicted_per_second":0},"token_hash":"4f53cda18c2baa0c0354bb5f9a3ecbe5ed12ab4d8e11ba873c2f11161202b945"}
FINISHED vulkan64-tail-profile true
