PASS speech state
true
{"label":"restore","device":"cpu","wall_ms":507.031567,"package_j":7.527385,"timings":{"restore_ms":505.9},"n_read":1091923924,"token_hash":null}
{"label":"decode","device":"cpu","wall_ms":15499.170529000003,"package_j":534.867711,"timings":{"cache_n":64658,"prompt_n":25,"prompt_ms":1456.725,"prompt_per_token_ms":58.269,"prompt_per_second":17.1617841390791,"predicted_n":128,"predicted_ms":14023.215,"predicted_per_token_ms":109.5563671875,"predicted_per_second":9.127721424794528,"draft_n":110,"draft_n_accepted":90},"token_hash":"f1d732cd11275a7e3f7983977021320bb5ccda11b553e3d15e274fc5c42abce0"}
FINISHED confirm-0-mode0 true
{"label":"restore","device":"cpu","wall_ms":561.830801000001,"package_j":8.353678,"timings":{"restore_ms":560.493},"n_read":1091923924,"token_hash":null}
{"label":"decode","device":"cpu","wall_ms":15675.420547000002,"package_j":543.162489,"timings":{"cache_n":64658,"prompt_n":25,"prompt_ms":1648.383,"prompt_per_token_ms":65.93532,"prompt_per_second":15.166378202153261,"predicted_n":128,"predicted_ms":13934.654,"predicted_per_token_ms":108.864484375,"predicted_per_second":9.185732204043243,"draft_n":110,"draft_n_accepted":90},"token_hash":"f1d732cd11275a7e3f7983977021320bb5ccda11b553e3d15e274fc5c42abce0"}
FINISHED confirm-1-mode1 true
{"label":"restore","device":"cpu","wall_ms":516.3709389999995,"package_j":7.928996,"timings":{"restore_ms":515.247},"n_read":1091923924,"token_hash":null}
{"label":"decode","device":"cpu","wall_ms":15472.210495000001,"package_j":542.788955,"timings":{"cache_n":64658,"prompt_n":25,"prompt_ms":1487.062,"prompt_per_token_ms":59.482479999999995,"prompt_per_second":16.811672949749237,"predicted_n":128,"predicted_ms":13963.462,"predicted_per_token_ms":109.089546875,"predicted_per_second":9.166781132071689,"draft_n":110,"draft_n_accepted":90},"token_hash":"f1d732cd11275a7e3f7983977021320bb5ccda11b553e3d15e274fc5c42abce0"}
FINISHED confirm-2-mode1 true
{"label":"restore","device":"cpu","wall_ms":513.4653449999996,"package_j":8.486368,"timings":{"restore_ms":512.029},"n_read":1091923924,"token_hash":null}
{"label":"decode","device":"cpu","wall_ms":15510.732084000003,"package_j":539.891929,"timings":{"cache_n":64658,"prompt_n":25,"prompt_ms":1495.377,"prompt_per_token_ms":59.815079999999995,"prompt_per_second":16.7181921348262,"predicted_n":128,"predicted_ms":13994.24,"predicted_per_token_ms":109.33,"predicted_per_second":9.14662032379036,"draft_n":110,"draft_n_accepted":90},"token_hash":"f1d732cd11275a7e3f7983977021320bb5ccda11b553e3d15e274fc5c42abce0"}
FINISHED confirm-3-mode0 true
{"label":"restore","device":"cpu","wall_ms":505.37996699999985,"package_j":8.936928,"timings":{"restore_ms":504.395},"n_read":1091923924,"token_hash":null}
{"label":"decode","device":"cpu","wall_ms":15949.34969,"package_j":552.948657,"timings":{"cache_n":64658,"prompt_n":25,"prompt_ms":1685.793,"prompt_per_token_ms":67.43172,"prompt_per_second":14.82981599757503,"predicted_n":128,"predicted_ms":14136.865,"predicted_per_token_ms":110.4442578125,"predicted_per_second":9.054341255999828,"draft_n":110,"draft_n_accepted":90},"token_hash":"f1d732cd11275a7e3f7983977021320bb5ccda11b553e3d15e274fc5c42abce0"}
FINISHED confirm-4-mode1 true
{"label":"restore","device":"cpu","wall_ms":510.4334660000004,"package_j":8.722695,"timings":{"restore_ms":509.273},"n_read":1091923924,"token_hash":null}
{"label":"decode","device":"cpu","wall_ms":15844.816492999998,"package_j":550.490107,"timings":{"cache_n":64658,"prompt_n":25,"prompt_ms":1486.117,"prompt_per_token_ms":59.44468,"prompt_per_second":16.822363245962464,"predicted_n":128,"predicted_ms":14310.662,"predicted_per_token_ms":111.802046875,"predicted_per_second":8.944380071306275,"draft_n":110,"draft_n_accepted":90},"token_hash":"f1d732cd11275a7e3f7983977021320bb5ccda11b553e3d15e274fc5c42abce0"}
FINISHED confirm-5-mode0 true
{"label":"restore","device":"cpu","wall_ms":504.50026400000024,"package_j":7.867411,"timings":{"restore_ms":503.089},"n_read":1091923924,"token_hash":null}
{"label":"decode","device":"cpu","wall_ms":15504.754473,"package_j":543.732739,"timings":{"cache_n":64658,"prompt_n":25,"prompt_ms":1486.877,"prompt_per_token_ms":59.47508,"prompt_per_second":16.81376468934552,"predicted_n":128,"predicted_ms":13997.66,"predicted_per_token_ms":109.35671875,"predicted_per_second":9.144385561586722,"draft_n":110,"draft_n_accepted":90},"token_hash":"f1d732cd11275a7e3f7983977021320bb5ccda11b553e3d15e274fc5c42abce0"}
FINISHED confirm-6-mode0 true
{"label":"restore","device":"cpu","wall_ms":518.8407929999994,"package_j":7.832255,"timings":{"restore_ms":517.846},"n_read":1091923924,"token_hash":null}
{"label":"decode","device":"cpu","wall_ms":15633.240019999997,"package_j":549.957088,"timings":{"cache_n":64658,"prompt_n":25,"prompt_ms":1579.672,"prompt_per_token_ms":63.18688,"prompt_per_second":15.826070222172703,"predicted_n":128,"predicted_ms":14033.023,"predicted_per_token_ms":109.6329921875,"predicted_per_second":9.121341852001526,"draft_n":110,"draft_n_accepted":90},"token_hash":"f1d732cd11275a7e3f7983977021320bb5ccda11b553e3d15e274fc5c42abce0"}
FINISHED confirm-7-mode1 true
