2026-09-14T01:57:32Z 29096896
2026-09-14T01:57:33Z 29047584
2026-09-14T01:57:34Z 29035064
2026-09-14T01:57:35Z 28993968
2026-09-14T01:57:36Z 29052488
2026-09-14T01:57:37Z 28996812
2026-09-14T01:57:38Z 29006172
2026-09-14T01:57:39Z 28957148
2026-09-14T01:57:40Z 28956088
2026-09-14T01:57:41Z 28969128
2026-09-14T01:57:42Z 28923284
2026-09-14T01:57:43Z 28947988
2026-09-14T01:57:44Z 28932376
2026-09-14T01:57:45Z 28968580
2026-09-14T01:57:46Z 28957828
2026-09-14T01:57:47Z 28948840
2026-09-14T01:57:48Z 28859260
2026-09-14T01:57:49Z 28778204
2026-09-14T01:57:50Z 28746052
2026-09-14T01:57:51Z 28776948
2026-09-14T01:57:52Z 28761332
2026-09-14T01:57:53Z 28747732
2026-09-14T01:57:54Z 28750896
2026-09-14T01:57:55Z 28762372
2026-09-14T01:57:57Z 28903500
2026-09-14T01:57:58Z 28880044
2026-09-14T01:57:59Z 28864228
2026-09-14T01:58:00Z 28922692
2026-09-14T01:58:01Z 28885768
2026-09-14T01:58:02Z 28786044
2026-09-14T01:58:03Z 28822912
2026-09-14T01:58:04Z 28767328
2026-09-14T01:58:05Z 28778344
2026-09-14T01:58:06Z 28891260
2026-09-14T01:58:07Z 28886060
2026-09-14T01:58:08Z 28782780
2026-09-14T01:58:09Z 28783876
2026-09-14T01:58:10Z 28737988
2026-09-14T01:58:11Z 28799856
2026-09-14T01:58:12Z 28825760
2026-09-14T01:58:13Z 28825740
2026-09-14T01:58:14Z 28826300
2026-09-14T01:58:15Z 28656908
2026-09-14T01:58:16Z 28674920
2026-09-14T01:58:17Z 28703392
2026-09-14T01:58:18Z 28725932
2026-09-14T01:58:19Z 28777464
2026-09-14T01:58:20Z 28779524
2026-09-14T01:58:21Z 28810720
2026-09-14T01:58:22Z 28844652
2026-09-14T01:58:23Z 28824552
2026-09-14T01:58:24Z 28807568
2026-09-14T01:58:25Z 28815968
2026-09-14T01:58:26Z 28815768
2026-09-14T01:58:27Z 28839284
2026-09-14T01:58:28Z 28777424
2026-09-14T01:58:29Z 28764564
2026-09-14T01:58:30Z 28747064
2026-09-14T01:58:31Z 28904908
2026-09-14T01:58:32Z 28916312
2026-09-14T01:58:33Z 28858784
2026-09-14T01:58:34Z 28865036
2026-09-14T01:58:35Z 28854352
2026-09-14T01:58:36Z 28863308
2026-09-14T01:58:37Z 28791348
2026-09-14T01:58:38Z 28857932
2026-09-14T01:58:39Z 28850852
2026-09-14T01:58:40Z 28747156
2026-09-14T01:58:41Z 28748220
2026-09-14T01:58:42Z 28788832
2026-09-14T01:58:43Z 28783380
2026-09-14T01:58:44Z 28805056
2026-09-14T01:58:45Z 28876956
2026-09-14T01:58:46Z 28863124
2026-09-14T01:58:47Z 28869844
2026-09-14T01:58:48Z 28887648
2026-09-14T01:58:49Z 28840612
2026-09-14T01:58:50Z 28753284
2026-09-14T01:58:51Z 28671868
2026-09-14T01:58:52Z 28699552
2026-09-14T01:58:53Z 28737772
