-- CMAKE_SYSTEM_PROCESSOR: x86_64
-- GGML_SYSTEM_ARCH: x86
-- Vulkan found
-- GL_KHR_cooperative_matrix supported by glslc
-- GL_NV_cooperative_matrix2 supported by glslc
-- GL_NV_cooperative_matrix_decode_vector not supported by glslc
-- GL_EXT_integer_dot_product supported by glslc
-- GL_EXT_bfloat16 supported by glslc
-- GL_EXT_float_e2m1 not supported by glslc
-- GL_EXT_float_e4m3 supported by glslc
-- Including Vulkan backend
-- ggml version: 0.23.0
-- ggml commit:  unknown
-- Configuring done (0.8s)
-- Generating done (0.0s)
-- Build files have been written to: /var/home/agent/workspace/reports/xe-master-agentic-20260914/build-vulkan-parent
[0/2] Re-checking globbed directories...
[1/91] Performing build step for 'vulkan-shaders-gen'
ninja: no work to do.
[2/91] Performing install step for 'vulkan-shaders-gen'
-- Up-to-date: /var/home/agent/workspace/reports/xe-master-agentic-20260914/build-vulkan-parent/Release/./vulkan-shaders-gen
[3/91] Completed 'vulkan-shaders-gen'
[4/91] Building CXX object ggml/src/ggml-vulkan/CMakeFiles/ggml-vulkan.dir/mul_mm_cm2.comp.cpp.o
[5/91] Building CXX object ggml/src/ggml-vulkan/CMakeFiles/ggml-vulkan.dir/mul_mmq.comp.cpp.o
[6/91] Building CXX object ggml/src/ggml-vulkan/CMakeFiles/ggml-vulkan.dir/multi_add.comp.cpp.o
[7/91] Building CXX object ggml/src/ggml-vulkan/CMakeFiles/ggml-vulkan.dir/neg.comp.cpp.o
[8/91] Building CXX object ggml/src/ggml-vulkan/CMakeFiles/ggml-vulkan.dir/norm.comp.cpp.o
[9/91] Building CXX object ggml/src/ggml-vulkan/CMakeFiles/ggml-vulkan.dir/opt_step_adamw.comp.cpp.o
[10/91] Building CXX object ggml/src/ggml-vulkan/CMakeFiles/ggml-vulkan.dir/opt_step_sgd.comp.cpp.o
[11/91] Building CXX object ggml/src/ggml-vulkan/CMakeFiles/ggml-vulkan.dir/out_prod.comp.cpp.o
[12/91] Building CXX object ggml/src/ggml-vulkan/CMakeFiles/ggml-vulkan.dir/pad.comp.cpp.o
[13/91] Building CXX object ggml/src/ggml-vulkan/CMakeFiles/ggml-vulkan.dir/pad_reflect_1d.comp.cpp.o
[14/91] Building CXX object ggml/src/ggml-vulkan/CMakeFiles/ggml-vulkan.dir/pool1d.comp.cpp.o
[15/91] Building CXX object ggml/src/ggml-vulkan/CMakeFiles/ggml-vulkan.dir/pool2d.comp.cpp.o
[16/91] Building CXX object ggml/src/ggml-vulkan/CMakeFiles/ggml-vulkan.dir/quantize_q8_1.comp.cpp.o
[17/91] Building CXX object ggml/src/ggml-vulkan/CMakeFiles/ggml-vulkan.dir/reglu.comp.cpp.o
[18/91] Building CXX object ggml/src/ggml-vulkan/CMakeFiles/ggml-vulkan.dir/relu.comp.cpp.o
[19/91] Building CXX object ggml/src/ggml-vulkan/CMakeFiles/ggml-vulkan.dir/repeat.comp.cpp.o
[20/91] Building CXX object ggml/src/ggml-vulkan/CMakeFiles/ggml-vulkan.dir/repeat_back.comp.cpp.o
[21/91] Building CXX object ggml/src/ggml-vulkan/CMakeFiles/ggml-vulkan.dir/rms_norm.comp.cpp.o
[22/91] Building CXX object ggml/src/ggml-vulkan/CMakeFiles/ggml-vulkan.dir/rms_norm_back.comp.cpp.o
[23/91] Building CXX object ggml/src/ggml-vulkan/CMakeFiles/ggml-vulkan.dir/rms_norm_partials.comp.cpp.o
[24/91] Building CXX object ggml/src/ggml-vulkan/CMakeFiles/ggml-vulkan.dir/roll.comp.cpp.o
[25/91] Building CXX object ggml/src/ggml-vulkan/CMakeFiles/ggml-vulkan.dir/rope_multi.comp.cpp.o
[26/91] Building CXX object ggml/src/ggml-vulkan/CMakeFiles/ggml-vulkan.dir/rope_neox.comp.cpp.o
[27/91] Building CXX object ggml/src/ggml-vulkan/CMakeFiles/ggml-vulkan.dir/rope_norm.comp.cpp.o
[28/91] Building CXX object ggml/src/ggml-vulkan/CMakeFiles/ggml-vulkan.dir/rope_vision.comp.cpp.o
[29/91] Building CXX object ggml/src/ggml-vulkan/CMakeFiles/ggml-vulkan.dir/round.comp.cpp.o
[30/91] Building CXX object ggml/src/ggml-vulkan/CMakeFiles/ggml-vulkan.dir/scale.comp.cpp.o
[31/91] Building CXX object ggml/src/ggml-vulkan/CMakeFiles/ggml-vulkan.dir/sgn.comp.cpp.o
[32/91] Building CXX object ggml/src/ggml-vulkan/CMakeFiles/ggml-vulkan.dir/sigmoid.comp.cpp.o
[33/91] Building CXX object ggml/src/ggml-vulkan/CMakeFiles/ggml-vulkan.dir/silu.comp.cpp.o
[34/91] Building CXX object ggml/src/ggml-vulkan/CMakeFiles/ggml-vulkan.dir/silu_back.comp.cpp.o
[35/91] Building CXX object ggml/src/ggml-vulkan/CMakeFiles/ggml-vulkan.dir/sin.comp.cpp.o
[36/91] Building CXX object ggml/src/ggml-vulkan/CMakeFiles/ggml-vulkan.dir/snake.comp.cpp.o
[37/91] Building CXX object ggml/src/ggml-vulkan/CMakeFiles/ggml-vulkan.dir/soft_max.comp.cpp.o
[38/91] Building CXX object ggml/src/ggml-vulkan/CMakeFiles/ggml-vulkan.dir/soft_max_back.comp.cpp.o
[39/91] Building CXX object ggml/src/ggml-vulkan/CMakeFiles/ggml-vulkan.dir/soft_max_large1.comp.cpp.o
[40/91] Building CXX object ggml/src/ggml-vulkan/CMakeFiles/ggml-vulkan.dir/soft_max_large2.comp.cpp.o
[41/91] Building CXX object ggml/src/ggml-vulkan/CMakeFiles/ggml-vulkan.dir/soft_max_large3.comp.cpp.o
[42/91] Building CXX object ggml/src/ggml-vulkan/CMakeFiles/ggml-vulkan.dir/softplus.comp.cpp.o
[43/91] Building CXX object ggml/src/ggml-vulkan/CMakeFiles/ggml-vulkan.dir/solve_tri.comp.cpp.o
[44/91] Building CXX object ggml/src/ggml-vulkan/CMakeFiles/ggml-vulkan.dir/sqrt.comp.cpp.o
[45/91] Building CXX object ggml/src/ggml-vulkan/CMakeFiles/ggml-vulkan.dir/square.comp.cpp.o
[46/91] Building CXX object ggml/src/ggml-vulkan/CMakeFiles/ggml-vulkan.dir/ssm_conv.comp.cpp.o
[47/91] Building CXX object ggml/src/ggml-vulkan/CMakeFiles/ggml-vulkan.dir/ssm_scan.comp.cpp.o
[48/91] Building CXX object ggml/src/ggml-vulkan/CMakeFiles/ggml-vulkan.dir/step.comp.cpp.o
[49/91] Building CXX object ggml/src/ggml-vulkan/CMakeFiles/ggml-vulkan.dir/sub.comp.cpp.o
[50/91] Building CXX object ggml/src/ggml-vulkan/CMakeFiles/ggml-vulkan.dir/sum_rows.comp.cpp.o
[51/91] Building CXX object ggml/src/ggml-vulkan/CMakeFiles/ggml-vulkan.dir/swiglu.comp.cpp.o
[52/91] Building CXX object ggml/src/ggml-vulkan/CMakeFiles/ggml-vulkan.dir/swiglu_clamp.comp.cpp.o
[53/91] Building CXX object ggml/src/ggml-vulkan/CMakeFiles/ggml-vulkan.dir/swiglu_oai.comp.cpp.o
[54/91] Building CXX object ggml/src/ggml-vulkan/CMakeFiles/ggml-vulkan.dir/tanh.comp.cpp.o
[55/91] Building CXX object ggml/src/ggml-vulkan/CMakeFiles/ggml-vulkan.dir/timestep_embedding.comp.cpp.o
[56/91] Building CXX object ggml/src/ggml-vulkan/CMakeFiles/ggml-vulkan.dir/topk_argsort.comp.cpp.o
[57/91] Building CXX object ggml/src/ggml-vulkan/CMakeFiles/ggml-vulkan.dir/topk_moe.comp.cpp.o
[58/91] Building CXX object ggml/src/ggml-vulkan/CMakeFiles/ggml-vulkan.dir/topk_nary_search.comp.cpp.o
[59/91] Building CXX object ggml/src/ggml-vulkan/CMakeFiles/ggml-vulkan.dir/topk_radix_select.comp.cpp.o
[60/91] Building CXX object ggml/src/ggml-vulkan/CMakeFiles/ggml-vulkan.dir/tri.comp.cpp.o
[61/91] Building CXX object ggml/src/ggml-vulkan/CMakeFiles/ggml-vulkan.dir/trunc.comp.cpp.o
[62/91] Building CXX object ggml/src/ggml-vulkan/CMakeFiles/ggml-vulkan.dir/turbo_wht.comp.cpp.o
[63/91] Building CXX object ggml/src/ggml-vulkan/CMakeFiles/ggml-vulkan.dir/unary.comp.cpp.o
[64/91] Building CXX object ggml/src/ggml-vulkan/CMakeFiles/ggml-vulkan.dir/upscale.comp.cpp.o
[65/91] Building CXX object ggml/src/ggml-vulkan/CMakeFiles/ggml-vulkan.dir/wkv6.comp.cpp.o
[66/91] Building CXX object ggml/src/ggml-vulkan/CMakeFiles/ggml-vulkan.dir/wkv7.comp.cpp.o
[67/91] Building CXX object ggml/src/ggml-vulkan/CMakeFiles/ggml-vulkan.dir/xielu.comp.cpp.o
[68/91] Building CXX object ggml/src/ggml-vulkan/CMakeFiles/ggml-vulkan.dir/var/home/agent/workspace/reports/xe-master-agentic-20260914/embedded-mul-mm/mul-mm-00.cpp.o
[69/91] Building CXX object ggml/src/ggml-vulkan/CMakeFiles/ggml-vulkan.dir/var/home/agent/workspace/reports/xe-master-agentic-20260914/embedded-mul-mm/mul-mm-01.cpp.o
[70/91] Building CXX object ggml/src/ggml-vulkan/CMakeFiles/ggml-vulkan.dir/var/home/agent/workspace/reports/xe-master-agentic-20260914/embedded-mul-mm/mul-mm-02.cpp.o
[71/91] Building CXX object ggml/src/ggml-vulkan/CMakeFiles/ggml-vulkan.dir/var/home/agent/workspace/reports/xe-master-agentic-20260914/embedded-mul-mm/mul-mm-03.cpp.o
[72/91] Building CXX object ggml/src/ggml-vulkan/CMakeFiles/ggml-vulkan.dir/var/home/agent/workspace/reports/xe-master-agentic-20260914/embedded-mul-mm/mul-mm-04.cpp.o
[73/91] Building CXX object ggml/src/ggml-vulkan/CMakeFiles/ggml-vulkan.dir/var/home/agent/workspace/reports/xe-master-agentic-20260914/embedded-mul-mm/mul-mm-05.cpp.o
[74/91] Building CXX object ggml/src/ggml-vulkan/CMakeFiles/ggml-vulkan.dir/var/home/agent/workspace/reports/xe-master-agentic-20260914/embedded-mul-mm/mul-mm-06.cpp.o
[75/91] Building CXX object ggml/src/ggml-vulkan/CMakeFiles/ggml-vulkan.dir/var/home/agent/workspace/reports/xe-master-agentic-20260914/embedded-mul-mm/mul-mm-07.cpp.o
[76/91] Building CXX object ggml/src/ggml-vulkan/CMakeFiles/ggml-vulkan.dir/var/home/agent/workspace/reports/xe-master-agentic-20260914/embedded-mul-mm/mul-mm-08.cpp.o
[77/91] Building CXX object ggml/src/ggml-vulkan/CMakeFiles/ggml-vulkan.dir/var/home/agent/workspace/reports/xe-master-agentic-20260914/embedded-mul-mm/mul-mm-09.cpp.o
[78/91] Building CXX object ggml/src/ggml-vulkan/CMakeFiles/ggml-vulkan.dir/var/home/agent/workspace/reports/xe-master-agentic-20260914/embedded-mul-mm/mul-mm-10.cpp.o
[79/91] Building CXX object ggml/src/ggml-vulkan/CMakeFiles/ggml-vulkan.dir/var/home/agent/workspace/reports/xe-master-agentic-20260914/embedded-mul-mm/mul-mm-11.cpp.o
[80/91] Building CXX object ggml/src/ggml-vulkan/CMakeFiles/ggml-vulkan.dir/var/home/agent/workspace/reports/xe-master-agentic-20260914/embedded-mul-mm/mul-mm-12.cpp.o
[81/91] Building CXX object ggml/src/ggml-vulkan/CMakeFiles/ggml-vulkan.dir/var/home/agent/workspace/reports/xe-master-agentic-20260914/embedded-mul-mm/mul-mm-13.cpp.o
[82/91] Building CXX object ggml/src/ggml-vulkan/CMakeFiles/ggml-vulkan.dir/var/home/agent/workspace/reports/xe-master-agentic-20260914/embedded-mul-mm/mul-mm-14.cpp.o
[83/91] Building CXX object ggml/src/ggml-vulkan/CMakeFiles/ggml-vulkan.dir/var/home/agent/workspace/reports/xe-master-agentic-20260914/embedded-mul-mm/mul-mm-15.cpp.o
[84/91] Building CXX object ggml/src/ggml-vulkan/CMakeFiles/ggml-vulkan.dir/var/home/agent/workspace/reports/xe-master-agentic-20260914/embedded-mul-mm/mul-mm-16.cpp.o
[85/91] Building CXX object ggml/src/ggml-vulkan/CMakeFiles/ggml-vulkan.dir/var/home/agent/workspace/reports/xe-master-agentic-20260914/embedded-mul-mm/mul-mm-17.cpp.o
[86/91] Building CXX object ggml/src/ggml-vulkan/CMakeFiles/ggml-vulkan.dir/var/home/agent/workspace/reports/xe-master-agentic-20260914/embedded-mul-mm/mul-mm-18.cpp.o
[87/91] Building CXX object ggml/src/ggml-vulkan/CMakeFiles/ggml-vulkan.dir/var/home/agent/workspace/reports/xe-master-agentic-20260914/embedded-mul-mm/mul-mm-19.cpp.o
[88/91] Building CXX object ggml/src/ggml-vulkan/CMakeFiles/ggml-vulkan.dir/var/home/agent/workspace/reports/xe-master-agentic-20260914/embedded-mul-mm/mul-mm-20.cpp.o
[89/91] Building CXX object ggml/src/ggml-vulkan/CMakeFiles/ggml-vulkan.dir/var/home/agent/workspace/reports/xe-master-agentic-20260914/embedded-mul-mm/mul-mm-21.cpp.o
[90/91] Linking CXX shared module bin/libggml-vulkan.so
memory.peak
348938240
memory.swap.peak
0
memory.events
low 0
high 0
max 0
oom 0
oom_kill 0
oom_group_kill 0
sock_throttled 0
cpu.stat
usage_usec 17074337
user_usec 14807763
system_usec 2266573
nice_usec 0
core_sched.force_idle_usec 0
nr_periods 172
nr_throttled 0
throttled_usec 0
nr_bursts 0
burst_usec 0
memory.peak
348938240
memory.swap.peak
0
memory.events
low 0
high 0
max 0
oom 0
oom_kill 0
oom_group_kill 0
sock_throttled 0
cpu.stat
usage_usec 17077260
user_usec 14808571
system_usec 2268689
nice_usec 0
core_sched.force_idle_usec 0
nr_periods 172
nr_throttled 0
throttled_usec 0
nr_bursts 0
burst_usec 0
