2026-09-14T02:09:27Z 29086284
2026-09-14T02:09:28Z 29016708
2026-09-14T02:09:29Z 28876928
2026-09-14T02:09:30Z 28935064
2026-09-14T02:09:31Z 28930216
2026-09-14T02:09:32Z 28886388
2026-09-14T02:09:33Z 28901336
2026-09-14T02:09:34Z 28949460
2026-09-14T02:09:35Z 28955448
2026-09-14T02:09:36Z 28999280
2026-09-14T02:09:37Z 28997344
2026-09-14T02:09:38Z 28910208
2026-09-14T02:09:39Z 28819324
2026-09-14T02:09:40Z 28798044
2026-09-14T02:09:41Z 28789492
2026-09-14T02:09:42Z 28750728
2026-09-14T02:09:43Z 28708868
2026-09-14T02:09:44Z 28696268
2026-09-14T02:09:45Z 28582112
2026-09-14T02:09:46Z 28919452
2026-09-14T02:09:47Z 28824844
2026-09-14T02:09:48Z 28901332
2026-09-14T02:09:49Z 28802824
2026-09-14T02:09:50Z 28781392
2026-09-14T02:09:51Z 28839716
2026-09-14T02:09:52Z 28871036
2026-09-14T02:09:53Z 28811704
2026-09-14T02:09:54Z 28756292
2026-09-14T02:09:55Z 28747488
2026-09-14T02:09:56Z 28751720
2026-09-14T02:09:57Z 28721284
2026-09-14T02:09:58Z 28755932
2026-09-14T02:09:59Z 28744332
2026-09-14T02:10:00Z 28673576
2026-09-14T02:10:01Z 28750728
2026-09-14T02:10:03Z 28763832
2026-09-14T02:10:04Z 28796012
2026-09-14T02:10:05Z 28823800
2026-09-14T02:10:06Z 28818604
2026-09-14T02:10:07Z 28848356
2026-09-14T02:10:08Z 28793704
2026-09-14T02:10:09Z 28725500
2026-09-14T02:10:10Z 28736216
2026-09-14T02:10:11Z 28771748
2026-09-14T02:10:12Z 28837520
2026-09-14T02:10:13Z 28799668
2026-09-14T02:10:14Z 28794596
2026-09-14T02:10:15Z 28788416
2026-09-14T02:10:16Z 28811808
2026-09-14T02:10:17Z 28891780
2026-09-14T02:10:18Z 28873552
2026-09-14T02:10:19Z 28844220
2026-09-14T02:10:20Z 28849696
2026-09-14T02:10:21Z 28876588
2026-09-14T02:10:22Z 28868848
2026-09-14T02:10:23Z 28788548
2026-09-14T02:10:24Z 28834268
2026-09-14T02:10:25Z 28902872
2026-09-14T02:10:26Z 28824248
2026-09-14T02:10:27Z 28746304
2026-09-14T02:10:28Z 28812152
2026-09-14T02:10:29Z 28878372
2026-09-14T02:10:30Z 28827796
2026-09-14T02:10:31Z 28861948
2026-09-14T02:10:32Z 28815444
2026-09-14T02:10:33Z 28754920
2026-09-14T02:10:34Z 28800048
2026-09-14T02:10:35Z 28831808
2026-09-14T02:10:36Z 28879912
2026-09-14T02:10:37Z 28942752
2026-09-14T02:10:38Z 28936480
2026-09-14T02:10:39Z 28939568
2026-09-14T02:10:40Z 29000648
2026-09-14T02:10:41Z 28892640
2026-09-14T02:10:42Z 28893660
2026-09-14T02:10:43Z 28879464
2026-09-14T02:10:44Z 28833212
2026-09-14T02:10:45Z 28842808
2026-09-14T02:10:46Z 28829752
2026-09-14T02:10:47Z 28860800
2026-09-14T02:10:48Z 28832956
2026-09-14T02:10:49Z 28865752
2026-09-14T02:10:50Z 28807880
2026-09-14T02:10:51Z 28852900
2026-09-14T02:10:52Z 28821204
2026-09-14T02:10:53Z 28843132
2026-09-14T02:10:54Z 28796540
2026-09-14T02:10:55Z 28854092
2026-09-14T02:10:56Z 28773540
2026-09-14T02:10:57Z 28786628
2026-09-14T02:10:58Z 28754096
2026-09-14T02:10:59Z 28786708
2026-09-14T02:11:00Z 28843944
2026-09-14T02:11:01Z 28849676
2026-09-14T02:11:02Z 28836044
2026-09-14T02:11:03Z 28837144
2026-09-14T02:11:04Z 28826304
2026-09-14T02:11:06Z 28867776
2026-09-14T02:11:07Z 28768660
2026-09-14T02:11:08Z 28806276
2026-09-14T02:11:09Z 28816736
2026-09-14T02:11:10Z 28809632
2026-09-14T02:11:11Z 28824576
2026-09-14T02:11:12Z 28828304
2026-09-14T02:11:13Z 28831176
2026-09-14T02:11:14Z 28847092
2026-09-14T02:11:15Z 28849512
2026-09-14T02:11:16Z 28865552
2026-09-14T02:11:17Z 28869728
2026-09-14T02:11:18Z 28859948
2026-09-14T02:11:19Z 28878364
2026-09-14T02:11:20Z 28848396
2026-09-14T02:11:21Z 28803288
2026-09-14T02:11:22Z 28798076
2026-09-14T02:11:23Z 28760056
2026-09-14T02:11:24Z 28822800
2026-09-14T02:11:25Z 28914840
2026-09-14T02:11:26Z 28841920
2026-09-14T02:11:27Z 28883260
2026-09-14T02:11:28Z 28868036
2026-09-14T02:11:29Z 28848600
2026-09-14T02:11:30Z 28835432
2026-09-14T02:11:31Z 28788040
2026-09-14T02:11:32Z 28848240
2026-09-14T02:11:33Z 28906812
2026-09-14T02:11:34Z 28861640
2026-09-14T02:11:35Z 28821048
2026-09-14T02:11:36Z 28805708
2026-09-14T02:11:37Z 28883732
2026-09-14T02:11:38Z 28838636
2026-09-14T02:11:39Z 28864992
2026-09-14T02:11:40Z 28871768
2026-09-14T02:11:41Z 28859544
2026-09-14T02:11:42Z 28866952
2026-09-14T02:11:43Z 28837432
2026-09-14T02:11:44Z 28849152
2026-09-14T02:11:45Z 28887820
2026-09-14T02:11:46Z 28854352
2026-09-14T02:11:47Z 28862336
2026-09-14T02:11:48Z 28874616
2026-09-14T02:11:49Z 28847760
2026-09-14T02:11:50Z 28799612
2026-09-14T02:11:51Z 28826268
2026-09-14T02:11:52Z 28814196
2026-09-14T02:11:53Z 28836480
2026-09-14T02:11:54Z 28847752
2026-09-14T02:11:55Z 28860072
2026-09-14T02:11:56Z 28847424
2026-09-14T02:11:57Z 28847520
2026-09-14T02:11:58Z 28912728
2026-09-14T02:11:59Z 28999500
2026-09-14T02:12:00Z 28944660
2026-09-14T02:12:01Z 28864096
2026-09-14T02:12:02Z 28863768
2026-09-14T02:12:03Z 28844324
2026-09-14T02:12:04Z 28871448
2026-09-14T02:12:06Z 28825204
2026-09-14T02:12:07Z 28851632
2026-09-14T02:12:08Z 28865732
2026-09-14T02:12:09Z 28870812
2026-09-14T02:12:10Z 28889636
2026-09-14T02:12:11Z 28870956
2026-09-14T02:12:12Z 28872908
2026-09-14T02:12:13Z 28908068
2026-09-14T02:12:14Z 28910428
2026-09-14T02:12:15Z 28929704
2026-09-14T02:12:16Z 28918420
2026-09-14T02:12:17Z 28906884
2026-09-14T02:12:18Z 28876664
2026-09-14T02:12:19Z 28835608
2026-09-14T02:12:20Z 28886128
2026-09-14T02:12:21Z 28900072
2026-09-14T02:12:22Z 28936056
2026-09-14T02:12:23Z 28916068
2026-09-14T02:12:24Z 28936844
2026-09-14T02:12:25Z 28941328
2026-09-14T02:12:26Z 28969276
2026-09-14T02:12:27Z 28975760
2026-09-14T02:12:28Z 28923352
2026-09-14T02:12:29Z 28969324
2026-09-14T02:12:30Z 28914568
2026-09-14T02:12:31Z 28910444
2026-09-14T02:12:32Z 28886900
2026-09-14T02:12:33Z 28952680
2026-09-14T02:12:34Z 28902484
2026-09-14T02:12:35Z 28913480
2026-09-14T02:12:36Z 28903668
2026-09-14T02:12:37Z 28926944
2026-09-14T02:12:38Z 28893808
2026-09-14T02:12:39Z 28891228
2026-09-14T02:12:40Z 28868580
2026-09-14T02:12:41Z 28883204
2026-09-14T02:12:42Z 28848484
2026-09-14T02:12:43Z 28885332
2026-09-14T02:12:44Z 28865136
2026-09-14T02:12:45Z 28877628
2026-09-14T02:12:46Z 28825108
2026-09-14T02:12:47Z 28799020
2026-09-14T02:12:48Z 28805224
2026-09-14T02:12:49Z 28911016
2026-09-14T02:12:50Z 28870540
2026-09-14T02:12:51Z 28840064
2026-09-14T02:12:52Z 28810180
2026-09-14T02:12:53Z 28750576
2026-09-14T02:12:54Z 28644148
2026-09-14T02:12:55Z 28608936
2026-09-14T02:12:56Z 28619100
2026-09-14T02:12:57Z 28621928
2026-09-14T02:12:58Z 28627164
2026-09-14T02:12:59Z 28640176
2026-09-14T02:13:00Z 28655688
2026-09-14T02:13:01Z 28669848
2026-09-14T02:13:02Z 28674584
2026-09-14T02:13:03Z 28680740
2026-09-14T02:13:04Z 28693924
2026-09-14T02:13:05Z 28705044
2026-09-14T02:13:07Z 28714616
2026-09-14T02:13:08Z 28719384
2026-09-14T02:13:09Z 28722040
2026-09-14T02:13:10Z 28726724
2026-09-14T02:13:11Z 29059912
2026-09-14T02:13:12Z 29035836
2026-09-14T02:13:13Z 29039300
2026-09-14T02:13:14Z 28924168
2026-09-14T02:13:15Z 28910656
2026-09-14T02:13:16Z 28765784
2026-09-14T02:13:17Z 28725748
2026-09-14T02:13:18Z 28741880
2026-09-14T02:13:19Z 28791976
2026-09-14T02:13:20Z 28793048
2026-09-14T02:13:21Z 28910384
2026-09-14T02:13:22Z 28847824
2026-09-14T02:13:23Z 28591824
2026-09-14T02:13:24Z 28348232
2026-09-14T02:13:25Z 28090184
2026-09-14T02:13:26Z 27847516
2026-09-14T02:13:27Z 27606724
2026-09-14T02:13:28Z 27340696
2026-09-14T02:13:29Z 27051188
