-- The C compiler identification is Clang 22.1.8
-- The CXX compiler identification is Clang 22.1.8
-- Detecting C compiler ABI info
-- Detecting C compiler ABI info - done
-- Check for working C compiler: /usr/sbin/clang - skipped
-- Detecting C compile features
-- Detecting C compile features - done
-- Detecting CXX compiler ABI info
-- Detecting CXX compiler ABI info - done
-- Check for working CXX compiler: /usr/sbin/clang++ - skipped
-- Detecting CXX compile features
-- Detecting CXX compile features - done
-- The ASM compiler identification is Clang with GNU-like command-line
-- Found assembler: /usr/sbin/clang
-- Performing Test CMAKE_HAVE_LIBC_PTHREAD
-- Performing Test CMAKE_HAVE_LIBC_PTHREAD - Success
-- Found Threads: TRUE
-- CMAKE_SYSTEM_PROCESSOR: x86_64
-- GGML_SYSTEM_ARCH: x86
-- Found OpenMP_C: -fopenmp=libomp (found version "5.1")
-- Found OpenMP_CXX: -fopenmp=libomp (found version "5.1")
-- Found OpenMP: TRUE (found version "5.1")
-- Found Vulkan: /usr/lib64/libvulkan.so (found version "1.4.341") found components: glslc missing components: glslangValidator
-- Vulkan found
-- GL_KHR_cooperative_matrix supported by glslc
-- GL_NV_cooperative_matrix2 supported by glslc
-- GL_NV_cooperative_matrix_decode_vector not supported by glslc
-- GL_EXT_integer_dot_product supported by glslc
-- GL_EXT_bfloat16 supported by glslc
-- GL_EXT_float_e2m1 not supported by glslc
-- GL_EXT_float_e4m3 supported by glslc
-- Including Vulkan backend
-- ggml version: 0.23.0
-- ggml commit:  unknown
-- Configuring done (1.8s)
-- Generating done (0.0s)
-- Build files have been written to: /var/home/agent/workspace/reports/xe-master-agentic-20260914/build-vulkan-parent
[0/2] Re-checking globbed directories...
[1/388] Creating directories for 'vulkan-shaders-gen'
[2/388] No download step for 'vulkan-shaders-gen'
[3/388] No update step for 'vulkan-shaders-gen'
[4/388] No patch step for 'vulkan-shaders-gen'
[5/388] Performing configure step for 'vulkan-shaders-gen'
-- The C compiler identification is GNU 16.1.1
-- The CXX compiler identification is GNU 16.1.1
-- Detecting C compiler ABI info
-- Detecting C compiler ABI info - done
-- Check for working C compiler: /usr/sbin/cc - skipped
-- Detecting C compile features
-- Detecting C compile features - done
-- Detecting CXX compiler ABI info
-- Detecting CXX compiler ABI info - done
-- Check for working CXX compiler: /usr/sbin/c++ - skipped
-- Detecting CXX compile features
-- Detecting CXX compile features - done
-- Performing Test CMAKE_HAVE_LIBC_PTHREAD
-- Performing Test CMAKE_HAVE_LIBC_PTHREAD - Success
-- Found Threads: TRUE
-- Enabling coopmat glslc support
-- Enabling coopmat2 glslc support
-- Enabling dot glslc support
-- Enabling bfloat16 glslc support
-- Enabling E4M3 glslc support
-- Configuring done (0.5s)
-- Generating done (0.0s)
-- Build files have been written to: /var/home/agent/workspace/reports/xe-master-agentic-20260914/build-vulkan-parent/ggml/src/ggml-vulkan/vulkan-shaders-gen-prefix/src/vulkan-shaders-gen-build
[6/388] Building C object ggml/src/CMakeFiles/ggml-base.dir/ggml.c.o
[7/388] Building CXX object ggml/src/CMakeFiles/ggml-base.dir/ggml.cpp.o
[8/388] Building C object ggml/src/CMakeFiles/ggml-base.dir/ggml-alloc.c.o
[9/388] Building CXX object ggml/src/CMakeFiles/ggml-base.dir/ggml-backend.cpp.o
[10/388] Building CXX object ggml/src/CMakeFiles/ggml-base.dir/ggml-backend-meta.cpp.o
[11/388] Building CXX object ggml/src/CMakeFiles/ggml-base.dir/ggml-opt.cpp.o
[12/388] Building CXX object ggml/src/CMakeFiles/ggml-base.dir/ggml-threading.cpp.o
[13/388] Building C object ggml/src/CMakeFiles/ggml-base.dir/ggml-quants.c.o
[14/388] Building C object ggml/src/CMakeFiles/ggml-base.dir/ggml-turbo-quant.c.o
/var/home/agent/workspace/reports/xe-master-agentic-20260914/vulkan-source/ggml/src/ggml-turbo-quant.c:28:14: warning: 'extern' variable has an initializer [-Wextern-initializer]
   28 | GGML_API int turbo3_cpu_wht_group_size = 0;
      |              ^
1 warning generated.
[15/388] Building CXX object ggml/src/CMakeFiles/ggml-base.dir/gguf.cpp.o
[16/388] Performing build step for 'vulkan-shaders-gen'
[1/2] Building CXX object CMakeFiles/vulkan-shaders-gen.dir/vulkan-shaders-gen.cpp.o
[2/2] Linking CXX executable vulkan-shaders-gen
[17/388] Linking CXX shared library bin/libggml-base.so.0.23.0
[18/388] Performing install step for 'vulkan-shaders-gen'
-- Installing: /var/home/agent/workspace/reports/xe-master-agentic-20260914/build-vulkan-parent/Release/./vulkan-shaders-gen
[19/388] Creating library symlink bin/libggml-base.so.0 bin/libggml-base.so
[20/388] Completed 'vulkan-shaders-gen'
[21/388] Generate vulkan shaders header
[22/388] Generate vulkan shaders for abs.comp
CMake Warning:
  Expected depfile does not exist.

    /var/home/agent/workspace/reports/xe-master-agentic-20260914/build-vulkan-parent/ggml/src/ggml-vulkan/abs.comp.cpp.d


[23/388] Generate vulkan shaders for acc.comp
[24/388] Generate vulkan shaders for add.comp
[25/388] Generate vulkan shaders for add1.comp
[26/388] Generate vulkan shaders for add_id.comp
[27/388] Generate vulkan shaders for arange.comp
[28/388] Generate vulkan shaders for argmax.comp
[29/388] Generate vulkan shaders for argsort.comp
[30/388] Generate vulkan shaders for argsort_large.comp
[31/388] Generate vulkan shaders for ceil.comp
CMake Warning:
  Expected depfile does not exist.

    /var/home/agent/workspace/reports/xe-master-agentic-20260914/build-vulkan-parent/ggml/src/ggml-vulkan/ceil.comp.cpp.d


[32/388] Generate vulkan shaders for clamp.comp
CMake Warning:
  Expected depfile does not exist.

    /var/home/agent/workspace/reports/xe-master-agentic-20260914/build-vulkan-parent/ggml/src/ggml-vulkan/clamp.comp.cpp.d


[33/388] Generate vulkan shaders for col2im_1d.comp
[34/388] Generate vulkan shaders for concat.comp
[35/388] Generate vulkan shaders for contig_copy.comp
[36/388] Generate vulkan shaders for conv2d_dw.comp
[37/388] Generate vulkan shaders for conv2d_mm.comp
[38/388] Generate vulkan shaders for conv3d_mm.comp
[39/388] Generate vulkan shaders for conv_transpose_1d.comp
[40/388] Generate vulkan shaders for copy.comp
[41/388] Generate vulkan shaders for copy_from_quant.comp
[42/388] Generate vulkan shaders for copy_to_quant.comp
[43/388] Generate vulkan shaders for copy_transpose.comp
[44/388] Generate vulkan shaders for copy_transpose_02.comp
[45/388] Generate vulkan shaders for cos.comp
CMake Warning:
  Expected depfile does not exist.

    /var/home/agent/workspace/reports/xe-master-agentic-20260914/build-vulkan-parent/ggml/src/ggml-vulkan/cos.comp.cpp.d


[46/388] Generate vulkan shaders for count_equal.comp
[47/388] Generate vulkan shaders for count_experts.comp
[48/388] Generate vulkan shaders for cross_entropy_loss.comp
[49/388] Generate vulkan shaders for cross_entropy_loss_back.comp
[50/388] Generate vulkan shaders for cumsum.comp
[51/388] Generate vulkan shaders for cumsum_multipass1.comp
[52/388] Generate vulkan shaders for cumsum_multipass2.comp
[53/388] Generate vulkan shaders for dequant_f32.comp
[54/388] Generate vulkan shaders for dequant_iq1_m.comp
[55/388] Generate vulkan shaders for dequant_iq1_s.comp
[56/388] Generate vulkan shaders for dequant_iq2_s.comp
[57/388] Generate vulkan shaders for dequant_iq2_xs.comp
[58/388] Generate vulkan shaders for dequant_iq2_xxs.comp
[59/388] Generate vulkan shaders for dequant_iq3_s.comp
[60/388] Generate vulkan shaders for dequant_iq3_xxs.comp
[61/388] Generate vulkan shaders for dequant_iq4_nl.comp
[62/388] Generate vulkan shaders for dequant_iq4_xs.comp
[63/388] Generate vulkan shaders for dequant_mxfp4.comp
[64/388] Generate vulkan shaders for dequant_nvfp4.comp
[65/388] Generate vulkan shaders for dequant_q1_0.comp
[66/388] Generate vulkan shaders for dequant_q2_0.comp
[67/388] Generate vulkan shaders for dequant_q2_k.comp
[68/388] Generate vulkan shaders for dequant_q3_k.comp
[69/388] Generate vulkan shaders for dequant_q4_0.comp
[70/388] Generate vulkan shaders for dequant_q4_1.comp
[71/388] Generate vulkan shaders for dequant_q4_k.comp
[72/388] Generate vulkan shaders for dequant_q5_0.comp
[73/388] Generate vulkan shaders for dequant_q5_1.comp
[74/388] Generate vulkan shaders for dequant_q5_k.comp
[75/388] Generate vulkan shaders for dequant_q6_k.comp
[76/388] Generate vulkan shaders for dequant_q8_0.comp
[77/388] Generate vulkan shaders for dequant_tq1_0.comp
[78/388] Generate vulkan shaders for dequant_tq2_0.comp
[79/388] Generate vulkan shaders for dequant_tq4_1s.comp
CMake Warning:
  Expected depfile does not exist.

    /var/home/agent/workspace/reports/xe-master-agentic-20260914/build-vulkan-parent/ggml/src/ggml-vulkan/dequant_tq4_1s.comp.cpp.d


[80/388] Generate vulkan shaders for dequant_turbo3_0.comp
CMake Warning:
  Expected depfile does not exist.

    /var/home/agent/workspace/reports/xe-master-agentic-20260914/build-vulkan-parent/ggml/src/ggml-vulkan/dequant_turbo3_0.comp.cpp.d


[81/388] Generate vulkan shaders for diag.comp
[82/388] Generate vulkan shaders for diag_mask_inf.comp
[83/388] Generate vulkan shaders for div.comp
[84/388] Generate vulkan shaders for dsv4_hc_comb.comp
[85/388] Generate vulkan shaders for dsv4_hc_post.comp
[86/388] Generate vulkan shaders for dsv4_hc_pre.comp
[87/388] Generate vulkan shaders for elu.comp
CMake Warning:
  Expected depfile does not exist.

    /var/home/agent/workspace/reports/xe-master-agentic-20260914/build-vulkan-parent/ggml/src/ggml-vulkan/elu.comp.cpp.d


[88/388] Generate vulkan shaders for exp.comp
CMake Warning:
  Expected depfile does not exist.

    /var/home/agent/workspace/reports/xe-master-agentic-20260914/build-vulkan-parent/ggml/src/ggml-vulkan/exp.comp.cpp.d


[89/388] Generate vulkan shaders for fill.comp
[90/388] Generate vulkan shaders for flash_attn.comp
[91/388] Generate vulkan shaders for flash_attn_cm1.comp
[92/388] Generate vulkan shaders for flash_attn_cm2.comp
[93/388] Generate vulkan shaders for flash_attn_mask_opt.comp
[94/388] Generate vulkan shaders for flash_attn_split_k_reduce.comp
[95/388] Generate vulkan shaders for floor.comp
CMake Warning:
  Expected depfile does not exist.

    /var/home/agent/workspace/reports/xe-master-agentic-20260914/build-vulkan-parent/ggml/src/ggml-vulkan/floor.comp.cpp.d


[96/388] Generate vulkan shaders for fwht.comp
[97/388] Generate vulkan shaders for gated_delta_net.comp
[98/388] Generate vulkan shaders for geglu.comp
[99/388] Generate vulkan shaders for geglu_erf.comp
[100/388] Generate vulkan shaders for geglu_quick.comp
[101/388] Generate vulkan shaders for gelu.comp
CMake Warning:
  Expected depfile does not exist.

    /var/home/agent/workspace/reports/xe-master-agentic-20260914/build-vulkan-parent/ggml/src/ggml-vulkan/gelu.comp.cpp.d


[102/388] Generate vulkan shaders for gelu_erf.comp
CMake Warning:
  Expected depfile does not exist.

    /var/home/agent/workspace/reports/xe-master-agentic-20260914/build-vulkan-parent/ggml/src/ggml-vulkan/gelu_erf.comp.cpp.d


[103/388] Generate vulkan shaders for gelu_quick.comp
CMake Warning:
  Expected depfile does not exist.

    /var/home/agent/workspace/reports/xe-master-agentic-20260914/build-vulkan-parent/ggml/src/ggml-vulkan/gelu_quick.comp.cpp.d


[104/388] Generate vulkan shaders for get_rows.comp
[105/388] Generate vulkan shaders for get_rows_back.comp
[106/388] Generate vulkan shaders for get_rows_quant.comp
[107/388] Generate vulkan shaders for gla.comp
[108/388] Generate vulkan shaders for group_norm.comp
[109/388] Generate vulkan shaders for hardsigmoid.comp
CMake Warning:
  Expected depfile does not exist.

    /var/home/agent/workspace/reports/xe-master-agentic-20260914/build-vulkan-parent/ggml/src/ggml-vulkan/hardsigmoid.comp.cpp.d


[110/388] Generate vulkan shaders for hardswish.comp
CMake Warning:
  Expected depfile does not exist.

    /var/home/agent/workspace/reports/xe-master-agentic-20260914/build-vulkan-parent/ggml/src/ggml-vulkan/hardswish.comp.cpp.d


[111/388] Generate vulkan shaders for im2col.comp
[112/388] Generate vulkan shaders for im2col_3d.comp
[113/388] Generate vulkan shaders for l2_norm.comp
[114/388] Generate vulkan shaders for leaky_relu.comp
CMake Warning:
  Expected depfile does not exist.

    /var/home/agent/workspace/reports/xe-master-agentic-20260914/build-vulkan-parent/ggml/src/ggml-vulkan/leaky_relu.comp.cpp.d


[115/388] Generate vulkan shaders for lightning_indexer.comp
[116/388] Generate vulkan shaders for log.comp
[117/388] Generate vulkan shaders for mul.comp
[118/388] Generate vulkan shaders for mul_mat_split_k_reduce.comp
[119/388] Generate vulkan shaders for mul_mat_vec.comp
[120/388] Generate vulkan shaders for mul_mat_vec_iq1_m.comp
[121/388] Generate vulkan shaders for mul_mat_vec_iq1_s.comp
[122/388] Generate vulkan shaders for mul_mat_vec_iq2_s.comp
[123/388] Generate vulkan shaders for mul_mat_vec_iq2_xs.comp
[124/388] Generate vulkan shaders for mul_mat_vec_iq2_xxs.comp
[125/388] Generate vulkan shaders for mul_mat_vec_iq3_s.comp
[126/388] Generate vulkan shaders for mul_mat_vec_iq3_xxs.comp
[127/388] Generate vulkan shaders for mul_mat_vec_iq4_xs.comp
[128/388] Generate vulkan shaders for mul_mat_vec_nc.comp
[129/388] Generate vulkan shaders for mul_mat_vec_p021.comp
[130/388] Generate vulkan shaders for mul_mat_vec_q2_k.comp
[131/388] Generate vulkan shaders for mul_mat_vec_q3_k.comp
[132/388] Generate vulkan shaders for mul_mat_vec_q4_k.comp
[133/388] Generate vulkan shaders for mul_mat_vec_q5_k.comp
[134/388] Generate vulkan shaders for mul_mat_vec_q6_k.comp
[135/388] Generate vulkan shaders for mul_mat_vec_tq1_0.comp
[136/388] Generate vulkan shaders for mul_mat_vec_tq2_0.comp
[137/388] Generate vulkan shaders for mul_mat_vec_tq4_1s.comp
CMake Warning:
  Expected depfile does not exist.

    /var/home/agent/workspace/reports/xe-master-agentic-20260914/build-vulkan-parent/ggml/src/ggml-vulkan/mul_mat_vec_tq4_1s.comp.cpp.d


[138/388] Generate vulkan shaders for mul_mat_vecq.comp
[139/388] Generate vulkan shaders for mul_mm.comp
[140/388] Generate vulkan shaders for mul_mm_cm2.comp
[141/388] Generate vulkan shaders for mul_mmq.comp
[142/388] Generate vulkan shaders for multi_add.comp
[143/388] Generate vulkan shaders for neg.comp
CMake Warning:
  Expected depfile does not exist.

    /var/home/agent/workspace/reports/xe-master-agentic-20260914/build-vulkan-parent/ggml/src/ggml-vulkan/neg.comp.cpp.d


[144/388] Generate vulkan shaders for norm.comp
[145/388] Generate vulkan shaders for opt_step_adamw.comp
[146/388] Generate vulkan shaders for opt_step_sgd.comp
[147/388] Generate vulkan shaders for out_prod.comp
[148/388] Generate vulkan shaders for pad.comp
[149/388] Generate vulkan shaders for pad_reflect_1d.comp
[150/388] Generate vulkan shaders for pool1d.comp
[151/388] Generate vulkan shaders for pool2d.comp
[152/388] Generate vulkan shaders for quantize_q8_1.comp
[153/388] Generate vulkan shaders for reglu.comp
[154/388] Generate vulkan shaders for relu.comp
CMake Warning:
  Expected depfile does not exist.

    /var/home/agent/workspace/reports/xe-master-agentic-20260914/build-vulkan-parent/ggml/src/ggml-vulkan/relu.comp.cpp.d


[155/388] Generate vulkan shaders for repeat.comp
[156/388] Generate vulkan shaders for repeat_back.comp
[157/388] Generate vulkan shaders for rms_norm.comp
[158/388] Generate vulkan shaders for rms_norm_back.comp
[159/388] Generate vulkan shaders for rms_norm_partials.comp
[160/388] Generate vulkan shaders for roll.comp
[161/388] Generate vulkan shaders for rope_multi.comp
[162/388] Generate vulkan shaders for rope_neox.comp
[163/388] Generate vulkan shaders for rope_norm.comp
[164/388] Generate vulkan shaders for rope_vision.comp
[165/388] Generate vulkan shaders for round.comp
CMake Warning:
  Expected depfile does not exist.

    /var/home/agent/workspace/reports/xe-master-agentic-20260914/build-vulkan-parent/ggml/src/ggml-vulkan/round.comp.cpp.d


[166/388] Generate vulkan shaders for scale.comp
[167/388] Generate vulkan shaders for sgn.comp
CMake Warning:
  Expected depfile does not exist.

    /var/home/agent/workspace/reports/xe-master-agentic-20260914/build-vulkan-parent/ggml/src/ggml-vulkan/sgn.comp.cpp.d


[168/388] Generate vulkan shaders for sigmoid.comp
CMake Warning:
  Expected depfile does not exist.

    /var/home/agent/workspace/reports/xe-master-agentic-20260914/build-vulkan-parent/ggml/src/ggml-vulkan/sigmoid.comp.cpp.d


[169/388] Generate vulkan shaders for silu.comp
CMake Warning:
  Expected depfile does not exist.

    /var/home/agent/workspace/reports/xe-master-agentic-20260914/build-vulkan-parent/ggml/src/ggml-vulkan/silu.comp.cpp.d


[170/388] Generate vulkan shaders for silu_back.comp
[171/388] Generate vulkan shaders for sin.comp
CMake Warning:
  Expected depfile does not exist.

    /var/home/agent/workspace/reports/xe-master-agentic-20260914/build-vulkan-parent/ggml/src/ggml-vulkan/sin.comp.cpp.d


[172/388] Generate vulkan shaders for snake.comp
[173/388] Generate vulkan shaders for soft_max.comp
[174/388] Generate vulkan shaders for soft_max_back.comp
[175/388] Generate vulkan shaders for soft_max_large1.comp
[176/388] Generate vulkan shaders for soft_max_large2.comp
[177/388] Generate vulkan shaders for soft_max_large3.comp
[178/388] Generate vulkan shaders for softplus.comp
CMake Warning:
  Expected depfile does not exist.

    /var/home/agent/workspace/reports/xe-master-agentic-20260914/build-vulkan-parent/ggml/src/ggml-vulkan/softplus.comp.cpp.d


[179/388] Generate vulkan shaders for solve_tri.comp
[180/388] Generate vulkan shaders for sqrt.comp
CMake Warning:
  Expected depfile does not exist.

    /var/home/agent/workspace/reports/xe-master-agentic-20260914/build-vulkan-parent/ggml/src/ggml-vulkan/sqrt.comp.cpp.d


[181/388] Generate vulkan shaders for square.comp
CMake Warning:
  Expected depfile does not exist.

    /var/home/agent/workspace/reports/xe-master-agentic-20260914/build-vulkan-parent/ggml/src/ggml-vulkan/square.comp.cpp.d


[182/388] Generate vulkan shaders for ssm_conv.comp
[183/388] Generate vulkan shaders for ssm_scan.comp
[184/388] Generate vulkan shaders for step.comp
CMake Warning:
  Expected depfile does not exist.

    /var/home/agent/workspace/reports/xe-master-agentic-20260914/build-vulkan-parent/ggml/src/ggml-vulkan/step.comp.cpp.d


[185/388] Generate vulkan shaders for sub.comp
[186/388] Generate vulkan shaders for sum_rows.comp
[187/388] Generate vulkan shaders for swiglu.comp
[188/388] Generate vulkan shaders for swiglu_clamp.comp
[189/388] Generate vulkan shaders for swiglu_oai.comp
[190/388] Generate vulkan shaders for tanh.comp
CMake Warning:
  Expected depfile does not exist.

    /var/home/agent/workspace/reports/xe-master-agentic-20260914/build-vulkan-parent/ggml/src/ggml-vulkan/tanh.comp.cpp.d


[191/388] Generate vulkan shaders for timestep_embedding.comp
[192/388] Generate vulkan shaders for topk_argsort.comp
[193/388] Generate vulkan shaders for topk_moe.comp
[194/388] Generate vulkan shaders for topk_nary_search.comp
[195/388] Generate vulkan shaders for topk_radix_select.comp
[196/388] Generate vulkan shaders for tri.comp
[197/388] Generate vulkan shaders for trunc.comp
CMake Warning:
  Expected depfile does not exist.

    /var/home/agent/workspace/reports/xe-master-agentic-20260914/build-vulkan-parent/ggml/src/ggml-vulkan/trunc.comp.cpp.d


[198/388] Generate vulkan shaders for turbo_wht.comp
CMake Warning:
  Expected depfile does not exist.

    /var/home/agent/workspace/reports/xe-master-agentic-20260914/build-vulkan-parent/ggml/src/ggml-vulkan/turbo_wht.comp.cpp.d


[199/388] Generate vulkan shaders for unary.comp
[200/388] Generate vulkan shaders for upscale.comp
[201/388] Generate vulkan shaders for wkv6.comp
[202/388] Generate vulkan shaders for wkv7.comp
[203/388] Generate vulkan shaders for xielu.comp
CMake Warning:
  Expected depfile does not exist.

    /var/home/agent/workspace/reports/xe-master-agentic-20260914/build-vulkan-parent/ggml/src/ggml-vulkan/xielu.comp.cpp.d


[204/388] Building CXX object ggml/src/ggml-vulkan/CMakeFiles/ggml-vulkan.dir/ggml-vulkan.cpp.o
[205/388] Building CXX object ggml/src/ggml-vulkan/CMakeFiles/ggml-vulkan.dir/abs.comp.cpp.o
[206/388] Building CXX object ggml/src/ggml-vulkan/CMakeFiles/ggml-vulkan.dir/acc.comp.cpp.o
[207/388] Building CXX object ggml/src/ggml-vulkan/CMakeFiles/ggml-vulkan.dir/add.comp.cpp.o
[208/388] Building CXX object ggml/src/ggml-vulkan/CMakeFiles/ggml-vulkan.dir/add1.comp.cpp.o
[209/388] Building CXX object ggml/src/ggml-vulkan/CMakeFiles/ggml-vulkan.dir/add_id.comp.cpp.o
[210/388] Building CXX object ggml/src/ggml-vulkan/CMakeFiles/ggml-vulkan.dir/arange.comp.cpp.o
[211/388] Building CXX object ggml/src/ggml-vulkan/CMakeFiles/ggml-vulkan.dir/argmax.comp.cpp.o
[212/388] Building CXX object ggml/src/ggml-vulkan/CMakeFiles/ggml-vulkan.dir/argsort.comp.cpp.o
[213/388] Building CXX object ggml/src/ggml-vulkan/CMakeFiles/ggml-vulkan.dir/argsort_large.comp.cpp.o
[214/388] Building CXX object ggml/src/ggml-vulkan/CMakeFiles/ggml-vulkan.dir/ceil.comp.cpp.o
[215/388] Building CXX object ggml/src/ggml-vulkan/CMakeFiles/ggml-vulkan.dir/clamp.comp.cpp.o
[216/388] Building CXX object ggml/src/ggml-vulkan/CMakeFiles/ggml-vulkan.dir/col2im_1d.comp.cpp.o
[217/388] Building CXX object ggml/src/ggml-vulkan/CMakeFiles/ggml-vulkan.dir/concat.comp.cpp.o
[218/388] Building CXX object ggml/src/ggml-vulkan/CMakeFiles/ggml-vulkan.dir/contig_copy.comp.cpp.o
[219/388] Building CXX object ggml/src/ggml-vulkan/CMakeFiles/ggml-vulkan.dir/conv2d_dw.comp.cpp.o
[220/388] Building CXX object ggml/src/ggml-vulkan/CMakeFiles/ggml-vulkan.dir/conv2d_mm.comp.cpp.o
[221/388] Building CXX object ggml/src/ggml-vulkan/CMakeFiles/ggml-vulkan.dir/conv3d_mm.comp.cpp.o
[222/388] Building CXX object ggml/src/ggml-vulkan/CMakeFiles/ggml-vulkan.dir/conv_transpose_1d.comp.cpp.o
[223/388] Building CXX object ggml/src/ggml-vulkan/CMakeFiles/ggml-vulkan.dir/copy.comp.cpp.o
[224/388] Building CXX object ggml/src/ggml-vulkan/CMakeFiles/ggml-vulkan.dir/copy_from_quant.comp.cpp.o
[225/388] Building CXX object ggml/src/ggml-vulkan/CMakeFiles/ggml-vulkan.dir/copy_to_quant.comp.cpp.o
[226/388] Building CXX object ggml/src/ggml-vulkan/CMakeFiles/ggml-vulkan.dir/copy_transpose.comp.cpp.o
[227/388] Building CXX object ggml/src/ggml-vulkan/CMakeFiles/ggml-vulkan.dir/copy_transpose_02.comp.cpp.o
[228/388] Building CXX object ggml/src/ggml-vulkan/CMakeFiles/ggml-vulkan.dir/cos.comp.cpp.o
[229/388] Building CXX object ggml/src/ggml-vulkan/CMakeFiles/ggml-vulkan.dir/count_equal.comp.cpp.o
[230/388] Building CXX object ggml/src/ggml-vulkan/CMakeFiles/ggml-vulkan.dir/count_experts.comp.cpp.o
[231/388] Building CXX object ggml/src/ggml-vulkan/CMakeFiles/ggml-vulkan.dir/cross_entropy_loss.comp.cpp.o
[232/388] Building CXX object ggml/src/ggml-vulkan/CMakeFiles/ggml-vulkan.dir/cross_entropy_loss_back.comp.cpp.o
[233/388] Building CXX object ggml/src/ggml-vulkan/CMakeFiles/ggml-vulkan.dir/cumsum.comp.cpp.o
[234/388] Building CXX object ggml/src/ggml-vulkan/CMakeFiles/ggml-vulkan.dir/cumsum_multipass1.comp.cpp.o
[235/388] Building CXX object ggml/src/ggml-vulkan/CMakeFiles/ggml-vulkan.dir/cumsum_multipass2.comp.cpp.o
[236/388] Building CXX object ggml/src/ggml-vulkan/CMakeFiles/ggml-vulkan.dir/dequant_f32.comp.cpp.o
[237/388] Building CXX object ggml/src/ggml-vulkan/CMakeFiles/ggml-vulkan.dir/dequant_iq1_m.comp.cpp.o
[238/388] Building CXX object ggml/src/ggml-vulkan/CMakeFiles/ggml-vulkan.dir/dequant_iq1_s.comp.cpp.o
[239/388] Building CXX object ggml/src/ggml-vulkan/CMakeFiles/ggml-vulkan.dir/dequant_iq2_s.comp.cpp.o
[240/388] Building CXX object ggml/src/ggml-vulkan/CMakeFiles/ggml-vulkan.dir/dequant_iq2_xs.comp.cpp.o
[241/388] Building CXX object ggml/src/ggml-vulkan/CMakeFiles/ggml-vulkan.dir/dequant_iq2_xxs.comp.cpp.o
[242/388] Building CXX object ggml/src/ggml-vulkan/CMakeFiles/ggml-vulkan.dir/dequant_iq3_s.comp.cpp.o
[243/388] Building CXX object ggml/src/ggml-vulkan/CMakeFiles/ggml-vulkan.dir/dequant_iq3_xxs.comp.cpp.o
[244/388] Building CXX object ggml/src/ggml-vulkan/CMakeFiles/ggml-vulkan.dir/dequant_iq4_nl.comp.cpp.o
[245/388] Building CXX object ggml/src/ggml-vulkan/CMakeFiles/ggml-vulkan.dir/dequant_iq4_xs.comp.cpp.o
[246/388] Building CXX object ggml/src/ggml-vulkan/CMakeFiles/ggml-vulkan.dir/dequant_mxfp4.comp.cpp.o
[247/388] Building CXX object ggml/src/ggml-vulkan/CMakeFiles/ggml-vulkan.dir/dequant_nvfp4.comp.cpp.o
[248/388] Building CXX object ggml/src/ggml-vulkan/CMakeFiles/ggml-vulkan.dir/dequant_q1_0.comp.cpp.o
[249/388] Building CXX object ggml/src/ggml-vulkan/CMakeFiles/ggml-vulkan.dir/dequant_q2_0.comp.cpp.o
[250/388] Building CXX object ggml/src/ggml-vulkan/CMakeFiles/ggml-vulkan.dir/dequant_q2_k.comp.cpp.o
[251/388] Building CXX object ggml/src/ggml-vulkan/CMakeFiles/ggml-vulkan.dir/dequant_q3_k.comp.cpp.o
[252/388] Building CXX object ggml/src/ggml-vulkan/CMakeFiles/ggml-vulkan.dir/dequant_q4_0.comp.cpp.o
[253/388] Building CXX object ggml/src/ggml-vulkan/CMakeFiles/ggml-vulkan.dir/dequant_q4_1.comp.cpp.o
[254/388] Building CXX object ggml/src/ggml-vulkan/CMakeFiles/ggml-vulkan.dir/dequant_q4_k.comp.cpp.o
[255/388] Building CXX object ggml/src/ggml-vulkan/CMakeFiles/ggml-vulkan.dir/dequant_q5_0.comp.cpp.o
[256/388] Building CXX object ggml/src/ggml-vulkan/CMakeFiles/ggml-vulkan.dir/dequant_q5_1.comp.cpp.o
[257/388] Building CXX object ggml/src/ggml-vulkan/CMakeFiles/ggml-vulkan.dir/dequant_q5_k.comp.cpp.o
[258/388] Building CXX object ggml/src/ggml-vulkan/CMakeFiles/ggml-vulkan.dir/dequant_q6_k.comp.cpp.o
[259/388] Building CXX object ggml/src/ggml-vulkan/CMakeFiles/ggml-vulkan.dir/dequant_q8_0.comp.cpp.o
[260/388] Building CXX object ggml/src/ggml-vulkan/CMakeFiles/ggml-vulkan.dir/dequant_tq1_0.comp.cpp.o
[261/388] Building CXX object ggml/src/ggml-vulkan/CMakeFiles/ggml-vulkan.dir/dequant_tq2_0.comp.cpp.o
[262/388] Building CXX object ggml/src/ggml-vulkan/CMakeFiles/ggml-vulkan.dir/dequant_tq4_1s.comp.cpp.o
[263/388] Building CXX object ggml/src/ggml-vulkan/CMakeFiles/ggml-vulkan.dir/dequant_turbo3_0.comp.cpp.o
[264/388] Building CXX object ggml/src/ggml-vulkan/CMakeFiles/ggml-vulkan.dir/diag.comp.cpp.o
[265/388] Building CXX object ggml/src/ggml-vulkan/CMakeFiles/ggml-vulkan.dir/diag_mask_inf.comp.cpp.o
[266/388] Building CXX object ggml/src/ggml-vulkan/CMakeFiles/ggml-vulkan.dir/div.comp.cpp.o
[267/388] Building CXX object ggml/src/ggml-vulkan/CMakeFiles/ggml-vulkan.dir/dsv4_hc_comb.comp.cpp.o
[268/388] Building CXX object ggml/src/ggml-vulkan/CMakeFiles/ggml-vulkan.dir/dsv4_hc_post.comp.cpp.o
[269/388] Building CXX object ggml/src/ggml-vulkan/CMakeFiles/ggml-vulkan.dir/dsv4_hc_pre.comp.cpp.o
[270/388] Building CXX object ggml/src/ggml-vulkan/CMakeFiles/ggml-vulkan.dir/elu.comp.cpp.o
[271/388] Building CXX object ggml/src/ggml-vulkan/CMakeFiles/ggml-vulkan.dir/exp.comp.cpp.o
[272/388] Building CXX object ggml/src/ggml-vulkan/CMakeFiles/ggml-vulkan.dir/fill.comp.cpp.o
[273/388] Building CXX object ggml/src/ggml-vulkan/CMakeFiles/ggml-vulkan.dir/flash_attn.comp.cpp.o
[274/388] Building CXX object ggml/src/ggml-vulkan/CMakeFiles/ggml-vulkan.dir/flash_attn_cm1.comp.cpp.o
[275/388] Building CXX object ggml/src/ggml-vulkan/CMakeFiles/ggml-vulkan.dir/flash_attn_cm2.comp.cpp.o
[276/388] Building CXX object ggml/src/ggml-vulkan/CMakeFiles/ggml-vulkan.dir/flash_attn_mask_opt.comp.cpp.o
[277/388] Building CXX object ggml/src/ggml-vulkan/CMakeFiles/ggml-vulkan.dir/flash_attn_split_k_reduce.comp.cpp.o
[278/388] Building CXX object ggml/src/ggml-vulkan/CMakeFiles/ggml-vulkan.dir/floor.comp.cpp.o
[279/388] Building CXX object ggml/src/ggml-vulkan/CMakeFiles/ggml-vulkan.dir/fwht.comp.cpp.o
[280/388] Building CXX object ggml/src/ggml-vulkan/CMakeFiles/ggml-vulkan.dir/gated_delta_net.comp.cpp.o
[281/388] Building CXX object ggml/src/ggml-vulkan/CMakeFiles/ggml-vulkan.dir/geglu.comp.cpp.o
[282/388] Building CXX object ggml/src/ggml-vulkan/CMakeFiles/ggml-vulkan.dir/geglu_erf.comp.cpp.o
[283/388] Building CXX object ggml/src/ggml-vulkan/CMakeFiles/ggml-vulkan.dir/geglu_quick.comp.cpp.o
[284/388] Building CXX object ggml/src/ggml-vulkan/CMakeFiles/ggml-vulkan.dir/gelu.comp.cpp.o
[285/388] Building CXX object ggml/src/ggml-vulkan/CMakeFiles/ggml-vulkan.dir/gelu_erf.comp.cpp.o
[286/388] Building CXX object ggml/src/ggml-vulkan/CMakeFiles/ggml-vulkan.dir/gelu_quick.comp.cpp.o
[287/388] Building CXX object ggml/src/ggml-vulkan/CMakeFiles/ggml-vulkan.dir/get_rows.comp.cpp.o
[288/388] Building CXX object ggml/src/ggml-vulkan/CMakeFiles/ggml-vulkan.dir/get_rows_back.comp.cpp.o
[289/388] Building CXX object ggml/src/ggml-vulkan/CMakeFiles/ggml-vulkan.dir/get_rows_quant.comp.cpp.o
[290/388] Building CXX object ggml/src/ggml-vulkan/CMakeFiles/ggml-vulkan.dir/gla.comp.cpp.o
[291/388] Building CXX object ggml/src/ggml-vulkan/CMakeFiles/ggml-vulkan.dir/group_norm.comp.cpp.o
[292/388] Building CXX object ggml/src/ggml-vulkan/CMakeFiles/ggml-vulkan.dir/hardsigmoid.comp.cpp.o
[293/388] Building CXX object ggml/src/ggml-vulkan/CMakeFiles/ggml-vulkan.dir/hardswish.comp.cpp.o
[294/388] Building CXX object ggml/src/ggml-vulkan/CMakeFiles/ggml-vulkan.dir/im2col.comp.cpp.o
[295/388] Building CXX object ggml/src/ggml-vulkan/CMakeFiles/ggml-vulkan.dir/im2col_3d.comp.cpp.o
[296/388] Building CXX object ggml/src/ggml-vulkan/CMakeFiles/ggml-vulkan.dir/l2_norm.comp.cpp.o
[297/388] Building CXX object ggml/src/ggml-vulkan/CMakeFiles/ggml-vulkan.dir/leaky_relu.comp.cpp.o
[298/388] Building CXX object ggml/src/ggml-vulkan/CMakeFiles/ggml-vulkan.dir/lightning_indexer.comp.cpp.o
[299/388] Building CXX object ggml/src/ggml-vulkan/CMakeFiles/ggml-vulkan.dir/log.comp.cpp.o
[300/388] Building CXX object ggml/src/ggml-vulkan/CMakeFiles/ggml-vulkan.dir/mul.comp.cpp.o
[301/388] Building CXX object ggml/src/ggml-vulkan/CMakeFiles/ggml-vulkan.dir/mul_mat_split_k_reduce.comp.cpp.o
[302/388] Building CXX object ggml/src/ggml-vulkan/CMakeFiles/ggml-vulkan.dir/mul_mat_vec.comp.cpp.o
[303/388] Building CXX object ggml/src/ggml-vulkan/CMakeFiles/ggml-vulkan.dir/mul_mat_vec_iq1_m.comp.cpp.o
[304/388] Building CXX object ggml/src/ggml-vulkan/CMakeFiles/ggml-vulkan.dir/mul_mat_vec_iq1_s.comp.cpp.o
[305/388] Building CXX object ggml/src/ggml-vulkan/CMakeFiles/ggml-vulkan.dir/mul_mat_vec_iq2_s.comp.cpp.o
[306/388] Building CXX object ggml/src/ggml-vulkan/CMakeFiles/ggml-vulkan.dir/mul_mat_vec_iq2_xs.comp.cpp.o
[307/388] Building CXX object ggml/src/ggml-vulkan/CMakeFiles/ggml-vulkan.dir/mul_mat_vec_iq2_xxs.comp.cpp.o
[308/388] Building CXX object ggml/src/ggml-vulkan/CMakeFiles/ggml-vulkan.dir/mul_mat_vec_iq3_s.comp.cpp.o
[309/388] Building CXX object ggml/src/ggml-vulkan/CMakeFiles/ggml-vulkan.dir/mul_mat_vec_iq3_xxs.comp.cpp.o
[310/388] Building CXX object ggml/src/ggml-vulkan/CMakeFiles/ggml-vulkan.dir/mul_mat_vec_iq4_xs.comp.cpp.o
[311/388] Building CXX object ggml/src/ggml-vulkan/CMakeFiles/ggml-vulkan.dir/mul_mat_vec_nc.comp.cpp.o
[312/388] Building CXX object ggml/src/ggml-vulkan/CMakeFiles/ggml-vulkan.dir/mul_mat_vec_p021.comp.cpp.o
[313/388] Building CXX object ggml/src/ggml-vulkan/CMakeFiles/ggml-vulkan.dir/mul_mat_vec_q2_k.comp.cpp.o
[314/388] Building CXX object ggml/src/ggml-vulkan/CMakeFiles/ggml-vulkan.dir/mul_mat_vec_q3_k.comp.cpp.o
[315/388] Building CXX object ggml/src/ggml-vulkan/CMakeFiles/ggml-vulkan.dir/mul_mat_vec_q4_k.comp.cpp.o
[316/388] Building CXX object ggml/src/ggml-vulkan/CMakeFiles/ggml-vulkan.dir/mul_mat_vec_q5_k.comp.cpp.o
[317/388] Building CXX object ggml/src/ggml-vulkan/CMakeFiles/ggml-vulkan.dir/mul_mat_vec_q6_k.comp.cpp.o
[318/388] Building CXX object ggml/src/ggml-vulkan/CMakeFiles/ggml-vulkan.dir/mul_mat_vec_tq1_0.comp.cpp.o
[319/388] Building CXX object ggml/src/ggml-vulkan/CMakeFiles/ggml-vulkan.dir/mul_mat_vec_tq2_0.comp.cpp.o
[320/388] Building CXX object ggml/src/ggml-vulkan/CMakeFiles/ggml-vulkan.dir/mul_mat_vec_tq4_1s.comp.cpp.o
[321/388] Building CXX object ggml/src/ggml-vulkan/CMakeFiles/ggml-vulkan.dir/mul_mat_vecq.comp.cpp.o
[322/388] Building CXX object ggml/src/ggml-vulkan/CMakeFiles/ggml-vulkan.dir/mul_mm.comp.cpp.o
FAILED: [code=137] ggml/src/ggml-vulkan/CMakeFiles/ggml-vulkan.dir/mul_mm.comp.cpp.o 
/usr/sbin/clang++ -DGGML_BACKEND_BUILD -DGGML_BACKEND_DL -DGGML_BACKEND_SHARED -DGGML_SCHED_MAX_COPIES=4 -DGGML_SHARED -DGGML_VULKAN_BFLOAT16_GLSLC_SUPPORT -DGGML_VULKAN_COOPMAT2_GLSLC_SUPPORT -DGGML_VULKAN_COOPMAT_GLSLC_SUPPORT -DGGML_VULKAN_FLOAT_E4M3_GLSLC_SUPPORT -DGGML_VULKAN_INTEGER_DOT_GLSLC_SUPPORT -D_GNU_SOURCE -D_XOPEN_SOURCE=600 -Dggml_vulkan_EXPORTS -I/var/home/agent/workspace/reports/xe-master-agentic-20260914/vulkan-source/ggml/src/ggml-vulkan/.. -I/var/home/agent/workspace/reports/xe-master-agentic-20260914/build-vulkan-parent/ggml/src/ggml-vulkan -I/var/home/agent/workspace/reports/xe-master-agentic-20260914/vulkan-source/ggml/src/../include -O3 -DNDEBUG -std=gnu++17 -fPIC -Wmissing-declarations -Wmissing-noreturn -Wall -Wextra -Wpedantic -Wcast-qual -Wno-unused-function -Wunreachable-code-break -Wunreachable-code-return -Wmissing-prototypes -Wextra-semi -MD -MT ggml/src/ggml-vulkan/CMakeFiles/ggml-vulkan.dir/mul_mm.comp.cpp.o -MF ggml/src/ggml-vulkan/CMakeFiles/ggml-vulkan.dir/mul_mm.comp.cpp.o.d -o ggml/src/ggml-vulkan/CMakeFiles/ggml-vulkan.dir/mul_mm.comp.cpp.o -c /var/home/agent/workspace/reports/xe-master-agentic-20260914/build-vulkan-parent/ggml/src/ggml-vulkan/mul_mm.comp.cpp
ninja: build stopped: subcommand failed.
memory.peak
2147483648
memory.swap.peak
0
memory.events
low 0
high 0
max 7
oom 0
oom_kill 1
oom_group_kill 0
sock_throttled 0
cpu.stat
usage_usec 240949548
user_usec 205491213
system_usec 35458335
nice_usec 0
core_sched.force_idle_usec 0
nr_periods 2422
nr_throttled 0
throttled_usec 0
nr_bursts 0
burst_usec 0
