PASS speech state
true
{"label":"restore","device":"vulkan","wall_ms":151.3201279999994,"package_j":2.504022,"timings":{"restore_ms":149.99},"n_read":300164740,"token_hash":null}
{"label":"tail","device":"vulkan","wall_ms":17094.582346,"package_j":372.659752,"timings":{"cache_n":16384,"prompt_n":1022,"prompt_ms":17082.76,"prompt_per_token_ms":16.715029354207434,"prompt_per_second":59.82639807618909,"predicted_n":1,"predicted_ms":0.001,"predicted_per_token_ms":0,"predicted_per_second":0},"token_hash":"4f53cda18c2baa0c0354bb5f9a3ecbe5ed12ab4d8e11ba873c2f11161202b945"}
FINISHED position-16384-0-256 true
{"label":"restore","device":"vulkan","wall_ms":142.8845570000003,"package_j":2.246637,"timings":{"restore_ms":141.074},"n_read":300164740,"token_hash":null}
{"label":"tail","device":"vulkan","wall_ms":17276.405290000002,"package_j":370.250395,"timings":{"cache_n":16384,"prompt_n":1022,"prompt_ms":17266.557,"prompt_per_token_ms":16.8948698630137,"prompt_per_second":59.18956512291362,"predicted_n":1,"predicted_ms":0.001,"predicted_per_token_ms":0,"predicted_per_second":0},"token_hash":"4f53cda18c2baa0c0354bb5f9a3ecbe5ed12ab4d8e11ba873c2f11161202b945"}
FINISHED position-16384-1-1024 true
{"label":"restore","device":"vulkan","wall_ms":149.70979199999965,"package_j":2.249933,"timings":{"restore_ms":148.313},"n_read":300164740,"token_hash":null}
{"label":"tail","device":"vulkan","wall_ms":16752.222834,"package_j":368.86252,"timings":{"cache_n":16384,"prompt_n":1022,"prompt_ms":16738.673,"prompt_per_token_ms":16.37834931506849,"prompt_per_second":61.05621395435588,"predicted_n":1,"predicted_ms":0.001,"predicted_per_token_ms":0,"predicted_per_second":0},"token_hash":"4f53cda18c2baa0c0354bb5f9a3ecbe5ed12ab4d8e11ba873c2f11161202b945"}
{"label":"save","device":"vulkan","wall_ms":6313.531494999999,"package_j":52.651599,"timings":{"save_ms":6311.845},"n_written":316925540,"token_hash":null}
FINISHED position-16384-2-1024 true
{"label":"restore","device":"vulkan","wall_ms":158.59011400000054,"package_j":2.402826,"timings":{"restore_ms":157.099},"n_read":300164740,"token_hash":null}
{"label":"tail","device":"vulkan","wall_ms":16541.182556,"package_j":369.722869,"timings":{"cache_n":16384,"prompt_n":1022,"prompt_ms":16529.259,"prompt_per_token_ms":16.173443248532287,"prompt_per_second":61.82975292479839,"predicted_n":1,"predicted_ms":0.001,"predicted_per_token_ms":0,"predicted_per_second":0},"token_hash":"4f53cda18c2baa0c0354bb5f9a3ecbe5ed12ab4d8e11ba873c2f11161202b945"}
{"label":"save","device":"vulkan","wall_ms":5635.351867000001,"package_j":48.871579,"timings":{"save_ms":5634.065},"n_written":316925540,"token_hash":null}
FINISHED position-16384-3-256 true
{"label":"restore","device":"vulkan","wall_ms":280.92996500000027,"package_j":4.177724,"timings":{"restore_ms":279.559},"n_read":568862340,"token_hash":null}
{"label":"tail","device":"vulkan","wall_ms":19474.814358999996,"package_j":466.86764,"timings":{"cache_n":32768,"prompt_n":1022,"prompt_ms":19453.607,"prompt_per_token_ms":19.034840508806262,"prompt_per_second":52.53524449219108,"predicted_n":1,"predicted_ms":0.001,"predicted_per_token_ms":0,"predicted_per_second":0},"token_hash":"4f53cda18c2baa0c0354bb5f9a3ecbe5ed12ab4d8e11ba873c2f11161202b945"}
FINISHED position-32768-0-256 true
{"label":"restore","device":"vulkan","wall_ms":290.0756709999996,"package_j":4.29723,"timings":{"restore_ms":286.774},"n_read":568862340,"token_hash":null}
{"label":"tail","device":"vulkan","wall_ms":22534.057274,"package_j":485.403238,"timings":{"cache_n":32768,"prompt_n":1022,"prompt_ms":22509.766,"prompt_per_token_ms":22.025211350293542,"prompt_per_second":45.402515512600175,"predicted_n":1,"predicted_ms":0.001,"predicted_per_token_ms":0,"predicted_per_second":0},"token_hash":"4f53cda18c2baa0c0354bb5f9a3ecbe5ed12ab4d8e11ba873c2f11161202b945"}
FINISHED position-32768-1-1024 true
{"label":"restore","device":"vulkan","wall_ms":273.5317239999995,"package_j":4.220448,"timings":{"restore_ms":271.953},"n_read":568862340,"token_hash":null}
{"label":"tail","device":"vulkan","wall_ms":22317.459608999998,"package_j":481.126942,"timings":{"cache_n":32768,"prompt_n":1022,"prompt_ms":22298.388,"prompt_per_token_ms":21.818383561643834,"prompt_per_second":45.832909535882145,"predicted_n":1,"predicted_ms":0.001,"predicted_per_token_ms":0,"predicted_per_second":0},"token_hash":"4f53cda18c2baa0c0354bb5f9a3ecbe5ed12ab4d8e11ba873c2f11161202b945"}
{"label":"save","device":"vulkan","wall_ms":9085.433701000002,"package_j":75.92516,"timings":{"save_ms":9083.865},"n_written":585623140,"token_hash":null}
FINISHED position-32768-2-1024 true
{"label":"restore","device":"vulkan","wall_ms":291.32211499999994,"package_j":4.153554,"timings":{"restore_ms":289.943},"n_read":568862340,"token_hash":null}
{"label":"tail","device":"vulkan","wall_ms":20129.664659000002,"package_j":467.222558,"timings":{"cache_n":32768,"prompt_n":1022,"prompt_ms":20108.211,"prompt_per_token_ms":19.675353228962816,"prompt_per_second":50.82500874891357,"predicted_n":1,"predicted_ms":0.001,"predicted_per_token_ms":0,"predicted_per_second":0},"token_hash":"4f53cda18c2baa0c0354bb5f9a3ecbe5ed12ab4d8e11ba873c2f11161202b945"}
{"label":"save","device":"vulkan","wall_ms":7389.442789999997,"package_j":59.147371,"timings":{"save_ms":7388.075},"n_written":585623140,"token_hash":null}
FINISHED position-32768-3-256 true
{"label":"restore","device":"vulkan","wall_ms":410.437457,"package_j":5.894882,"timings":{"restore_ms":409.138},"n_read":837559940,"token_hash":null}
{"label":"tail","device":"vulkan","wall_ms":22725.360491,"package_j":577.341418,"timings":{"cache_n":49152,"prompt_n":1022,"prompt_ms":22700.615,"prompt_per_token_ms":22.211952054794523,"prompt_per_second":45.020806705016575,"predicted_n":1,"predicted_ms":0.001,"predicted_per_token_ms":0,"predicted_per_second":0},"token_hash":"4f53cda18c2baa0c0354bb5f9a3ecbe5ed12ab4d8e11ba873c2f11161202b945"}
FINISHED position-49152-0-256 true
{"label":"restore","device":"vulkan","wall_ms":397.1521990000001,"package_j":6.186752,"timings":{"restore_ms":395.333},"n_read":837559940,"token_hash":null}
{"label":"tail","device":"vulkan","wall_ms":22508.216687,"package_j":565.134662,"timings":{"cache_n":49152,"prompt_n":1022,"prompt_ms":22481.819,"prompt_per_token_ms":21.997865949119372,"prompt_per_second":45.45895507832351,"predicted_n":1,"predicted_ms":0.001,"predicted_per_token_ms":0,"predicted_per_second":0},"token_hash":"4f53cda18c2baa0c0354bb5f9a3ecbe5ed12ab4d8e11ba873c2f11161202b945"}
FINISHED position-49152-1-1024 true
{"label":"restore","device":"vulkan","wall_ms":423.43562399999973,"package_j":6.219954,"timings":{"restore_ms":422.191},"n_read":837559940,"token_hash":null}
{"label":"tail","device":"vulkan","wall_ms":22684.195105,"package_j":565.3127,"timings":{"cache_n":49152,"prompt_n":1022,"prompt_ms":22657.775,"prompt_per_token_ms":22.170034246575344,"prompt_per_second":45.105929421578246,"predicted_n":1,"predicted_ms":0.001,"predicted_per_token_ms":0,"predicted_per_second":0},"token_hash":"4f53cda18c2baa0c0354bb5f9a3ecbe5ed12ab4d8e11ba873c2f11161202b945"}
{"label":"save","device":"vulkan","wall_ms":7209.456116000001,"package_j":60.758207,"timings":{"save_ms":7208.879},"n_written":854320740,"token_hash":null}
FINISHED position-49152-2-1024 true
{"label":"restore","device":"vulkan","wall_ms":407.72060800000054,"package_j":6.214462,"timings":{"restore_ms":406.51},"n_read":837559940,"token_hash":null}
{"label":"tail","device":"vulkan","wall_ms":22643.893111,"package_j":577.184863,"timings":{"cache_n":49152,"prompt_n":1022,"prompt_ms":22616.218,"prompt_per_token_ms":22.129371819960863,"prompt_per_second":45.188810967421695,"predicted_n":1,"predicted_ms":0.001,"predicted_per_token_ms":0,"predicted_per_second":0},"token_hash":"4f53cda18c2baa0c0354bb5f9a3ecbe5ed12ab4d8e11ba873c2f11161202b945"}
{"label":"save","device":"vulkan","wall_ms":5385.156414000001,"package_j":49.968012,"timings":{"save_ms":5382.762},"n_written":854320740,"token_hash":null}
FINISHED position-49152-3-256 true
