GGML_CPU_WHOLE_TOKEN_PROFILE kind=op name=ADD family=other calls=21540 wall_us=266271 active_thread_us=1448024 capacity_us=2130168 logical_read_bytes=79090082560 logical_write_bytes=10538341120
GGML_CPU_WHOLE_TOKEN_PROFILE kind=op name=MUL family=other calls=7470 wall_us=1031842 active_thread_us=6338368 capacity_us=8254736 logical_read_bytes=13701044380 logical_write_bytes=11590972160
GGML_CPU_WHOLE_TOKEN_PROFILE kind=op name=DIV family=other calls=2010 wall_us=4455 active_thread_us=11740 capacity_us=35640 logical_read_bytes=4625820 logical_write_bytes=4111840
GGML_CPU_WHOLE_TOKEN_PROFILE kind=op name=SUM_ROWS family=other calls=2010 wall_us=4132 active_thread_us=5518 capacity_us=33056 logical_read_bytes=4111840 logical_write_bytes=513980
GGML_CPU_WHOLE_TOKEN_PROFILE kind=op name=CONCAT family=other calls=1530 wall_us=1628014 active_thread_us=1632858 capacity_us=13024112 logical_read_bytes=3273441280 logical_write_bytes=3273441280
GGML_CPU_WHOLE_TOKEN_PROFILE kind=op name=RMS_NORM family=other calls=6918 wall_us=278872 active_thread_us=1806715 capacity_us=2230976 logical_read_bytes=4949630976 logical_write_bytes=4384884736
GGML_CPU_WHOLE_TOKEN_PROFILE kind=op name=L2_NORM family=other calls=2880 wall_us=112646 active_thread_us=697157 capacity_us=901168 logical_read_bytes=6088949760 logical_write_bytes=1539932160
GGML_CPU_WHOLE_TOKEN_PROFILE kind=op name=MUL_MAT family=matrix calls=22038 wall_us=31605229 active_thread_us=245577495 capacity_us=252841832 logical_read_bytes=108727396352 logical_write_bytes=10084796860
GGML_CPU_WHOLE_TOKEN_PROFILE kind=op name=MUL_MAT_ID family=matrix calls=6030 wall_us=37757601 active_thread_us=300934648 capacity_us=302060808 logical_read_bytes=657199427008 logical_write_bytes=12631572480
GGML_CPU_WHOLE_TOKEN_PROFILE kind=op name=SCALE family=other calls=2880 wall_us=17908 active_thread_us=14336 capacity_us=143264 logical_read_bytes=131727360 logical_write_bytes=131727360
GGML_CPU_WHOLE_TOKEN_PROFILE kind=op name=CPY family=copy calls=8640 wall_us=286085 active_thread_us=1602743 capacity_us=2288680 logical_read_bytes=28081375800 logical_write_bytes=9421455360
GGML_CPU_WHOLE_TOKEN_PROFILE kind=op name=CONT family=copy calls=570 wall_us=24388 active_thread_us=152756 capacity_us=195104 logical_read_bytes=1130076160 logical_write_bytes=565329920
GGML_CPU_WHOLE_TOKEN_PROFILE kind=op name=GET_ROWS family=other calls=8089 wall_us=310056 active_thread_us=330851 capacity_us=2480448 logical_read_bytes=58801249080 logical_write_bytes=3218130072
GGML_CPU_WHOLE_TOKEN_PROFILE kind=op name=SET_ROWS family=copy calls=1140 wall_us=5983 active_thread_us=25269 capacity_us=47864 logical_read_bytes=5222235280 logical_write_bytes=5080350720
GGML_CPU_WHOLE_TOKEN_PROFILE kind=op name=SOFT_MAX family=attention calls=2010 wall_us=23011 active_thread_us=116476 capacity_us=184088 logical_read_bytes=131578880 logical_write_bytes=131578880
GGML_CPU_WHOLE_TOKEN_PROFILE kind=op name=ROPE family=attention calls=1140 wall_us=37055 active_thread_us=218462 capacity_us=296440 logical_read_bytes=637100320 logical_write_bytes=635996160
GGML_CPU_WHOLE_TOKEN_PROFILE kind=op name=CLAMP family=other calls=2010 wall_us=4532 active_thread_us=10269 capacity_us=36256 logical_read_bytes=513980 logical_write_bytes=513980
GGML_CPU_WHOLE_TOKEN_PROFILE kind=op name=PAD family=other calls=43 wall_us=42575 active_thread_us=69542 capacity_us=340600 logical_read_bytes=42711040 logical_write_bytes=85422080
GGML_CPU_WHOLE_TOKEN_PROFILE kind=op name=ARGSORT family=other calls=2010 wall_us=238308 active_thread_us=1593522 capacity_us=1906464 logical_read_bytes=131578880 logical_write_bytes=131578880
GGML_CPU_WHOLE_TOKEN_PROFILE kind=op name=TOP_K family=other calls=43 wall_us=8787 active_thread_us=8796 capacity_us=70296 logical_read_bytes=42711040 logical_write_bytes=1720
GGML_CPU_WHOLE_TOKEN_PROFILE kind=op name=FLASH_ATTN_EXT family=attention calls=570 wall_us=12536720 active_thread_us=94618185 capacity_us=100293760 logical_read_bytes=2224647680 logical_write_bytes=565329920
GGML_CPU_WHOLE_TOKEN_PROFILE kind=op name=SSM_CONV family=recurrent calls=1440 wall_us=576405 active_thread_us=3200198 capacity_us=4611240 logical_read_bytes=3410165760 logical_write_bytes=3079864320
GGML_CPU_WHOLE_TOKEN_PROFILE kind=op name=GATED_DELTA_NET family=recurrent calls=1440 wall_us=4319332 active_thread_us=26333367 capacity_us=34554656 logical_read_bytes=7640163840 logical_write_bytes=10599628800
GGML_CPU_WHOLE_TOKEN_PROFILE kind=op name=UNARY family=other calls=8340 wall_us=298938 active_thread_us=1558813 capacity_us=2391504 logical_read_bytes=5209701820 logical_write_bytes=5209701820
GGML_CPU_WHOLE_TOKEN_PROFILE kind=op name=GLU family=other calls=4020 wall_us=127151 active_thread_us=748910 capacity_us=1017208 logical_read_bytes=4736839680 logical_write_bytes=2368419840
GGML_CPU_WHOLE_TOKEN_PROFILE kind=family name=matrix calls=28068 wall_us=69362830 active_thread_us=546512143 capacity_us=554902640 idle_or_sync_us=8390497 logical_read_bytes=765926823360 logical_write_bytes=22716369340
GGML_CPU_WHOLE_TOKEN_PROFILE kind=family name=attention calls=3720 wall_us=12596786 active_thread_us=94953123 capacity_us=100774288 idle_or_sync_us=5821165 logical_read_bytes=2993326880 logical_write_bytes=1332904960
GGML_CPU_WHOLE_TOKEN_PROFILE kind=family name=recurrent calls=2880 wall_us=4895737 active_thread_us=29533565 capacity_us=39165896 idle_or_sync_us=9632331 logical_read_bytes=11050329600 logical_write_bytes=13679493120
GGML_CPU_WHOLE_TOKEN_PROFILE kind=family name=copy calls=10350 wall_us=316456 active_thread_us=1780768 capacity_us=2531648 idle_or_sync_us=750880 logical_read_bytes=34433687240 logical_write_bytes=15067136000
GGML_CPU_WHOLE_TOKEN_PROFILE kind=family name=other calls=71793 wall_us=4374487 active_thread_us=16275419 capacity_us=34995896 idle_or_sync_us=18720477 logical_read_bytes=176208919496 logical_write_bytes=42477693028
GGML_CPU_WHOLE_TOKEN_PROFILE kind=total graphs=138 graph_us=91568524 node_wall_us=91546296 active_thread_us=689055018 capacity_us=732370368 idle_or_sync_us=43315350 logical_read_bytes=990613086576 logical_write_bytes=95273596448
